************************************
* STARTING TRIAL 1
************************************
=============================================
Shuffling....
pre-shuffle:[0, 1, 2, 3, 4, 5, 6, 7, 8, 9, 10, 11, 12, 13, 14, 15, 16, 17, 18, 19, 20, 21, 22, 23, 24, 25, 26, 27, 28, 29, 30, 31, 32, 33, 34, 35, 36, 37, 38, 39, 40, 41, 42, 43, 44, 45, 46, 47, 48, 49, 50, 51, 52, 53, 54, 55, 56, 57, 58, 59, 60, 61, 62, 63, 64, 65, 66, 67, 68, 69, 70, 71, 72, 73, 74, 75, 76, 77, 78, 79, 80, 81, 82, 83, 84, 85, 86, 87, 88, 89, 90, 91, 92, 93, 94, 95, 96, 97, 98, 99]
post-shuffle:[23, 8, 11, 7, 48, 13, 1, 91, 94, 54, 16, 63, 52, 41, 80, 2, 47, 87, 78, 66, 19, 6, 24, 10, 59, 30, 22, 29, 83, 37, 93, 81, 43, 99, 86, 28, 34, 88, 44, 14, 84, 70, 4, 20, 15, 21, 31, 76, 57, 67, 73, 50, 69, 25, 98, 46, 96, 0, 72, 35, 58, 92, 3, 95, 56, 90, 26, 40, 55, 89, 75, 71, 60, 42, 9, 82, 39, 18, 77, 68, 32, 79, 12, 85, 36, 17, 64, 27, 74, 45, 61, 38, 51, 62, 65, 33, 5, 53, 97, 49]
=============================================
Files already downloaded and verified
Loading sup1k from pretrained/vit_base_patch16_224_augreg2_in21k_ft_in1k.bin ...
Total params: 86105956
Tune params: 307300
Tune ratio: 0.36
Prompt params: 230400
Prompt ratio: 0.27
Total parameters: 86105956
====================== 1 =======================
Incremental class: Old valid output dimension: 0
Incremental class: New Valid output dimension: 10
Optimizer is reset!
Total params: 86105956
Tune params: 307300
Tune ratio: 0.36
Prompt params: 230400
Prompt ratio: 0.27
[DEBUG] v1_config = {'lambda_pk': 0.0005, 'lambda_pv': 0.015, 'lambda_feat': 0.0, 'freq_threshold': 0.01, 'max_feature_memories': 0, 'route_balance_weight': 0.0002, 'route_prior_weight': 0.0001, 'route_prior_momentum': 0.7, 'use_split_lite': True, 'split_lite_components': ('e_pv',), 'split_lite_rank': 4, 'split_lite_alpha': 0.2, 'split_lite_interval': 20, 'split_lite_buffer_size': 24, 'split_lite_expert_threshold': 0.03, 'split_lite_active_topk': 16, 'split_lite_strict_current_topk': True, 'expert_usage_mode': 'cumulative', 'enable_usage_diagnostics': True, 'split_lite_min_task': 1, 'split_lite_basis_decay': 0.7, 'use_transient_prompt': False, 'transient_warmup_batches': 20, 'transient_lr': 0.001, 'transient_min_task': 1, 'transient_cp_bias_weight': 0.1, 'transient_protect_scale': 1.0, 'temperature': 1.0, 'key_temperature': 2.0, 'enable_diagnostic_log': False, 'diagnostic_log_interval': 50}
----------
Initial training...
Optimizer is reset!
Total params: 86105956
Tune params: 307300
Tune ratio: 0.36
Prompt params: 230400
Prompt ratio: 0.27
Epoch:1/10  * Loss 2.145 | Train Acc 28.425
Epoch:2/10  * Loss 2.112 | Train Acc 30.709
Epoch:3/10  * Loss 0.696 | Train Acc 78.486
Epoch:4/10  * Loss 0.265 | Train Acc 92.408
Epoch:5/10  * Loss 0.212 | Train Acc 93.369
Epoch:6/10  * Loss 0.174 | Train Acc 94.491
Epoch:7/10  * Loss 0.187 | Train Acc 94.211
Epoch:8/10  * Loss 0.154 | Train Acc 95.132
Epoch:9/10  * Loss 0.157 | Train Acc 94.972
Epoch:10/10  * Loss 0.139 | Train Acc 95.393
Optimizer is reset!
Total params: 86105956
Tune params: 307300
Tune ratio: 0.36
Prompt params: 230400
Prompt ratio: 0.27
Epoch:1/20  * Loss 0.259 | Train Acc 92.989
Epoch:2/20  * Loss 0.226 | Train Acc 93.630
Epoch:3/20  * Loss 0.257 | Train Acc 92.628
Epoch:4/20  * Loss 0.203 | Train Acc 93.950
Epoch:5/20  * Loss 0.174 | Train Acc 95.152
Epoch:6/20  * Loss 0.163 | Train Acc 95.052
Epoch:7/20  * Loss 0.163 | Train Acc 95.232
Epoch:8/20  * Loss 0.151 | Train Acc 95.192
Epoch:9/20  * Loss 0.164 | Train Acc 95.152
Epoch:10/20  * Loss 0.150 | Train Acc 95.593
Epoch:11/20  * Loss 0.143 | Train Acc 95.633
Epoch:12/20  * Loss 0.140 | Train Acc 95.633
Epoch:13/20  * Loss 0.128 | Train Acc 96.014
Epoch:14/20  * Loss 0.122 | Train Acc 96.334
Epoch:15/20  * Loss 0.126 | Train Acc 96.194
Epoch:16/20  * Loss 0.118 | Train Acc 96.534
Epoch:17/20  * Loss 0.119 | Train Acc 96.314
Epoch:18/20  * Loss 0.107 | Train Acc 96.655
Epoch:19/20  * Loss 0.117 | Train Acc 96.695
Epoch:20/20  * Loss 0.109 | Train Acc 96.715
----------
Selecting Experts...
----------
[v3] Saved e_pk snapshot: 1800 params
[v3] Saved e_pv snapshot: 1800 params
[v4-split-lite] Task 0 basis updated: {'e_pv': {'0': 4, '2': 4, '4': 4, '6': 4, '8': 4, '9': 4, '11': 4, '12': 4, '13': 4, '14': 4, '15': 4, '17': 4, '19': 4, '21': 4, '22': 4, '24': 4}}
[v3] Task 0 memory saved. Total old memories: 1
=> Saving class model to: outputs/cifar-100/10-task/v5-usage-cumulative-strictcurrent-max10-topk16/models/repeat-1/task-1/
=> Save Done
validation split name (local False): 1
 * Val Acc 98.700, Total time 3.48
Averaged accuracy for task 1: 98.7
====================== 2 =======================
Incremental class: Old valid output dimension: 10
Incremental class: New Valid output dimension: 20
Saving old prompts
Optimizer is reset!
Total params: 86105956
Tune params: 307300
Tune ratio: 0.36
Prompt params: 230400
Prompt ratio: 0.27
Epoch:1/20  * Loss 1.479 | Train Acc 61.098
Epoch:2/20  * Loss 1.442 | Train Acc 63.762
Epoch:3/20  * Loss 0.535 | Train Acc 84.696
Epoch:4/20  * Loss 0.360 | Train Acc 88.942
Epoch:5/20  * Loss 0.285 | Train Acc 90.605
Epoch:6/20  * Loss 0.290 | Train Acc 90.084
Epoch:7/20  * Loss 0.257 | Train Acc 90.946
Epoch:8/20  * Loss 0.256 | Train Acc 90.725
Epoch:9/20  * Loss 0.231 | Train Acc 91.587
Epoch:10/20  * Loss 0.228 | Train Acc 91.787
Epoch:11/20  * Loss 0.244 | Train Acc 91.506
Epoch:12/20  * Loss 0.239 | Train Acc 91.727
Epoch:13/20  * Loss 0.218 | Train Acc 92.468
Epoch:14/20  * Loss 0.224 | Train Acc 92.228
Epoch:15/20  * Loss 0.223 | Train Acc 92.248
Epoch:16/20  * Loss 0.216 | Train Acc 92.488
Epoch:17/20  * Loss 0.199 | Train Acc 93.189
Epoch:18/20  * Loss 0.201 | Train Acc 92.768
Epoch:19/20  * Loss 0.188 | Train Acc 93.550
Epoch:20/20  * Loss 0.203 | Train Acc 92.708
----------
Selecting Experts...
----------
[v3] Saved e_pk snapshot: 1800 params
[v3] Saved e_pv snapshot: 1800 params
[v4-split-lite] Task 1 basis updated: {'e_pv': {'0': 4, '2': 4, '3': 4, '4': 4, '6': 4, '7': 4, '8': 4, '9': 4, '11': 4, '12': 4, '13': 4, '15': 4, '17': 4, '21': 4, '22': 4, '24': 4}}
[v3] Task 1 memory saved. Total old memories: 2
Averaged stats: Lr: 0.000010  Loss: 0.0449  Acc@1: 97.6562 (98.0469)  Acc@5: 100.0000 (100.0000)
Averaged stats: Lr: 0.000010  Loss: 0.0724  Acc@1: 97.6562 (97.7344)  Acc@5: 100.0000 (100.0000)
Averaged stats: Lr: 0.000010  Loss: 0.0512  Acc@1: 97.6562 (97.8906)  Acc@5: 100.0000 (100.0000)
Averaged stats: Lr: 0.000010  Loss: 0.0485  Acc@1: 98.4375 (98.3594)  Acc@5: 100.0000 (100.0000)
Averaged stats: Lr: 0.000010  Loss: 0.0506  Acc@1: 98.4375 (98.5156)  Acc@5: 100.0000 (100.0000)
Averaged stats: Lr: 0.000010  Loss: 0.0616  Acc@1: 98.4375 (98.4375)  Acc@5: 100.0000 (100.0000)
Averaged stats: Lr: 0.000010  Loss: 0.0226  Acc@1: 98.4375 (98.5938)  Acc@5: 100.0000 (100.0000)
Averaged stats: Lr: 0.000009  Loss: 0.0231  Acc@1: 97.6562 (98.2812)  Acc@5: 100.0000 (100.0000)
Averaged stats: Lr: 0.000009  Loss: 0.0427  Acc@1: 98.4375 (98.2031)  Acc@5: 100.0000 (100.0000)
Averaged stats: Lr: 0.000009  Loss: 0.0406  Acc@1: 99.2188 (98.9844)  Acc@5: 100.0000 (100.0000)
Averaged stats: Lr: 0.000009  Loss: 0.0509  Acc@1: 99.2188 (98.8281)  Acc@5: 100.0000 (100.0000)
Averaged stats: Lr: 0.000009  Loss: 0.0280  Acc@1: 98.4375 (98.8281)  Acc@5: 100.0000 (100.0000)
Averaged stats: Lr: 0.000009  Loss: 0.0247  Acc@1: 99.2188 (98.5156)  Acc@5: 100.0000 (100.0000)
Averaged stats: Lr: 0.000008  Loss: 0.0212  Acc@1: 99.2188 (98.8281)  Acc@5: 100.0000 (100.0000)
Averaged stats: Lr: 0.000008  Loss: 0.0833  Acc@1: 98.4375 (98.3594)  Acc@5: 100.0000 (100.0000)
Averaged stats: Lr: 0.000008  Loss: 0.0284  Acc@1: 99.2188 (99.1406)  Acc@5: 100.0000 (100.0000)
Averaged stats: Lr: 0.000008  Loss: 0.0383  Acc@1: 99.2188 (98.9062)  Acc@5: 100.0000 (100.0000)
Averaged stats: Lr: 0.000007  Loss: 0.0460  Acc@1: 98.4375 (98.2812)  Acc@5: 100.0000 (100.0000)
Averaged stats: Lr: 0.000007  Loss: 0.0323  Acc@1: 98.4375 (98.9062)  Acc@5: 100.0000 (100.0000)
Averaged stats: Lr: 0.000007  Loss: 0.0338  Acc@1: 99.2188 (98.9062)  Acc@5: 100.0000 (100.0000)
Averaged stats: Lr: 0.000007  Loss: 0.0458  Acc@1: 98.4375 (98.7500)  Acc@5: 100.0000 (100.0000)
Averaged stats: Lr: 0.000006  Loss: 0.0347  Acc@1: 99.2188 (99.0625)  Acc@5: 100.0000 (100.0000)
Averaged stats: Lr: 0.000006  Loss: 0.0346  Acc@1: 98.4375 (98.5156)  Acc@5: 100.0000 (100.0000)
Averaged stats: Lr: 0.000006  Loss: 0.0294  Acc@1: 99.2188 (98.6719)  Acc@5: 100.0000 (100.0000)
Averaged stats: Lr: 0.000006  Loss: 0.0519  Acc@1: 99.2188 (98.8281)  Acc@5: 100.0000 (100.0000)
Averaged stats: Lr: 0.000005  Loss: 0.0657  Acc@1: 99.2188 (98.9062)  Acc@5: 100.0000 (100.0000)
Averaged stats: Lr: 0.000005  Loss: 0.0338  Acc@1: 97.6562 (97.7344)  Acc@5: 100.0000 (100.0000)
Averaged stats: Lr: 0.000005  Loss: 0.0518  Acc@1: 99.2188 (98.9062)  Acc@5: 100.0000 (100.0000)
Averaged stats: Lr: 0.000004  Loss: 0.0452  Acc@1: 98.4375 (98.9062)  Acc@5: 100.0000 (100.0000)
Averaged stats: Lr: 0.000004  Loss: 0.0547  Acc@1: 99.2188 (98.8281)  Acc@5: 100.0000 (100.0000)
Averaged stats: Lr: 0.000004  Loss: 0.0384  Acc@1: 98.4375 (98.5938)  Acc@5: 100.0000 (100.0000)
Averaged stats: Lr: 0.000004  Loss: 0.0767  Acc@1: 98.4375 (98.6719)  Acc@5: 100.0000 (100.0000)
Averaged stats: Lr: 0.000003  Loss: 0.0495  Acc@1: 99.2188 (98.8281)  Acc@5: 100.0000 (100.0000)
Averaged stats: Lr: 0.000003  Loss: 0.0255  Acc@1: 98.4375 (98.7500)  Acc@5: 100.0000 (100.0000)
Averaged stats: Lr: 0.000003  Loss: 0.0229  Acc@1: 98.4375 (98.7500)  Acc@5: 100.0000 (100.0000)
Averaged stats: Lr: 0.000003  Loss: 0.0457  Acc@1: 99.2188 (98.9844)  Acc@5: 100.0000 (100.0000)
Averaged stats: Lr: 0.000002  Loss: 0.0381  Acc@1: 99.2188 (99.0625)  Acc@5: 100.0000 (100.0000)
Averaged stats: Lr: 0.000002  Loss: 0.0366  Acc@1: 99.2188 (98.9062)  Acc@5: 100.0000 (100.0000)
Averaged stats: Lr: 0.000002  Loss: 0.0382  Acc@1: 98.4375 (98.4375)  Acc@5: 100.0000 (100.0000)
Averaged stats: Lr: 0.000002  Loss: 0.0508  Acc@1: 99.2188 (98.8281)  Acc@5: 100.0000 (100.0000)
Averaged stats: Lr: 0.000002  Loss: 0.0442  Acc@1: 98.4375 (98.6719)  Acc@5: 100.0000 (100.0000)
Averaged stats: Lr: 0.000002  Loss: 0.0256  Acc@1: 98.4375 (98.7500)  Acc@5: 100.0000 (100.0000)
Averaged stats: Lr: 0.000001  Loss: 0.0242  Acc@1: 98.4375 (98.7500)  Acc@5: 100.0000 (100.0000)
Averaged stats: Lr: 0.000001  Loss: 0.0481  Acc@1: 98.4375 (98.4375)  Acc@5: 100.0000 (100.0000)
Averaged stats: Lr: 0.000001  Loss: 0.0185  Acc@1: 99.2188 (99.2188)  Acc@5: 100.0000 (100.0000)
Averaged stats: Lr: 0.000001  Loss: 0.0267  Acc@1: 99.2188 (99.0625)  Acc@5: 100.0000 (100.0000)
Averaged stats: Lr: 0.000001  Loss: 0.0345  Acc@1: 99.2188 (98.9062)  Acc@5: 100.0000 (100.0000)
Averaged stats: Lr: 0.000001  Loss: 0.0429  Acc@1: 99.2188 (98.9062)  Acc@5: 100.0000 (100.0000)
Averaged stats: Lr: 0.000001  Loss: 0.0369  Acc@1: 99.2188 (98.8281)  Acc@5: 100.0000 (100.0000)
Averaged stats: Lr: 0.000001  Loss: 0.0457  Acc@1: 99.2188 (98.5938)  Acc@5: 100.0000 (100.0000)
=> Saving class model to: outputs/cifar-100/10-task/v5-usage-cumulative-strictcurrent-max10-topk16/models/repeat-1/task-2/
=> Save Done
validation split name (local False): 1
 * Val Acc 96.700, Total time 3.66
validation split name (local False): 2
 * Val Acc 92.000, Total time 3.46
Averaged accuracy for task 2: 94.35
====================== 3 =======================
Incremental class: Old valid output dimension: 20
Incremental class: New Valid output dimension: 30
Saving old prompts
Optimizer is reset!
Total params: 86105956
Tune params: 307300
Tune ratio: 0.36
Prompt params: 230400
Prompt ratio: 0.27
Epoch:1/20  * Loss 1.427 | Train Acc 69.191
Epoch:2/20  * Loss 1.387 | Train Acc 71.354
Epoch:3/20  * Loss 0.414 | Train Acc 90.104
Epoch:4/20  * Loss 0.207 | Train Acc 94.010
Epoch:5/20  * Loss 0.180 | Train Acc 94.812
Epoch:6/20  * Loss 0.173 | Train Acc 94.752
Epoch:7/20  * Loss 0.157 | Train Acc 95.152
Epoch:8/20  * Loss 0.138 | Train Acc 95.974
Epoch:9/20  * Loss 0.144 | Train Acc 96.074
Epoch:10/20  * Loss 0.156 | Train Acc 95.212
Epoch:11/20  * Loss 0.144 | Train Acc 95.513
Epoch:12/20  * Loss 0.148 | Train Acc 95.813
Epoch:13/20  * Loss 0.146 | Train Acc 95.793
Epoch:14/20  * Loss 0.130 | Train Acc 96.214
Epoch:15/20  * Loss 0.133 | Train Acc 96.394
Epoch:16/20  * Loss 0.134 | Train Acc 96.254
Epoch:17/20  * Loss 0.126 | Train Acc 96.314
Epoch:18/20  * Loss 0.124 | Train Acc 96.374
Epoch:19/20  * Loss 0.136 | Train Acc 95.893
Epoch:20/20  * Loss 0.124 | Train Acc 96.554
----------
Selecting Experts...
----------
[v3] Saved e_pk snapshot: 1800 params
[v3] Saved e_pv snapshot: 1800 params
[v4-split-lite] Task 2 basis updated: {'e_pv': {'0': 4, '2': 4, '3': 4, '4': 4, '6': 4, '7': 4, '8': 4, '9': 4, '10': 4, '11': 4, '12': 4, '13': 4, '15': 4, '17': 4, '22': 4, '24': 4}}
[v3] Task 2 memory saved. Total old memories: 3
Averaged stats: Lr: 0.000010  Loss: 0.0865  Acc@1: 96.8750 (97.3047)  Acc@5: 100.0000 (100.0000)
Averaged stats: Lr: 0.000010  Loss: 0.0875  Acc@1: 98.4375 (98.0078)  Acc@5: 100.0000 (100.0000)
Averaged stats: Lr: 0.000010  Loss: 0.0737  Acc@1: 97.6562 (98.0859)  Acc@5: 100.0000 (100.0000)
Averaged stats: Lr: 0.000010  Loss: 0.0481  Acc@1: 98.4375 (98.1641)  Acc@5: 100.0000 (100.0000)
Averaged stats: Lr: 0.000010  Loss: 0.0633  Acc@1: 97.6562 (97.8906)  Acc@5: 100.0000 (100.0000)
Averaged stats: Lr: 0.000010  Loss: 0.0483  Acc@1: 98.4375 (98.4766)  Acc@5: 100.0000 (100.0000)
Averaged stats: Lr: 0.000010  Loss: 0.0378  Acc@1: 98.4375 (98.5547)  Acc@5: 100.0000 (100.0000)
Averaged stats: Lr: 0.000009  Loss: 0.0353  Acc@1: 99.2188 (98.8672)  Acc@5: 100.0000 (100.0000)
Averaged stats: Lr: 0.000009  Loss: 0.0408  Acc@1: 97.6562 (98.1641)  Acc@5: 100.0000 (100.0000)
Averaged stats: Lr: 0.000009  Loss: 0.0287  Acc@1: 98.4375 (98.7891)  Acc@5: 100.0000 (100.0000)
Averaged stats: Lr: 0.000009  Loss: 0.0715  Acc@1: 99.2188 (98.7500)  Acc@5: 100.0000 (100.0000)
Averaged stats: Lr: 0.000009  Loss: 0.0309  Acc@1: 99.2188 (98.6328)  Acc@5: 100.0000 (100.0000)
Averaged stats: Lr: 0.000009  Loss: 0.0322  Acc@1: 98.4375 (98.3984)  Acc@5: 100.0000 (100.0000)
Averaged stats: Lr: 0.000008  Loss: 0.0519  Acc@1: 99.2188 (98.9453)  Acc@5: 100.0000 (100.0000)
Averaged stats: Lr: 0.000008  Loss: 0.0263  Acc@1: 99.2188 (99.0234)  Acc@5: 100.0000 (100.0000)
Averaged stats: Lr: 0.000008  Loss: 0.0234  Acc@1: 99.2188 (99.2188)  Acc@5: 100.0000 (100.0000)
Averaged stats: Lr: 0.000008  Loss: 0.0384  Acc@1: 99.2188 (98.8672)  Acc@5: 100.0000 (100.0000)
Averaged stats: Lr: 0.000007  Loss: 0.0330  Acc@1: 99.2188 (99.0234)  Acc@5: 100.0000 (100.0000)
Averaged stats: Lr: 0.000007  Loss: 0.0323  Acc@1: 99.2188 (99.2578)  Acc@5: 100.0000 (100.0000)
Averaged stats: Lr: 0.000007  Loss: 0.0483  Acc@1: 99.2188 (99.1016)  Acc@5: 100.0000 (100.0000)
Averaged stats: Lr: 0.000007  Loss: 0.0241  Acc@1: 99.2188 (99.3359)  Acc@5: 100.0000 (100.0000)
Averaged stats: Lr: 0.000006  Loss: 0.0280  Acc@1: 99.2188 (99.0234)  Acc@5: 100.0000 (100.0000)
Averaged stats: Lr: 0.000006  Loss: 0.0424  Acc@1: 99.2188 (99.2578)  Acc@5: 100.0000 (100.0000)
Averaged stats: Lr: 0.000006  Loss: 0.0405  Acc@1: 99.2188 (99.4141)  Acc@5: 100.0000 (100.0000)
Averaged stats: Lr: 0.000006  Loss: 0.0268  Acc@1: 99.2188 (99.3359)  Acc@5: 100.0000 (100.0000)
Averaged stats: Lr: 0.000005  Loss: 0.0593  Acc@1: 99.2188 (98.9844)  Acc@5: 100.0000 (100.0000)
Averaged stats: Lr: 0.000005  Loss: 0.0349  Acc@1: 99.2188 (98.7500)  Acc@5: 100.0000 (100.0000)
Averaged stats: Lr: 0.000005  Loss: 0.0298  Acc@1: 99.2188 (98.9453)  Acc@5: 100.0000 (100.0000)
Averaged stats: Lr: 0.000004  Loss: 0.0325  Acc@1: 99.2188 (99.2578)  Acc@5: 100.0000 (100.0000)
Averaged stats: Lr: 0.000004  Loss: 0.0365  Acc@1: 99.2188 (99.2969)  Acc@5: 100.0000 (100.0000)
Averaged stats: Lr: 0.000004  Loss: 0.0358  Acc@1: 100.0000 (99.6875)  Acc@5: 100.0000 (100.0000)
Averaged stats: Lr: 0.000004  Loss: 0.0500  Acc@1: 100.0000 (99.4922)  Acc@5: 100.0000 (100.0000)
Averaged stats: Lr: 0.000003  Loss: 0.0206  Acc@1: 99.2188 (99.3359)  Acc@5: 100.0000 (100.0000)
Averaged stats: Lr: 0.000003  Loss: 0.0434  Acc@1: 99.2188 (99.2969)  Acc@5: 100.0000 (100.0000)
Averaged stats: Lr: 0.000003  Loss: 0.0310  Acc@1: 100.0000 (99.5703)  Acc@5: 100.0000 (100.0000)
Averaged stats: Lr: 0.000003  Loss: 0.0406  Acc@1: 99.2188 (99.0625)  Acc@5: 100.0000 (100.0000)
Averaged stats: Lr: 0.000002  Loss: 0.0414  Acc@1: 100.0000 (99.6094)  Acc@5: 100.0000 (100.0000)
Averaged stats: Lr: 0.000002  Loss: 0.0258  Acc@1: 99.2188 (99.3750)  Acc@5: 100.0000 (100.0000)
Averaged stats: Lr: 0.000002  Loss: 0.0333  Acc@1: 99.2188 (98.9453)  Acc@5: 100.0000 (100.0000)
Averaged stats: Lr: 0.000002  Loss: 0.0354  Acc@1: 99.2188 (99.0625)  Acc@5: 100.0000 (100.0000)
Averaged stats: Lr: 0.000002  Loss: 0.0283  Acc@1: 99.2188 (99.3359)  Acc@5: 100.0000 (100.0000)
Averaged stats: Lr: 0.000002  Loss: 0.0671  Acc@1: 99.2188 (99.2188)  Acc@5: 100.0000 (100.0000)
Averaged stats: Lr: 0.000001  Loss: 0.0357  Acc@1: 99.2188 (99.3359)  Acc@5: 100.0000 (100.0000)
Averaged stats: Lr: 0.000001  Loss: 0.0420  Acc@1: 99.2188 (99.2188)  Acc@5: 100.0000 (100.0000)
Averaged stats: Lr: 0.000001  Loss: 0.0175  Acc@1: 99.2188 (99.4141)  Acc@5: 100.0000 (100.0000)
Averaged stats: Lr: 0.000001  Loss: 0.0330  Acc@1: 99.2188 (99.3750)  Acc@5: 100.0000 (100.0000)
Averaged stats: Lr: 0.000001  Loss: 0.0321  Acc@1: 99.2188 (98.8672)  Acc@5: 100.0000 (100.0000)
Averaged stats: Lr: 0.000001  Loss: 0.0338  Acc@1: 98.4375 (98.9062)  Acc@5: 100.0000 (100.0000)
Averaged stats: Lr: 0.000001  Loss: 0.0231  Acc@1: 99.2188 (99.1797)  Acc@5: 100.0000 (100.0000)
Averaged stats: Lr: 0.000001  Loss: 0.0737  Acc@1: 99.2188 (99.2969)  Acc@5: 100.0000 (100.0000)
=> Saving class model to: outputs/cifar-100/10-task/v5-usage-cumulative-strictcurrent-max10-topk16/models/repeat-1/task-3/
=> Save Done
validation split name (local False): 1
 * Val Acc 95.800, Total time 3.52
validation split name (local False): 2
 * Val Acc 89.100, Total time 3.42
validation split name (local False): 3
 * Val Acc 95.500, Total time 3.72
Averaged accuracy for task 3: 93.46666666666665
====================== 4 =======================
Incremental class: Old valid output dimension: 30
Incremental class: New Valid output dimension: 40
Saving old prompts
Optimizer is reset!
Total params: 86105956
Tune params: 307300
Tune ratio: 0.36
Prompt params: 230400
Prompt ratio: 0.27
Epoch:1/20  * Loss 1.390 | Train Acc 62.340
Epoch:2/20  * Loss 1.361 | Train Acc 63.882
Epoch:3/20  * Loss 0.455 | Train Acc 88.462
Epoch:4/20  * Loss 0.258 | Train Acc 92.909
Epoch:5/20  * Loss 0.226 | Train Acc 93.409
Epoch:6/20  * Loss 0.203 | Train Acc 93.690
Epoch:7/20  * Loss 0.198 | Train Acc 94.091
Epoch:8/20  * Loss 0.179 | Train Acc 94.451
Epoch:9/20  * Loss 0.197 | Train Acc 93.870
Epoch:10/20  * Loss 0.183 | Train Acc 94.631
Epoch:11/20  * Loss 0.185 | Train Acc 94.451
Epoch:12/20  * Loss 0.159 | Train Acc 95.292
Epoch:13/20  * Loss 0.177 | Train Acc 94.571
Epoch:14/20  * Loss 0.155 | Train Acc 95.212
Epoch:15/20  * Loss 0.153 | Train Acc 95.312
Epoch:16/20  * Loss 0.162 | Train Acc 95.112
Epoch:17/20  * Loss 0.166 | Train Acc 94.792
Epoch:18/20  * Loss 0.168 | Train Acc 94.491
Epoch:19/20  * Loss 0.143 | Train Acc 96.034
Epoch:20/20  * Loss 0.144 | Train Acc 95.413
----------
Selecting Experts...
----------
[v3] Saved e_pk snapshot: 1800 params
[v3] Saved e_pv snapshot: 1800 params
[v4-split-lite] Task 3 basis updated: {'e_pv': {'0': 4, '2': 4, '3': 4, '4': 4, '6': 4, '7': 4, '8': 4, '9': 4, '10': 4, '11': 4, '13': 4, '15': 4, '17': 4, '19': 4, '21': 4, '24': 4}}
[v3] Task 3 memory saved. Total old memories: 4
Averaged stats: Lr: 0.000010  Loss: 0.0381  Acc@1: 99.2188 (99.5052)  Acc@5: 100.0000 (100.0000)
Averaged stats: Lr: 0.000010  Loss: 0.0251  Acc@1: 100.0000 (99.6094)  Acc@5: 100.0000 (100.0000)
Averaged stats: Lr: 0.000010  Loss: 0.0243  Acc@1: 100.0000 (99.5052)  Acc@5: 100.0000 (100.0000)
Averaged stats: Lr: 0.000010  Loss: 0.0468  Acc@1: 100.0000 (99.5052)  Acc@5: 100.0000 (100.0000)
Averaged stats: Lr: 0.000010  Loss: 0.0354  Acc@1: 99.2188 (99.4010)  Acc@5: 100.0000 (100.0000)
Averaged stats: Lr: 0.000010  Loss: 0.0370  Acc@1: 99.2188 (99.4792)  Acc@5: 100.0000 (100.0000)
Averaged stats: Lr: 0.000010  Loss: 0.0248  Acc@1: 100.0000 (99.6354)  Acc@5: 100.0000 (100.0000)
Averaged stats: Lr: 0.000009  Loss: 0.0210  Acc@1: 100.0000 (99.6354)  Acc@5: 100.0000 (100.0000)
Averaged stats: Lr: 0.000009  Loss: 0.0159  Acc@1: 100.0000 (99.7396)  Acc@5: 100.0000 (100.0000)
Averaged stats: Lr: 0.000009  Loss: 0.0187  Acc@1: 100.0000 (99.5573)  Acc@5: 100.0000 (100.0000)
Averaged stats: Lr: 0.000009  Loss: 0.0284  Acc@1: 100.0000 (99.6875)  Acc@5: 100.0000 (100.0000)
Averaged stats: Lr: 0.000009  Loss: 0.0339  Acc@1: 100.0000 (99.5573)  Acc@5: 100.0000 (100.0000)
Averaged stats: Lr: 0.000009  Loss: 0.0232  Acc@1: 100.0000 (99.7396)  Acc@5: 100.0000 (100.0000)
Averaged stats: Lr: 0.000008  Loss: 0.0308  Acc@1: 100.0000 (99.5573)  Acc@5: 100.0000 (100.0000)
Averaged stats: Lr: 0.000008  Loss: 0.0381  Acc@1: 99.2188 (99.6094)  Acc@5: 100.0000 (100.0000)
Averaged stats: Lr: 0.000008  Loss: 0.0236  Acc@1: 100.0000 (99.5573)  Acc@5: 100.0000 (100.0000)
Averaged stats: Lr: 0.000008  Loss: 0.0262  Acc@1: 100.0000 (99.7396)  Acc@5: 100.0000 (100.0000)
Averaged stats: Lr: 0.000007  Loss: 0.0310  Acc@1: 100.0000 (99.7656)  Acc@5: 100.0000 (100.0000)
Averaged stats: Lr: 0.000007  Loss: 0.0135  Acc@1: 100.0000 (99.6354)  Acc@5: 100.0000 (100.0000)
Averaged stats: Lr: 0.000007  Loss: 0.0383  Acc@1: 100.0000 (99.6615)  Acc@5: 100.0000 (100.0000)
Averaged stats: Lr: 0.000007  Loss: 0.0367  Acc@1: 99.2188 (99.5312)  Acc@5: 100.0000 (100.0000)
Averaged stats: Lr: 0.000006  Loss: 0.0128  Acc@1: 100.0000 (99.6354)  Acc@5: 100.0000 (100.0000)
Averaged stats: Lr: 0.000006  Loss: 0.0142  Acc@1: 100.0000 (99.8177)  Acc@5: 100.0000 (100.0000)
Averaged stats: Lr: 0.000006  Loss: 0.0222  Acc@1: 100.0000 (99.7135)  Acc@5: 100.0000 (100.0000)
Averaged stats: Lr: 0.000006  Loss: 0.0197  Acc@1: 100.0000 (99.6615)  Acc@5: 100.0000 (100.0000)
Averaged stats: Lr: 0.000005  Loss: 0.0182  Acc@1: 99.2188 (99.5052)  Acc@5: 100.0000 (100.0000)
Averaged stats: Lr: 0.000005  Loss: 0.0282  Acc@1: 100.0000 (99.5833)  Acc@5: 100.0000 (100.0000)
Averaged stats: Lr: 0.000005  Loss: 0.0184  Acc@1: 100.0000 (99.8177)  Acc@5: 100.0000 (100.0000)
Averaged stats: Lr: 0.000004  Loss: 0.0160  Acc@1: 100.0000 (99.5312)  Acc@5: 100.0000 (100.0000)
Averaged stats: Lr: 0.000004  Loss: 0.0264  Acc@1: 100.0000 (99.6354)  Acc@5: 100.0000 (100.0000)
Averaged stats: Lr: 0.000004  Loss: 0.0193  Acc@1: 100.0000 (99.7656)  Acc@5: 100.0000 (100.0000)
Averaged stats: Lr: 0.000004  Loss: 0.0161  Acc@1: 100.0000 (99.5052)  Acc@5: 100.0000 (100.0000)
Averaged stats: Lr: 0.000003  Loss: 0.0341  Acc@1: 100.0000 (99.6615)  Acc@5: 100.0000 (100.0000)
Averaged stats: Lr: 0.000003  Loss: 0.0239  Acc@1: 100.0000 (99.6354)  Acc@5: 100.0000 (100.0000)
Averaged stats: Lr: 0.000003  Loss: 0.0264  Acc@1: 100.0000 (99.6615)  Acc@5: 100.0000 (100.0000)
Averaged stats: Lr: 0.000003  Loss: 0.0332  Acc@1: 99.2188 (99.5052)  Acc@5: 100.0000 (100.0000)
Averaged stats: Lr: 0.000002  Loss: 0.0329  Acc@1: 100.0000 (99.6615)  Acc@5: 100.0000 (100.0000)
Averaged stats: Lr: 0.000002  Loss: 0.0150  Acc@1: 100.0000 (99.6354)  Acc@5: 100.0000 (100.0000)
Averaged stats: Lr: 0.000002  Loss: 0.0219  Acc@1: 100.0000 (99.6875)  Acc@5: 100.0000 (100.0000)
Averaged stats: Lr: 0.000002  Loss: 0.0205  Acc@1: 100.0000 (99.6875)  Acc@5: 100.0000 (100.0000)
Averaged stats: Lr: 0.000002  Loss: 0.0277  Acc@1: 100.0000 (99.6354)  Acc@5: 100.0000 (100.0000)
Averaged stats: Lr: 0.000002  Loss: 0.0183  Acc@1: 100.0000 (99.5833)  Acc@5: 100.0000 (100.0000)
Averaged stats: Lr: 0.000001  Loss: 0.0120  Acc@1: 100.0000 (99.6615)  Acc@5: 100.0000 (100.0000)
Averaged stats: Lr: 0.000001  Loss: 0.0254  Acc@1: 100.0000 (99.7396)  Acc@5: 100.0000 (100.0000)
Averaged stats: Lr: 0.000001  Loss: 0.0289  Acc@1: 100.0000 (99.7135)  Acc@5: 100.0000 (100.0000)
Averaged stats: Lr: 0.000001  Loss: 0.0133  Acc@1: 100.0000 (99.6875)  Acc@5: 100.0000 (100.0000)
Averaged stats: Lr: 0.000001  Loss: 0.0126  Acc@1: 100.0000 (99.7135)  Acc@5: 100.0000 (100.0000)
Averaged stats: Lr: 0.000001  Loss: 0.0146  Acc@1: 100.0000 (99.7656)  Acc@5: 100.0000 (100.0000)
Averaged stats: Lr: 0.000001  Loss: 0.0274  Acc@1: 99.2188 (99.5573)  Acc@5: 100.0000 (100.0000)
Averaged stats: Lr: 0.000001  Loss: 0.0216  Acc@1: 100.0000 (99.6354)  Acc@5: 100.0000 (100.0000)
=> Saving class model to: outputs/cifar-100/10-task/v5-usage-cumulative-strictcurrent-max10-topk16/models/repeat-1/task-4/
=> Save Done
validation split name (local False): 1
 * Val Acc 94.400, Total time 3.27
validation split name (local False): 2
 * Val Acc 88.400, Total time 3.19
validation split name (local False): 3
 * Val Acc 94.200, Total time 3.17
validation split name (local False): 4
 * Val Acc 95.200, Total time 3.22
Averaged accuracy for task 4: 93.05
====================== 5 =======================
Incremental class: Old valid output dimension: 40
Incremental class: New Valid output dimension: 50
Saving old prompts
Optimizer is reset!
Total params: 86105956
Tune params: 307300
Tune ratio: 0.36
Prompt params: 230400
Prompt ratio: 0.27
Epoch:1/20  * Loss 1.399 | Train Acc 66.987
Epoch:2/20  * Loss 1.345 | Train Acc 70.733
Epoch:3/20  * Loss 0.405 | Train Acc 90.264
Epoch:4/20  * Loss 0.242 | Train Acc 93.369
Epoch:5/20  * Loss 0.196 | Train Acc 94.171
Epoch:6/20  * Loss 0.174 | Train Acc 94.812
Epoch:7/20  * Loss 0.177 | Train Acc 94.391
Epoch:8/20  * Loss 0.176 | Train Acc 94.671
Epoch:9/20  * Loss 0.184 | Train Acc 94.111
Epoch:10/20  * Loss 0.173 | Train Acc 94.611
Epoch:11/20  * Loss 0.164 | Train Acc 95.052
Epoch:12/20  * Loss 0.167 | Train Acc 94.832
Epoch:13/20  * Loss 0.154 | Train Acc 95.032
Epoch:14/20  * Loss 0.148 | Train Acc 95.533
Epoch:15/20  * Loss 0.154 | Train Acc 95.553
Epoch:16/20  * Loss 0.146 | Train Acc 95.473
Epoch:17/20  * Loss 0.142 | Train Acc 95.533
Epoch:18/20  * Loss 0.144 | Train Acc 95.873
Epoch:19/20  * Loss 0.137 | Train Acc 95.733
Epoch:20/20  * Loss 0.142 | Train Acc 95.573
----------
Selecting Experts...
----------
[v3] Saved e_pk snapshot: 1800 params
[v3] Saved e_pv snapshot: 1800 params
[v4-split-lite] Task 4 basis updated: {'e_pv': {'0': 4, '2': 4, '3': 4, '4': 4, '6': 4, '7': 4, '8': 4, '9': 4, '10': 4, '11': 4, '13': 4, '15': 4, '17': 4, '19': 4, '21': 4, '24': 4}}
[v3] Task 4 memory saved. Total old memories: 5
Averaged stats: Lr: 0.000010  Loss: 0.0222  Acc@1: 100.0000 (99.6484)  Acc@5: 100.0000 (100.0000)
Averaged stats: Lr: 0.000010  Loss: 0.0140  Acc@1: 100.0000 (99.7852)  Acc@5: 100.0000 (100.0000)
Averaged stats: Lr: 0.000010  Loss: 0.0086  Acc@1: 100.0000 (99.8828)  Acc@5: 100.0000 (100.0000)
Averaged stats: Lr: 0.000010  Loss: 0.0174  Acc@1: 100.0000 (99.8438)  Acc@5: 100.0000 (100.0000)
Averaged stats: Lr: 0.000010  Loss: 0.0243  Acc@1: 100.0000 (99.9023)  Acc@5: 100.0000 (100.0000)
Averaged stats: Lr: 0.000010  Loss: 0.0295  Acc@1: 100.0000 (99.7852)  Acc@5: 100.0000 (100.0000)
Averaged stats: Lr: 0.000010  Loss: 0.0201  Acc@1: 100.0000 (99.7656)  Acc@5: 100.0000 (100.0000)
Averaged stats: Lr: 0.000009  Loss: 0.0088  Acc@1: 100.0000 (99.7266)  Acc@5: 100.0000 (100.0000)
Averaged stats: Lr: 0.000009  Loss: 0.0102  Acc@1: 100.0000 (99.9023)  Acc@5: 100.0000 (100.0000)
Averaged stats: Lr: 0.000009  Loss: 0.0045  Acc@1: 100.0000 (99.8633)  Acc@5: 100.0000 (100.0000)
Averaged stats: Lr: 0.000009  Loss: 0.0152  Acc@1: 100.0000 (99.8242)  Acc@5: 100.0000 (100.0000)
Averaged stats: Lr: 0.000009  Loss: 0.0187  Acc@1: 100.0000 (99.8438)  Acc@5: 100.0000 (100.0000)
Averaged stats: Lr: 0.000009  Loss: 0.0118  Acc@1: 100.0000 (99.7852)  Acc@5: 100.0000 (100.0000)
Averaged stats: Lr: 0.000008  Loss: 0.0112  Acc@1: 100.0000 (99.7656)  Acc@5: 100.0000 (100.0000)
Averaged stats: Lr: 0.000008  Loss: 0.0285  Acc@1: 100.0000 (99.8047)  Acc@5: 100.0000 (100.0000)
Averaged stats: Lr: 0.000008  Loss: 0.0058  Acc@1: 100.0000 (99.8438)  Acc@5: 100.0000 (100.0000)
Averaged stats: Lr: 0.000008  Loss: 0.0128  Acc@1: 100.0000 (99.8242)  Acc@5: 100.0000 (100.0000)
Averaged stats: Lr: 0.000007  Loss: 0.0062  Acc@1: 100.0000 (99.8633)  Acc@5: 100.0000 (100.0000)
Averaged stats: Lr: 0.000007  Loss: 0.0113  Acc@1: 100.0000 (99.8633)  Acc@5: 100.0000 (100.0000)
Averaged stats: Lr: 0.000007  Loss: 0.0190  Acc@1: 100.0000 (99.7656)  Acc@5: 100.0000 (100.0000)
Averaged stats: Lr: 0.000007  Loss: 0.0092  Acc@1: 100.0000 (99.8633)  Acc@5: 100.0000 (100.0000)
Averaged stats: Lr: 0.000006  Loss: 0.0189  Acc@1: 100.0000 (99.8242)  Acc@5: 100.0000 (100.0000)
Averaged stats: Lr: 0.000006  Loss: 0.0119  Acc@1: 100.0000 (99.9219)  Acc@5: 100.0000 (100.0000)
Averaged stats: Lr: 0.000006  Loss: 0.0145  Acc@1: 100.0000 (99.8828)  Acc@5: 100.0000 (100.0000)
Averaged stats: Lr: 0.000006  Loss: 0.0079  Acc@1: 100.0000 (99.8633)  Acc@5: 100.0000 (100.0000)
Averaged stats: Lr: 0.000005  Loss: 0.0074  Acc@1: 100.0000 (99.8242)  Acc@5: 100.0000 (100.0000)
Averaged stats: Lr: 0.000005  Loss: 0.0065  Acc@1: 100.0000 (99.8828)  Acc@5: 100.0000 (100.0000)
Averaged stats: Lr: 0.000005  Loss: 0.0149  Acc@1: 100.0000 (99.9219)  Acc@5: 100.0000 (100.0000)
Averaged stats: Lr: 0.000004  Loss: 0.0087  Acc@1: 100.0000 (99.8047)  Acc@5: 100.0000 (100.0000)
Averaged stats: Lr: 0.000004  Loss: 0.0078  Acc@1: 100.0000 (99.9023)  Acc@5: 100.0000 (100.0000)
Averaged stats: Lr: 0.000004  Loss: 0.0211  Acc@1: 100.0000 (99.8828)  Acc@5: 100.0000 (100.0000)
Averaged stats: Lr: 0.000004  Loss: 0.0067  Acc@1: 100.0000 (99.9609)  Acc@5: 100.0000 (100.0000)
Averaged stats: Lr: 0.000003  Loss: 0.0128  Acc@1: 100.0000 (99.8047)  Acc@5: 100.0000 (100.0000)
Averaged stats: Lr: 0.000003  Loss: 0.0122  Acc@1: 100.0000 (99.8633)  Acc@5: 100.0000 (100.0000)
Averaged stats: Lr: 0.000003  Loss: 0.0086  Acc@1: 100.0000 (99.8633)  Acc@5: 100.0000 (100.0000)
Averaged stats: Lr: 0.000003  Loss: 0.0175  Acc@1: 100.0000 (99.7852)  Acc@5: 100.0000 (100.0000)
Averaged stats: Lr: 0.000002  Loss: 0.0157  Acc@1: 100.0000 (99.8438)  Acc@5: 100.0000 (100.0000)
Averaged stats: Lr: 0.000002  Loss: 0.0080  Acc@1: 100.0000 (99.9023)  Acc@5: 100.0000 (100.0000)
Averaged stats: Lr: 0.000002  Loss: 0.0104  Acc@1: 100.0000 (99.9023)  Acc@5: 100.0000 (100.0000)
Averaged stats: Lr: 0.000002  Loss: 0.0131  Acc@1: 100.0000 (99.9023)  Acc@5: 100.0000 (100.0000)
Averaged stats: Lr: 0.000002  Loss: 0.0083  Acc@1: 100.0000 (99.8633)  Acc@5: 100.0000 (100.0000)
Averaged stats: Lr: 0.000002  Loss: 0.0100  Acc@1: 100.0000 (99.9023)  Acc@5: 100.0000 (100.0000)
Averaged stats: Lr: 0.000001  Loss: 0.0050  Acc@1: 100.0000 (99.8828)  Acc@5: 100.0000 (100.0000)
Averaged stats: Lr: 0.000001  Loss: 0.0149  Acc@1: 100.0000 (99.9414)  Acc@5: 100.0000 (100.0000)
Averaged stats: Lr: 0.000001  Loss: 0.0097  Acc@1: 100.0000 (99.8633)  Acc@5: 100.0000 (100.0000)
Averaged stats: Lr: 0.000001  Loss: 0.0057  Acc@1: 100.0000 (99.9219)  Acc@5: 100.0000 (100.0000)
Averaged stats: Lr: 0.000001  Loss: 0.0159  Acc@1: 100.0000 (99.9414)  Acc@5: 100.0000 (100.0000)
Averaged stats: Lr: 0.000001  Loss: 0.0070  Acc@1: 100.0000 (99.9219)  Acc@5: 100.0000 (100.0000)
Averaged stats: Lr: 0.000001  Loss: 0.0134  Acc@1: 100.0000 (99.8438)  Acc@5: 100.0000 (100.0000)
Averaged stats: Lr: 0.000001  Loss: 0.0089  Acc@1: 100.0000 (99.8438)  Acc@5: 100.0000 (100.0000)
=> Saving class model to: outputs/cifar-100/10-task/v5-usage-cumulative-strictcurrent-max10-topk16/models/repeat-1/task-5/
=> Save Done
validation split name (local False): 1
 * Val Acc 93.800, Total time 3.42
validation split name (local False): 2
 * Val Acc 87.200, Total time 3.44
validation split name (local False): 3
 * Val Acc 92.900, Total time 3.40
validation split name (local False): 4
 * Val Acc 94.900, Total time 3.37
validation split name (local False): 5
 * Val Acc 96.700, Total time 3.45
Averaged accuracy for task 5: 93.1
====================== 6 =======================
Incremental class: Old valid output dimension: 50
Incremental class: New Valid output dimension: 60
Saving old prompts
Optimizer is reset!
Total params: 86105956
Tune params: 307300
Tune ratio: 0.36
Prompt params: 230400
Prompt ratio: 0.27
Epoch:1/20  * Loss 1.510 | Train Acc 61.979
Epoch:2/20  * Loss 1.467 | Train Acc 63.722
Epoch:3/20  * Loss 0.538 | Train Acc 85.076
Epoch:4/20  * Loss 0.352 | Train Acc 89.143
Epoch:5/20  * Loss 0.316 | Train Acc 89.683
Epoch:6/20  * Loss 0.284 | Train Acc 90.585
Epoch:7/20  * Loss 0.276 | Train Acc 90.705
Epoch:8/20  * Loss 0.263 | Train Acc 91.166
Epoch:9/20  * Loss 0.233 | Train Acc 92.167
Epoch:10/20  * Loss 0.242 | Train Acc 91.867
Epoch:11/20  * Loss 0.250 | Train Acc 92.087
Epoch:12/20  * Loss 0.242 | Train Acc 92.368
Epoch:13/20  * Loss 0.233 | Train Acc 92.528
Epoch:14/20  * Loss 0.235 | Train Acc 92.448
Epoch:15/20  * Loss 0.213 | Train Acc 93.309
Epoch:16/20  * Loss 0.220 | Train Acc 92.949
Epoch:17/20  * Loss 0.224 | Train Acc 92.628
Epoch:18/20  * Loss 0.220 | Train Acc 92.949
Epoch:19/20  * Loss 0.211 | Train Acc 93.169
Epoch:20/20  * Loss 0.201 | Train Acc 93.389
----------
Selecting Experts...
----------
[v3] Saved e_pk snapshot: 1800 params
[v3] Saved e_pv snapshot: 1800 params
[v4-split-lite] Task 5 basis updated: {'e_pv': {'0': 4, '2': 4, '3': 4, '4': 4, '6': 4, '7': 4, '8': 4, '9': 4, '10': 4, '11': 4, '13': 4, '15': 4, '17': 4, '19': 4, '21': 4, '24': 4}}
[v3] Task 5 memory saved. Total old memories: 6
Averaged stats: Lr: 0.000010  Loss: 0.0860  Acc@1: 96.8750 (97.0156)  Acc@5: 100.0000 (100.0000)
Averaged stats: Lr: 0.000010  Loss: 0.0928  Acc@1: 96.8750 (97.2031)  Acc@5: 100.0000 (100.0000)
Averaged stats: Lr: 0.000010  Loss: 0.0618  Acc@1: 97.6562 (97.6406)  Acc@5: 100.0000 (100.0000)
Averaged stats: Lr: 0.000010  Loss: 0.0699  Acc@1: 97.6562 (97.5000)  Acc@5: 100.0000 (100.0000)
Averaged stats: Lr: 0.000010  Loss: 0.0542  Acc@1: 97.6562 (97.6406)  Acc@5: 100.0000 (100.0000)
Averaged stats: Lr: 0.000010  Loss: 0.0632  Acc@1: 98.4375 (98.1250)  Acc@5: 100.0000 (100.0000)
Averaged stats: Lr: 0.000010  Loss: 0.0985  Acc@1: 97.6562 (97.8125)  Acc@5: 100.0000 (100.0000)
Averaged stats: Lr: 0.000009  Loss: 0.0596  Acc@1: 97.6562 (98.0469)  Acc@5: 100.0000 (100.0000)
Averaged stats: Lr: 0.000009  Loss: 0.0790  Acc@1: 98.4375 (97.9375)  Acc@5: 100.0000 (100.0000)
Averaged stats: Lr: 0.000009  Loss: 0.0334  Acc@1: 99.2188 (98.4375)  Acc@5: 100.0000 (100.0000)
Averaged stats: Lr: 0.000009  Loss: 0.0682  Acc@1: 98.4375 (98.5156)  Acc@5: 100.0000 (100.0000)
Averaged stats: Lr: 0.000009  Loss: 0.0525  Acc@1: 98.4375 (98.5625)  Acc@5: 100.0000 (100.0000)
Averaged stats: Lr: 0.000009  Loss: 0.0361  Acc@1: 99.2188 (98.7031)  Acc@5: 100.0000 (100.0000)
Averaged stats: Lr: 0.000008  Loss: 0.0725  Acc@1: 99.2188 (98.8438)  Acc@5: 100.0000 (100.0000)
Averaged stats: Lr: 0.000008  Loss: 0.0183  Acc@1: 99.2188 (98.6250)  Acc@5: 100.0000 (100.0000)
Averaged stats: Lr: 0.000008  Loss: 0.0539  Acc@1: 98.4375 (98.6406)  Acc@5: 100.0000 (100.0000)
Averaged stats: Lr: 0.000008  Loss: 0.0406  Acc@1: 99.2188 (98.9844)  Acc@5: 100.0000 (100.0000)
Averaged stats: Lr: 0.000007  Loss: 0.0299  Acc@1: 99.2188 (99.0938)  Acc@5: 100.0000 (100.0000)
Averaged stats: Lr: 0.000007  Loss: 0.0342  Acc@1: 99.2188 (98.9531)  Acc@5: 100.0000 (100.0000)
Averaged stats: Lr: 0.000007  Loss: 0.0630  Acc@1: 98.4375 (98.9844)  Acc@5: 100.0000 (100.0000)
Averaged stats: Lr: 0.000007  Loss: 0.0313  Acc@1: 99.2188 (98.9688)  Acc@5: 100.0000 (100.0000)
Averaged stats: Lr: 0.000006  Loss: 0.0379  Acc@1: 99.2188 (98.9219)  Acc@5: 100.0000 (100.0000)
Averaged stats: Lr: 0.000006  Loss: 0.0437  Acc@1: 99.2188 (99.2188)  Acc@5: 100.0000 (100.0000)
Averaged stats: Lr: 0.000006  Loss: 0.0340  Acc@1: 100.0000 (99.2656)  Acc@5: 100.0000 (100.0000)
Averaged stats: Lr: 0.000006  Loss: 0.0199  Acc@1: 99.2188 (99.0156)  Acc@5: 100.0000 (100.0000)
Averaged stats: Lr: 0.000005  Loss: 0.0356  Acc@1: 99.2188 (99.1562)  Acc@5: 100.0000 (100.0000)
Averaged stats: Lr: 0.000005  Loss: 0.0345  Acc@1: 99.2188 (99.1562)  Acc@5: 100.0000 (100.0000)
Averaged stats: Lr: 0.000005  Loss: 0.0181  Acc@1: 99.2188 (99.2500)  Acc@5: 100.0000 (100.0000)
Averaged stats: Lr: 0.000004  Loss: 0.0300  Acc@1: 99.2188 (99.3438)  Acc@5: 100.0000 (100.0000)
Averaged stats: Lr: 0.000004  Loss: 0.0340  Acc@1: 99.2188 (99.1875)  Acc@5: 100.0000 (100.0000)
Averaged stats: Lr: 0.000004  Loss: 0.0434  Acc@1: 99.2188 (99.2344)  Acc@5: 100.0000 (100.0000)
Averaged stats: Lr: 0.000004  Loss: 0.0343  Acc@1: 99.2188 (99.3125)  Acc@5: 100.0000 (100.0000)
Averaged stats: Lr: 0.000003  Loss: 0.0353  Acc@1: 99.2188 (99.1562)  Acc@5: 100.0000 (100.0000)
Averaged stats: Lr: 0.000003  Loss: 0.0273  Acc@1: 99.2188 (99.3906)  Acc@5: 100.0000 (100.0000)
Averaged stats: Lr: 0.000003  Loss: 0.0262  Acc@1: 99.2188 (99.2969)  Acc@5: 100.0000 (100.0000)
Averaged stats: Lr: 0.000003  Loss: 0.0475  Acc@1: 99.2188 (99.1719)  Acc@5: 100.0000 (100.0000)
Averaged stats: Lr: 0.000002  Loss: 0.0402  Acc@1: 99.2188 (99.2500)  Acc@5: 100.0000 (100.0000)
Averaged stats: Lr: 0.000002  Loss: 0.0273  Acc@1: 99.2188 (99.3750)  Acc@5: 100.0000 (100.0000)
Averaged stats: Lr: 0.000002  Loss: 0.0403  Acc@1: 99.2188 (99.3438)  Acc@5: 100.0000 (100.0000)
Averaged stats: Lr: 0.000002  Loss: 0.0388  Acc@1: 99.2188 (99.2656)  Acc@5: 100.0000 (100.0000)
Averaged stats: Lr: 0.000002  Loss: 0.0403  Acc@1: 99.2188 (99.1719)  Acc@5: 100.0000 (100.0000)
Averaged stats: Lr: 0.000002  Loss: 0.0454  Acc@1: 99.2188 (99.3125)  Acc@5: 100.0000 (100.0000)
Averaged stats: Lr: 0.000001  Loss: 0.0281  Acc@1: 99.2188 (99.4219)  Acc@5: 100.0000 (100.0000)
Averaged stats: Lr: 0.000001  Loss: 0.0250  Acc@1: 99.2188 (99.2656)  Acc@5: 100.0000 (100.0000)
Averaged stats: Lr: 0.000001  Loss: 0.0283  Acc@1: 100.0000 (99.5625)  Acc@5: 100.0000 (100.0000)
Averaged stats: Lr: 0.000001  Loss: 0.0657  Acc@1: 99.2188 (99.2188)  Acc@5: 100.0000 (100.0000)
Averaged stats: Lr: 0.000001  Loss: 0.0189  Acc@1: 99.2188 (99.2656)  Acc@5: 100.0000 (100.0000)
Averaged stats: Lr: 0.000001  Loss: 0.0347  Acc@1: 99.2188 (99.2969)  Acc@5: 100.0000 (100.0000)
Averaged stats: Lr: 0.000001  Loss: 0.0413  Acc@1: 99.2188 (99.0938)  Acc@5: 100.0000 (100.0000)
Averaged stats: Lr: 0.000001  Loss: 0.0410  Acc@1: 99.2188 (99.5000)  Acc@5: 100.0000 (100.0000)
=> Saving class model to: outputs/cifar-100/10-task/v5-usage-cumulative-strictcurrent-max10-topk16/models/repeat-1/task-6/
=> Save Done
validation split name (local False): 1
 * Val Acc 91.600, Total time 3.70
validation split name (local False): 2
 * Val Acc 87.100, Total time 3.48
validation split name (local False): 3
 * Val Acc 91.900, Total time 3.31
validation split name (local False): 4
 * Val Acc 94.200, Total time 3.49
validation split name (local False): 5
 * Val Acc 95.400, Total time 3.68
validation split name (local False): 6
 * Val Acc 84.500, Total time 3.37
Averaged accuracy for task 6: 90.78333333333335
====================== 7 =======================
Incremental class: Old valid output dimension: 60
Incremental class: New Valid output dimension: 70
Saving old prompts
Optimizer is reset!
Total params: 86105956
Tune params: 307300
Tune ratio: 0.36
Prompt params: 230400
Prompt ratio: 0.27
Epoch:1/20  * Loss 1.414 | Train Acc 66.567
Epoch:2/20  * Loss 1.375 | Train Acc 69.131
Epoch:3/20  * Loss 0.443 | Train Acc 88.121
Epoch:4/20  * Loss 0.267 | Train Acc 92.228
Epoch:5/20  * Loss 0.211 | Train Acc 93.189
Epoch:6/20  * Loss 0.198 | Train Acc 93.850
Epoch:7/20  * Loss 0.194 | Train Acc 94.050
Epoch:8/20  * Loss 0.175 | Train Acc 94.331
Epoch:9/20  * Loss 0.181 | Train Acc 94.631
Epoch:10/20  * Loss 0.195 | Train Acc 93.830
Epoch:11/20  * Loss 0.185 | Train Acc 94.291
Epoch:12/20  * Loss 0.182 | Train Acc 94.331
Epoch:13/20  * Loss 0.178 | Train Acc 94.331
Epoch:14/20  * Loss 0.183 | Train Acc 94.191
Epoch:15/20  * Loss 0.157 | Train Acc 94.531
Epoch:16/20  * Loss 0.162 | Train Acc 95.373
Epoch:17/20  * Loss 0.161 | Train Acc 94.631
Epoch:18/20  * Loss 0.160 | Train Acc 95.292
Epoch:19/20  * Loss 0.164 | Train Acc 94.952
Epoch:20/20  * Loss 0.157 | Train Acc 95.152
----------
Selecting Experts...
----------
[v3] Saved e_pk snapshot: 1800 params
[v3] Saved e_pv snapshot: 1800 params
[v4-split-lite] Task 6 basis updated: {'e_pv': {'0': 4, '2': 4, '3': 4, '4': 4, '6': 4, '7': 4, '8': 4, '9': 4, '10': 4, '11': 4, '13': 4, '15': 4, '17': 4, '19': 4, '21': 4, '24': 4}}
[v3] Task 6 memory saved. Total old memories: 7
Averaged stats: Lr: 0.000010  Loss: 0.0449  Acc@1: 99.2188 (98.9453)  Acc@5: 100.0000 (100.0000)
Averaged stats: Lr: 0.000010  Loss: 0.0252  Acc@1: 99.2188 (99.0755)  Acc@5: 100.0000 (100.0000)
Averaged stats: Lr: 0.000010  Loss: 0.0296  Acc@1: 99.2188 (99.1667)  Acc@5: 100.0000 (100.0000)
Averaged stats: Lr: 0.000010  Loss: 0.0409  Acc@1: 99.2188 (99.2188)  Acc@5: 100.0000 (100.0000)
Averaged stats: Lr: 0.000010  Loss: 0.0496  Acc@1: 99.2188 (99.3750)  Acc@5: 100.0000 (100.0000)
Averaged stats: Lr: 0.000010  Loss: 0.0286  Acc@1: 99.2188 (99.3099)  Acc@5: 100.0000 (100.0000)
Averaged stats: Lr: 0.000010  Loss: 0.0237  Acc@1: 100.0000 (99.4922)  Acc@5: 100.0000 (100.0000)
Averaged stats: Lr: 0.000009  Loss: 0.0239  Acc@1: 100.0000 (99.5052)  Acc@5: 100.0000 (100.0000)
Averaged stats: Lr: 0.000009  Loss: 0.0408  Acc@1: 99.2188 (99.4141)  Acc@5: 100.0000 (100.0000)
Averaged stats: Lr: 0.000009  Loss: 0.0277  Acc@1: 100.0000 (99.5443)  Acc@5: 100.0000 (100.0000)
Averaged stats: Lr: 0.000009  Loss: 0.0685  Acc@1: 100.0000 (99.4271)  Acc@5: 100.0000 (100.0000)
Averaged stats: Lr: 0.000009  Loss: 0.0230  Acc@1: 100.0000 (99.5312)  Acc@5: 100.0000 (100.0000)
Averaged stats: Lr: 0.000009  Loss: 0.0277  Acc@1: 100.0000 (99.4661)  Acc@5: 100.0000 (100.0000)
Averaged stats: Lr: 0.000008  Loss: 0.0214  Acc@1: 100.0000 (99.6224)  Acc@5: 100.0000 (100.0000)
Averaged stats: Lr: 0.000008  Loss: 0.0553  Acc@1: 100.0000 (99.6615)  Acc@5: 100.0000 (100.0000)
Averaged stats: Lr: 0.000008  Loss: 0.0329  Acc@1: 99.2188 (99.5312)  Acc@5: 100.0000 (100.0000)
Averaged stats: Lr: 0.000008  Loss: 0.0370  Acc@1: 99.2188 (99.4661)  Acc@5: 100.0000 (100.0000)
Averaged stats: Lr: 0.000007  Loss: 0.0285  Acc@1: 100.0000 (99.5833)  Acc@5: 100.0000 (100.0000)
Averaged stats: Lr: 0.000007  Loss: 0.0251  Acc@1: 99.2188 (99.4792)  Acc@5: 100.0000 (100.0000)
Averaged stats: Lr: 0.000007  Loss: 0.0413  Acc@1: 100.0000 (99.6875)  Acc@5: 100.0000 (100.0000)
Averaged stats: Lr: 0.000007  Loss: 0.0260  Acc@1: 99.2188 (99.5182)  Acc@5: 100.0000 (100.0000)
Averaged stats: Lr: 0.000006  Loss: 0.0475  Acc@1: 99.2188 (99.6615)  Acc@5: 100.0000 (100.0000)
Averaged stats: Lr: 0.000006  Loss: 0.0299  Acc@1: 99.2188 (99.5833)  Acc@5: 100.0000 (100.0000)
Averaged stats: Lr: 0.000006  Loss: 0.0216  Acc@1: 100.0000 (99.7135)  Acc@5: 100.0000 (100.0000)
Averaged stats: Lr: 0.000006  Loss: 0.0230  Acc@1: 100.0000 (99.6224)  Acc@5: 100.0000 (100.0000)
Averaged stats: Lr: 0.000005  Loss: 0.0243  Acc@1: 100.0000 (99.6094)  Acc@5: 100.0000 (100.0000)
Averaged stats: Lr: 0.000005  Loss: 0.0122  Acc@1: 99.2188 (99.5052)  Acc@5: 100.0000 (100.0000)
Averaged stats: Lr: 0.000005  Loss: 0.0200  Acc@1: 100.0000 (99.6615)  Acc@5: 100.0000 (100.0000)
Averaged stats: Lr: 0.000004  Loss: 0.0142  Acc@1: 99.2188 (99.6224)  Acc@5: 100.0000 (100.0000)
Averaged stats: Lr: 0.000004  Loss: 0.0396  Acc@1: 99.2188 (99.6354)  Acc@5: 100.0000 (100.0000)
Averaged stats: Lr: 0.000004  Loss: 0.0191  Acc@1: 100.0000 (99.7005)  Acc@5: 100.0000 (100.0000)
Averaged stats: Lr: 0.000004  Loss: 0.0200  Acc@1: 100.0000 (99.6224)  Acc@5: 100.0000 (100.0000)
Averaged stats: Lr: 0.000003  Loss: 0.0259  Acc@1: 100.0000 (99.7266)  Acc@5: 100.0000 (100.0000)
Averaged stats: Lr: 0.000003  Loss: 0.0086  Acc@1: 100.0000 (99.6615)  Acc@5: 100.0000 (100.0000)
Averaged stats: Lr: 0.000003  Loss: 0.0153  Acc@1: 99.2188 (99.6745)  Acc@5: 100.0000 (100.0000)
Averaged stats: Lr: 0.000003  Loss: 0.0196  Acc@1: 100.0000 (99.5052)  Acc@5: 100.0000 (100.0000)
Averaged stats: Lr: 0.000002  Loss: 0.0112  Acc@1: 100.0000 (99.7266)  Acc@5: 100.0000 (100.0000)
Averaged stats: Lr: 0.000002  Loss: 0.0387  Acc@1: 100.0000 (99.5833)  Acc@5: 100.0000 (100.0000)
Averaged stats: Lr: 0.000002  Loss: 0.0277  Acc@1: 100.0000 (99.6224)  Acc@5: 100.0000 (100.0000)
Averaged stats: Lr: 0.000002  Loss: 0.0176  Acc@1: 99.2188 (99.6224)  Acc@5: 100.0000 (100.0000)
Averaged stats: Lr: 0.000002  Loss: 0.0217  Acc@1: 99.2188 (99.6615)  Acc@5: 100.0000 (100.0000)
Averaged stats: Lr: 0.000002  Loss: 0.0196  Acc@1: 100.0000 (99.7396)  Acc@5: 100.0000 (100.0000)
Averaged stats: Lr: 0.000001  Loss: 0.0225  Acc@1: 100.0000 (99.6224)  Acc@5: 100.0000 (100.0000)
Averaged stats: Lr: 0.000001  Loss: 0.0248  Acc@1: 100.0000 (99.6354)  Acc@5: 100.0000 (100.0000)
Averaged stats: Lr: 0.000001  Loss: 0.0140  Acc@1: 100.0000 (99.6354)  Acc@5: 100.0000 (100.0000)
Averaged stats: Lr: 0.000001  Loss: 0.0331  Acc@1: 100.0000 (99.5833)  Acc@5: 100.0000 (100.0000)
Averaged stats: Lr: 0.000001  Loss: 0.0446  Acc@1: 99.2188 (99.6224)  Acc@5: 100.0000 (100.0000)
Averaged stats: Lr: 0.000001  Loss: 0.0394  Acc@1: 99.2188 (99.5052)  Acc@5: 100.0000 (100.0000)
Averaged stats: Lr: 0.000001  Loss: 0.0242  Acc@1: 100.0000 (99.6354)  Acc@5: 100.0000 (100.0000)
Averaged stats: Lr: 0.000001  Loss: 0.0156  Acc@1: 100.0000 (99.5703)  Acc@5: 100.0000 (100.0000)
=> Saving class model to: outputs/cifar-100/10-task/v5-usage-cumulative-strictcurrent-max10-topk16/models/repeat-1/task-7/
=> Save Done
validation split name (local False): 1
 * Val Acc 89.800, Total time 3.51
validation split name (local False): 2
 * Val Acc 85.700, Total time 3.39
validation split name (local False): 3
 * Val Acc 91.100, Total time 3.34
validation split name (local False): 4
 * Val Acc 93.200, Total time 3.37
validation split name (local False): 5
 * Val Acc 93.900, Total time 3.51
validation split name (local False): 6
 * Val Acc 84.800, Total time 3.65
validation split name (local False): 7
 * Val Acc 91.500, Total time 3.47
Averaged accuracy for task 7: 90.0
====================== 8 =======================
Incremental class: Old valid output dimension: 70
Incremental class: New Valid output dimension: 80
Saving old prompts
Optimizer is reset!
Total params: 86105956
Tune params: 307300
Tune ratio: 0.36
Prompt params: 230400
Prompt ratio: 0.27
Epoch:1/20  * Loss 1.295 | Train Acc 68.930
Epoch:2/20  * Loss 1.252 | Train Acc 71.895
Epoch:3/20  * Loss 0.394 | Train Acc 89.964
Epoch:4/20  * Loss 0.218 | Train Acc 93.950
Epoch:5/20  * Loss 0.187 | Train Acc 93.950
Epoch:6/20  * Loss 0.186 | Train Acc 94.091
Epoch:7/20  * Loss 0.178 | Train Acc 94.491
Epoch:8/20  * Loss 0.151 | Train Acc 95.433
Epoch:9/20  * Loss 0.166 | Train Acc 94.511
Epoch:10/20  * Loss 0.156 | Train Acc 95.172
Epoch:11/20  * Loss 0.142 | Train Acc 95.693
Epoch:12/20  * Loss 0.147 | Train Acc 95.533
Epoch:13/20  * Loss 0.140 | Train Acc 95.713
Epoch:14/20  * Loss 0.137 | Train Acc 95.733
Epoch:15/20  * Loss 0.147 | Train Acc 95.373
Epoch:16/20  * Loss 0.128 | Train Acc 95.933
Epoch:17/20  * Loss 0.127 | Train Acc 95.833
Epoch:18/20  * Loss 0.131 | Train Acc 95.753
Epoch:19/20  * Loss 0.118 | Train Acc 96.494
Epoch:20/20  * Loss 0.134 | Train Acc 95.974
----------
Selecting Experts...
----------
[v3] Saved e_pk snapshot: 1800 params
[v3] Saved e_pv snapshot: 1800 params
[v4-split-lite] Task 7 basis updated: {'e_pv': {'0': 4, '2': 4, '3': 4, '4': 4, '6': 4, '7': 4, '8': 4, '9': 4, '10': 4, '11': 4, '13': 4, '15': 4, '17': 4, '19': 4, '21': 4, '24': 4}}
[v3] Task 7 memory saved. Total old memories: 8
Averaged stats: Lr: 0.000010  Loss: 0.0539  Acc@1: 99.2188 (98.7723)  Acc@5: 100.0000 (100.0000)
Averaged stats: Lr: 0.000010  Loss: 0.0270  Acc@1: 99.2188 (98.9509)  Acc@5: 100.0000 (100.0000)
Averaged stats: Lr: 0.000010  Loss: 0.0305  Acc@1: 99.2188 (99.1071)  Acc@5: 100.0000 (100.0000)
Averaged stats: Lr: 0.000010  Loss: 0.0453  Acc@1: 99.2188 (99.0848)  Acc@5: 100.0000 (100.0000)
Averaged stats: Lr: 0.000010  Loss: 0.0109  Acc@1: 100.0000 (99.2634)  Acc@5: 100.0000 (100.0000)
Averaged stats: Lr: 0.000010  Loss: 0.0272  Acc@1: 99.2188 (99.2857)  Acc@5: 100.0000 (100.0000)
Averaged stats: Lr: 0.000010  Loss: 0.0176  Acc@1: 99.2188 (99.3862)  Acc@5: 100.0000 (100.0000)
Averaged stats: Lr: 0.000009  Loss: 0.0205  Acc@1: 100.0000 (99.5089)  Acc@5: 100.0000 (100.0000)
Averaged stats: Lr: 0.000009  Loss: 0.0157  Acc@1: 100.0000 (99.5089)  Acc@5: 100.0000 (100.0000)
Averaged stats: Lr: 0.000009  Loss: 0.0150  Acc@1: 100.0000 (99.4754)  Acc@5: 100.0000 (100.0000)
Averaged stats: Lr: 0.000009  Loss: 0.0195  Acc@1: 100.0000 (99.6987)  Acc@5: 100.0000 (100.0000)
Averaged stats: Lr: 0.000009  Loss: 0.0322  Acc@1: 100.0000 (99.6094)  Acc@5: 100.0000 (100.0000)
Averaged stats: Lr: 0.000009  Loss: 0.0105  Acc@1: 99.2188 (99.6540)  Acc@5: 100.0000 (100.0000)
Averaged stats: Lr: 0.000008  Loss: 0.0170  Acc@1: 100.0000 (99.7879)  Acc@5: 100.0000 (100.0000)
Averaged stats: Lr: 0.000008  Loss: 0.0144  Acc@1: 100.0000 (99.6763)  Acc@5: 100.0000 (100.0000)
Averaged stats: Lr: 0.000008  Loss: 0.0384  Acc@1: 99.2188 (99.5871)  Acc@5: 100.0000 (100.0000)
Averaged stats: Lr: 0.000008  Loss: 0.0100  Acc@1: 100.0000 (99.7321)  Acc@5: 100.0000 (100.0000)
Averaged stats: Lr: 0.000007  Loss: 0.0105  Acc@1: 100.0000 (99.6763)  Acc@5: 100.0000 (100.0000)
Averaged stats: Lr: 0.000007  Loss: 0.0312  Acc@1: 100.0000 (99.7768)  Acc@5: 100.0000 (100.0000)
Averaged stats: Lr: 0.000007  Loss: 0.0397  Acc@1: 100.0000 (99.7098)  Acc@5: 100.0000 (100.0000)
Averaged stats: Lr: 0.000007  Loss: 0.0136  Acc@1: 100.0000 (99.7210)  Acc@5: 100.0000 (100.0000)
Averaged stats: Lr: 0.000006  Loss: 0.0147  Acc@1: 100.0000 (99.7545)  Acc@5: 100.0000 (100.0000)
Averaged stats: Lr: 0.000006  Loss: 0.0163  Acc@1: 100.0000 (99.7321)  Acc@5: 100.0000 (100.0000)
Averaged stats: Lr: 0.000006  Loss: 0.0241  Acc@1: 100.0000 (99.8326)  Acc@5: 100.0000 (100.0000)
Averaged stats: Lr: 0.000006  Loss: 0.0182  Acc@1: 100.0000 (99.7991)  Acc@5: 100.0000 (100.0000)
Averaged stats: Lr: 0.000005  Loss: 0.0191  Acc@1: 100.0000 (99.7879)  Acc@5: 100.0000 (100.0000)
Averaged stats: Lr: 0.000005  Loss: 0.0126  Acc@1: 100.0000 (99.7098)  Acc@5: 100.0000 (100.0000)
Averaged stats: Lr: 0.000005  Loss: 0.0192  Acc@1: 100.0000 (99.7433)  Acc@5: 100.0000 (100.0000)
Averaged stats: Lr: 0.000004  Loss: 0.0108  Acc@1: 100.0000 (99.7321)  Acc@5: 100.0000 (100.0000)
Averaged stats: Lr: 0.000004  Loss: 0.0145  Acc@1: 100.0000 (99.7768)  Acc@5: 100.0000 (100.0000)
Averaged stats: Lr: 0.000004  Loss: 0.0206  Acc@1: 100.0000 (99.8772)  Acc@5: 100.0000 (100.0000)
Averaged stats: Lr: 0.000004  Loss: 0.0133  Acc@1: 100.0000 (99.7656)  Acc@5: 100.0000 (100.0000)
Averaged stats: Lr: 0.000003  Loss: 0.0114  Acc@1: 100.0000 (99.8438)  Acc@5: 100.0000 (100.0000)
Averaged stats: Lr: 0.000003  Loss: 0.0109  Acc@1: 100.0000 (99.7321)  Acc@5: 100.0000 (100.0000)
Averaged stats: Lr: 0.000003  Loss: 0.0118  Acc@1: 100.0000 (99.8214)  Acc@5: 100.0000 (100.0000)
Averaged stats: Lr: 0.000003  Loss: 0.0293  Acc@1: 100.0000 (99.8214)  Acc@5: 100.0000 (100.0000)
Averaged stats: Lr: 0.000002  Loss: 0.0195  Acc@1: 100.0000 (99.8326)  Acc@5: 100.0000 (100.0000)
Averaged stats: Lr: 0.000002  Loss: 0.0126  Acc@1: 100.0000 (99.7879)  Acc@5: 100.0000 (100.0000)
Averaged stats: Lr: 0.000002  Loss: 0.0085  Acc@1: 100.0000 (99.6652)  Acc@5: 100.0000 (100.0000)
Averaged stats: Lr: 0.000002  Loss: 0.0127  Acc@1: 100.0000 (99.8214)  Acc@5: 100.0000 (100.0000)
Averaged stats: Lr: 0.000002  Loss: 0.0065  Acc@1: 100.0000 (99.8772)  Acc@5: 100.0000 (100.0000)
Averaged stats: Lr: 0.000002  Loss: 0.0140  Acc@1: 100.0000 (99.8214)  Acc@5: 100.0000 (100.0000)
Averaged stats: Lr: 0.000001  Loss: 0.0127  Acc@1: 100.0000 (99.8214)  Acc@5: 100.0000 (100.0000)
Averaged stats: Lr: 0.000001  Loss: 0.0232  Acc@1: 100.0000 (99.7545)  Acc@5: 100.0000 (100.0000)
Averaged stats: Lr: 0.000001  Loss: 0.0320  Acc@1: 100.0000 (99.7879)  Acc@5: 100.0000 (100.0000)
Averaged stats: Lr: 0.000001  Loss: 0.0114  Acc@1: 100.0000 (99.8326)  Acc@5: 100.0000 (100.0000)
Averaged stats: Lr: 0.000001  Loss: 0.0081  Acc@1: 100.0000 (99.7656)  Acc@5: 100.0000 (100.0000)
Averaged stats: Lr: 0.000001  Loss: 0.0122  Acc@1: 100.0000 (99.8326)  Acc@5: 100.0000 (100.0000)
Averaged stats: Lr: 0.000001  Loss: 0.0114  Acc@1: 100.0000 (99.7210)  Acc@5: 100.0000 (100.0000)
Averaged stats: Lr: 0.000001  Loss: 0.0195  Acc@1: 100.0000 (99.8549)  Acc@5: 100.0000 (100.0000)
=> Saving class model to: outputs/cifar-100/10-task/v5-usage-cumulative-strictcurrent-max10-topk16/models/repeat-1/task-8/
=> Save Done
validation split name (local False): 1
 * Val Acc 87.800, Total time 3.43
validation split name (local False): 2
 * Val Acc 84.800, Total time 3.58
validation split name (local False): 3
 * Val Acc 89.900, Total time 3.35
validation split name (local False): 4
 * Val Acc 92.300, Total time 3.37
validation split name (local False): 5
 * Val Acc 94.000, Total time 3.55
validation split name (local False): 6
 * Val Acc 85.000, Total time 3.47
validation split name (local False): 7
 * Val Acc 91.300, Total time 3.53
validation split name (local False): 8
 * Val Acc 93.000, Total time 3.36
Averaged accuracy for task 8: 89.76249999999999
====================== 9 =======================
Incremental class: Old valid output dimension: 80
Incremental class: New Valid output dimension: 90
Saving old prompts
Optimizer is reset!
Total params: 86105956
Tune params: 307300
Tune ratio: 0.36
Prompt params: 230400
Prompt ratio: 0.27
Epoch:1/20  * Loss 1.474 | Train Acc 57.933
Epoch:2/20  * Loss 1.430 | Train Acc 60.337
Epoch:3/20  * Loss 0.532 | Train Acc 85.296
Epoch:4/20  * Loss 0.337 | Train Acc 90.345
Epoch:5/20  * Loss 0.274 | Train Acc 91.707
Epoch:6/20  * Loss 0.289 | Train Acc 90.905
Epoch:7/20  * Loss 0.258 | Train Acc 91.967
Epoch:8/20  * Loss 0.271 | Train Acc 91.146
Epoch:9/20  * Loss 0.243 | Train Acc 92.067
Epoch:10/20  * Loss 0.232 | Train Acc 92.188
Epoch:11/20  * Loss 0.228 | Train Acc 92.488
Epoch:12/20  * Loss 0.229 | Train Acc 92.829
Epoch:13/20  * Loss 0.234 | Train Acc 93.069
Epoch:14/20  * Loss 0.224 | Train Acc 93.109
Epoch:15/20  * Loss 0.216 | Train Acc 93.229
Epoch:16/20  * Loss 0.212 | Train Acc 93.229
Epoch:17/20  * Loss 0.206 | Train Acc 93.409
Epoch:18/20  * Loss 0.210 | Train Acc 93.329
Epoch:19/20  * Loss 0.210 | Train Acc 93.389
Epoch:20/20  * Loss 0.206 | Train Acc 93.349
----------
Selecting Experts...
----------
[v3] Saved e_pk snapshot: 1800 params
[v3] Saved e_pv snapshot: 1800 params
[v4-split-lite] Task 8 basis updated: {'e_pv': {'0': 4, '1': 4, '2': 4, '3': 4, '4': 4, '6': 4, '7': 4, '8': 4, '9': 4, '10': 4, '11': 4, '13': 4, '15': 4, '17': 4, '21': 4, '24': 4}}
[v3] Task 8 memory saved. Total old memories: 9
Averaged stats: Lr: 0.000010  Loss: 0.0290  Acc@1: 99.2188 (99.2383)  Acc@5: 100.0000 (100.0000)
Averaged stats: Lr: 0.000010  Loss: 0.0169  Acc@1: 100.0000 (99.2969)  Acc@5: 100.0000 (100.0000)
Averaged stats: Lr: 0.000010  Loss: 0.0282  Acc@1: 99.2188 (99.4727)  Acc@5: 100.0000 (100.0000)
Averaged stats: Lr: 0.000010  Loss: 0.0329  Acc@1: 100.0000 (99.6680)  Acc@5: 100.0000 (100.0000)
Averaged stats: Lr: 0.000010  Loss: 0.0245  Acc@1: 100.0000 (99.6484)  Acc@5: 100.0000 (100.0000)
Averaged stats: Lr: 0.000010  Loss: 0.0427  Acc@1: 100.0000 (99.7363)  Acc@5: 100.0000 (100.0000)
Averaged stats: Lr: 0.000010  Loss: 0.0237  Acc@1: 100.0000 (99.8047)  Acc@5: 100.0000 (100.0000)
Averaged stats: Lr: 0.000009  Loss: 0.0241  Acc@1: 100.0000 (99.7461)  Acc@5: 100.0000 (100.0000)
Averaged stats: Lr: 0.000009  Loss: 0.0169  Acc@1: 100.0000 (99.8633)  Acc@5: 100.0000 (100.0000)
Averaged stats: Lr: 0.000009  Loss: 0.0095  Acc@1: 100.0000 (99.8730)  Acc@5: 100.0000 (100.0000)
Averaged stats: Lr: 0.000009  Loss: 0.0273  Acc@1: 100.0000 (99.8438)  Acc@5: 100.0000 (100.0000)
Averaged stats: Lr: 0.000009  Loss: 0.0129  Acc@1: 100.0000 (99.8145)  Acc@5: 100.0000 (100.0000)
Averaged stats: Lr: 0.000009  Loss: 0.0230  Acc@1: 100.0000 (99.8828)  Acc@5: 100.0000 (100.0000)
Averaged stats: Lr: 0.000008  Loss: 0.0126  Acc@1: 100.0000 (99.8145)  Acc@5: 100.0000 (100.0000)
Averaged stats: Lr: 0.000008  Loss: 0.0320  Acc@1: 100.0000 (99.9023)  Acc@5: 100.0000 (100.0000)
Averaged stats: Lr: 0.000008  Loss: 0.0128  Acc@1: 100.0000 (99.8242)  Acc@5: 100.0000 (100.0000)
Averaged stats: Lr: 0.000008  Loss: 0.0212  Acc@1: 100.0000 (99.8145)  Acc@5: 100.0000 (100.0000)
Averaged stats: Lr: 0.000007  Loss: 0.0211  Acc@1: 100.0000 (99.8047)  Acc@5: 100.0000 (100.0000)
Averaged stats: Lr: 0.000007  Loss: 0.0146  Acc@1: 100.0000 (99.8926)  Acc@5: 100.0000 (100.0000)
Averaged stats: Lr: 0.000007  Loss: 0.0137  Acc@1: 100.0000 (99.8926)  Acc@5: 100.0000 (100.0000)
Averaged stats: Lr: 0.000007  Loss: 0.0096  Acc@1: 100.0000 (99.9512)  Acc@5: 100.0000 (100.0000)
Averaged stats: Lr: 0.000006  Loss: 0.0102  Acc@1: 100.0000 (99.8340)  Acc@5: 100.0000 (100.0000)
Averaged stats: Lr: 0.000006  Loss: 0.0178  Acc@1: 100.0000 (99.9219)  Acc@5: 100.0000 (100.0000)
Averaged stats: Lr: 0.000006  Loss: 0.0051  Acc@1: 100.0000 (99.8828)  Acc@5: 100.0000 (100.0000)
Averaged stats: Lr: 0.000006  Loss: 0.0104  Acc@1: 100.0000 (99.9121)  Acc@5: 100.0000 (100.0000)
Averaged stats: Lr: 0.000005  Loss: 0.0108  Acc@1: 100.0000 (99.9023)  Acc@5: 100.0000 (100.0000)
Averaged stats: Lr: 0.000005  Loss: 0.0176  Acc@1: 100.0000 (99.9121)  Acc@5: 100.0000 (100.0000)
Averaged stats: Lr: 0.000005  Loss: 0.0148  Acc@1: 100.0000 (99.9609)  Acc@5: 100.0000 (100.0000)
Averaged stats: Lr: 0.000004  Loss: 0.0086  Acc@1: 100.0000 (99.9023)  Acc@5: 100.0000 (100.0000)
Averaged stats: Lr: 0.000004  Loss: 0.0141  Acc@1: 100.0000 (99.9219)  Acc@5: 100.0000 (100.0000)
Averaged stats: Lr: 0.000004  Loss: 0.0057  Acc@1: 100.0000 (99.8926)  Acc@5: 100.0000 (100.0000)
Averaged stats: Lr: 0.000004  Loss: 0.0058  Acc@1: 100.0000 (99.8535)  Acc@5: 100.0000 (100.0000)
Averaged stats: Lr: 0.000003  Loss: 0.0076  Acc@1: 100.0000 (99.8438)  Acc@5: 100.0000 (100.0000)
Averaged stats: Lr: 0.000003  Loss: 0.0086  Acc@1: 100.0000 (99.9121)  Acc@5: 100.0000 (100.0000)
Averaged stats: Lr: 0.000003  Loss: 0.0124  Acc@1: 100.0000 (99.9023)  Acc@5: 100.0000 (100.0000)
Averaged stats: Lr: 0.000003  Loss: 0.0100  Acc@1: 100.0000 (99.8730)  Acc@5: 100.0000 (100.0000)
Averaged stats: Lr: 0.000002  Loss: 0.0127  Acc@1: 100.0000 (99.9023)  Acc@5: 100.0000 (100.0000)
Averaged stats: Lr: 0.000002  Loss: 0.0106  Acc@1: 100.0000 (99.9219)  Acc@5: 100.0000 (100.0000)
Averaged stats: Lr: 0.000002  Loss: 0.0055  Acc@1: 100.0000 (99.9121)  Acc@5: 100.0000 (100.0000)
Averaged stats: Lr: 0.000002  Loss: 0.0053  Acc@1: 100.0000 (99.9023)  Acc@5: 100.0000 (100.0000)
Averaged stats: Lr: 0.000002  Loss: 0.0133  Acc@1: 100.0000 (99.9512)  Acc@5: 100.0000 (100.0000)
Averaged stats: Lr: 0.000002  Loss: 0.0055  Acc@1: 100.0000 (99.9219)  Acc@5: 100.0000 (100.0000)
Averaged stats: Lr: 0.000001  Loss: 0.0084  Acc@1: 100.0000 (99.8828)  Acc@5: 100.0000 (100.0000)
Averaged stats: Lr: 0.000001  Loss: 0.0139  Acc@1: 100.0000 (99.9512)  Acc@5: 100.0000 (100.0000)
Averaged stats: Lr: 0.000001  Loss: 0.0068  Acc@1: 100.0000 (99.9316)  Acc@5: 100.0000 (100.0000)
Averaged stats: Lr: 0.000001  Loss: 0.0206  Acc@1: 100.0000 (99.8926)  Acc@5: 100.0000 (100.0000)
Averaged stats: Lr: 0.000001  Loss: 0.0086  Acc@1: 100.0000 (99.8926)  Acc@5: 100.0000 (100.0000)
Averaged stats: Lr: 0.000001  Loss: 0.0083  Acc@1: 100.0000 (99.9414)  Acc@5: 100.0000 (100.0000)
Averaged stats: Lr: 0.000001  Loss: 0.0137  Acc@1: 100.0000 (99.9414)  Acc@5: 100.0000 (100.0000)
Averaged stats: Lr: 0.000001  Loss: 0.0064  Acc@1: 100.0000 (99.8730)  Acc@5: 100.0000 (100.0000)
=> Saving class model to: outputs/cifar-100/10-task/v5-usage-cumulative-strictcurrent-max10-topk16/models/repeat-1/task-9/
=> Save Done
validation split name (local False): 1
 * Val Acc 85.800, Total time 3.24
validation split name (local False): 2
 * Val Acc 85.100, Total time 3.21
validation split name (local False): 3
 * Val Acc 89.700, Total time 3.17
validation split name (local False): 4
 * Val Acc 92.300, Total time 3.25
validation split name (local False): 5
 * Val Acc 93.300, Total time 3.22
validation split name (local False): 6
 * Val Acc 85.400, Total time 3.22
validation split name (local False): 7
 * Val Acc 90.900, Total time 3.19
validation split name (local False): 8
 * Val Acc 94.200, Total time 3.19
validation split name (local False): 9
 * Val Acc 88.000, Total time 3.18
Averaged accuracy for task 9: 89.41111111111111
====================== 10 =======================
Incremental class: Old valid output dimension: 90
Incremental class: New Valid output dimension: 100
Saving old prompts
Optimizer is reset!
Total params: 86105956
Tune params: 307300
Tune ratio: 0.36
Prompt params: 230400
Prompt ratio: 0.27
Epoch:1/20  * Loss 1.386 | Train Acc 66.226
Epoch:2/20  * Loss 1.334 | Train Acc 68.349
Epoch:3/20  * Loss 0.403 | Train Acc 89.543
Epoch:4/20  * Loss 0.213 | Train Acc 94.591
Epoch:5/20  * Loss 0.189 | Train Acc 94.471
Epoch:6/20  * Loss 0.196 | Train Acc 94.191
Epoch:7/20  * Loss 0.169 | Train Acc 95.132
Epoch:8/20  * Loss 0.161 | Train Acc 94.952
Epoch:9/20  * Loss 0.161 | Train Acc 95.473
Epoch:10/20  * Loss 0.160 | Train Acc 95.493
Epoch:11/20  * Loss 0.152 | Train Acc 95.453
Epoch:12/20  * Loss 0.150 | Train Acc 95.192
Epoch:13/20  * Loss 0.153 | Train Acc 95.413
Epoch:14/20  * Loss 0.134 | Train Acc 95.733
Epoch:15/20  * Loss 0.138 | Train Acc 95.353
Epoch:16/20  * Loss 0.139 | Train Acc 95.533
Epoch:17/20  * Loss 0.144 | Train Acc 95.513
Epoch:18/20  * Loss 0.127 | Train Acc 96.174
Epoch:19/20  * Loss 0.135 | Train Acc 95.693
Epoch:20/20  * Loss 0.144 | Train Acc 95.693
----------
Selecting Experts...
----------
[v3] Saved e_pk snapshot: 1800 params
[v3] Saved e_pv snapshot: 1800 params
[v4-split-lite] Task 9 basis updated: {'e_pv': {'0': 4, '1': 4, '2': 4, '3': 4, '4': 4, '6': 4, '7': 4, '8': 4, '9': 4, '10': 4, '11': 4, '13': 4, '15': 4, '17': 4, '21': 4, '24': 4}}
[v3] Task 9 memory saved. Total old memories: 10
Averaged stats: Lr: 0.000010  Loss: 0.0166  Acc@1: 100.0000 (99.7917)  Acc@5: 100.0000 (100.0000)
Averaged stats: Lr: 0.000010  Loss: 0.0123  Acc@1: 100.0000 (99.8351)  Acc@5: 100.0000 (100.0000)
Averaged stats: Lr: 0.000010  Loss: 0.0124  Acc@1: 100.0000 (99.8438)  Acc@5: 100.0000 (100.0000)
Averaged stats: Lr: 0.000010  Loss: 0.0136  Acc@1: 100.0000 (99.8438)  Acc@5: 100.0000 (100.0000)
Averaged stats: Lr: 0.000010  Loss: 0.0097  Acc@1: 100.0000 (99.8611)  Acc@5: 100.0000 (100.0000)
Averaged stats: Lr: 0.000010  Loss: 0.0105  Acc@1: 100.0000 (99.8351)  Acc@5: 100.0000 (100.0000)
Averaged stats: Lr: 0.000010  Loss: 0.0105  Acc@1: 100.0000 (99.9306)  Acc@5: 100.0000 (100.0000)
Averaged stats: Lr: 0.000009  Loss: 0.0157  Acc@1: 100.0000 (99.8958)  Acc@5: 100.0000 (100.0000)
Averaged stats: Lr: 0.000009  Loss: 0.0059  Acc@1: 100.0000 (99.9219)  Acc@5: 100.0000 (100.0000)
Averaged stats: Lr: 0.000009  Loss: 0.0130  Acc@1: 100.0000 (99.9306)  Acc@5: 100.0000 (100.0000)
Averaged stats: Lr: 0.000009  Loss: 0.0165  Acc@1: 100.0000 (99.9479)  Acc@5: 100.0000 (100.0000)
Averaged stats: Lr: 0.000009  Loss: 0.0064  Acc@1: 100.0000 (99.9132)  Acc@5: 100.0000 (100.0000)
Averaged stats: Lr: 0.000009  Loss: 0.0067  Acc@1: 100.0000 (99.9045)  Acc@5: 100.0000 (100.0000)
Averaged stats: Lr: 0.000008  Loss: 0.0234  Acc@1: 100.0000 (99.9392)  Acc@5: 100.0000 (100.0000)
Averaged stats: Lr: 0.000008  Loss: 0.0062  Acc@1: 100.0000 (99.9392)  Acc@5: 100.0000 (100.0000)
Averaged stats: Lr: 0.000008  Loss: 0.0078  Acc@1: 100.0000 (99.8958)  Acc@5: 100.0000 (100.0000)
Averaged stats: Lr: 0.000008  Loss: 0.0059  Acc@1: 100.0000 (99.9132)  Acc@5: 100.0000 (100.0000)
Averaged stats: Lr: 0.000007  Loss: 0.0089  Acc@1: 100.0000 (99.9219)  Acc@5: 100.0000 (100.0000)
Averaged stats: Lr: 0.000007  Loss: 0.0117  Acc@1: 100.0000 (99.9392)  Acc@5: 100.0000 (100.0000)
Averaged stats: Lr: 0.000007  Loss: 0.0088  Acc@1: 100.0000 (99.9045)  Acc@5: 100.0000 (100.0000)
Averaged stats: Lr: 0.000007  Loss: 0.0101  Acc@1: 100.0000 (99.8958)  Acc@5: 100.0000 (100.0000)
Averaged stats: Lr: 0.000006  Loss: 0.0028  Acc@1: 100.0000 (99.9479)  Acc@5: 100.0000 (100.0000)
Averaged stats: Lr: 0.000006  Loss: 0.0058  Acc@1: 100.0000 (99.9479)  Acc@5: 100.0000 (100.0000)
Averaged stats: Lr: 0.000006  Loss: 0.0065  Acc@1: 100.0000 (99.9306)  Acc@5: 100.0000 (100.0000)
Averaged stats: Lr: 0.000006  Loss: 0.0080  Acc@1: 100.0000 (99.8958)  Acc@5: 100.0000 (100.0000)
Averaged stats: Lr: 0.000005  Loss: 0.0059  Acc@1: 100.0000 (99.9653)  Acc@5: 100.0000 (100.0000)
Averaged stats: Lr: 0.000005  Loss: 0.0073  Acc@1: 100.0000 (99.9045)  Acc@5: 100.0000 (100.0000)
Averaged stats: Lr: 0.000005  Loss: 0.0102  Acc@1: 100.0000 (99.9479)  Acc@5: 100.0000 (100.0000)
Averaged stats: Lr: 0.000004  Loss: 0.0063  Acc@1: 100.0000 (99.9826)  Acc@5: 100.0000 (100.0000)
Averaged stats: Lr: 0.000004  Loss: 0.0089  Acc@1: 100.0000 (99.9392)  Acc@5: 100.0000 (100.0000)
Averaged stats: Lr: 0.000004  Loss: 0.0085  Acc@1: 100.0000 (99.9566)  Acc@5: 100.0000 (100.0000)
Averaged stats: Lr: 0.000004  Loss: 0.0061  Acc@1: 100.0000 (99.9479)  Acc@5: 100.0000 (100.0000)
Averaged stats: Lr: 0.000003  Loss: 0.0048  Acc@1: 100.0000 (99.9392)  Acc@5: 100.0000 (100.0000)
Averaged stats: Lr: 0.000003  Loss: 0.0064  Acc@1: 100.0000 (99.9219)  Acc@5: 100.0000 (100.0000)
Averaged stats: Lr: 0.000003  Loss: 0.0040  Acc@1: 100.0000 (99.9306)  Acc@5: 100.0000 (100.0000)
Averaged stats: Lr: 0.000003  Loss: 0.0062  Acc@1: 100.0000 (99.9219)  Acc@5: 100.0000 (100.0000)
Averaged stats: Lr: 0.000002  Loss: 0.0099  Acc@1: 100.0000 (99.9392)  Acc@5: 100.0000 (100.0000)
Averaged stats: Lr: 0.000002  Loss: 0.0102  Acc@1: 100.0000 (99.9479)  Acc@5: 100.0000 (100.0000)
Averaged stats: Lr: 0.000002  Loss: 0.0115  Acc@1: 100.0000 (99.9653)  Acc@5: 100.0000 (100.0000)
Averaged stats: Lr: 0.000002  Loss: 0.0047  Acc@1: 100.0000 (99.9219)  Acc@5: 100.0000 (100.0000)
Averaged stats: Lr: 0.000002  Loss: 0.0074  Acc@1: 100.0000 (99.9479)  Acc@5: 100.0000 (100.0000)
Averaged stats: Lr: 0.000002  Loss: 0.0099  Acc@1: 100.0000 (99.9826)  Acc@5: 100.0000 (100.0000)
Averaged stats: Lr: 0.000001  Loss: 0.0047  Acc@1: 100.0000 (99.9479)  Acc@5: 100.0000 (100.0000)
Averaged stats: Lr: 0.000001  Loss: 0.0071  Acc@1: 100.0000 (99.9566)  Acc@5: 100.0000 (100.0000)
Averaged stats: Lr: 0.000001  Loss: 0.0060  Acc@1: 100.0000 (99.9740)  Acc@5: 100.0000 (100.0000)
Averaged stats: Lr: 0.000001  Loss: 0.0094  Acc@1: 100.0000 (99.9826)  Acc@5: 100.0000 (100.0000)
Averaged stats: Lr: 0.000001  Loss: 0.0112  Acc@1: 100.0000 (99.9740)  Acc@5: 100.0000 (100.0000)
Averaged stats: Lr: 0.000001  Loss: 0.0088  Acc@1: 100.0000 (99.9392)  Acc@5: 100.0000 (100.0000)
Averaged stats: Lr: 0.000001  Loss: 0.0060  Acc@1: 100.0000 (99.9740)  Acc@5: 100.0000 (100.0000)
Averaged stats: Lr: 0.000001  Loss: 0.0063  Acc@1: 100.0000 (99.9219)  Acc@5: 100.0000 (100.0000)
=> Saving class model to: outputs/cifar-100/10-task/v5-usage-cumulative-strictcurrent-max10-topk16/models/repeat-1/task-10/
=> Save Done
validation split name (local False): 1
 * Val Acc 86.000, Total time 3.41
validation split name (local False): 2
 * Val Acc 84.700, Total time 3.32
validation split name (local False): 3
 * Val Acc 87.000, Total time 3.51
validation split name (local False): 4
 * Val Acc 91.700, Total time 3.59
validation split name (local False): 5
 * Val Acc 92.800, Total time 3.29
validation split name (local False): 6
 * Val Acc 84.500, Total time 3.48
validation split name (local False): 7
 * Val Acc 89.400, Total time 3.53
validation split name (local False): 8
 * Val Acc 93.800, Total time 3.35
validation split name (local False): 9
 * Val Acc 89.500, Total time 3.35
validation split name (local False): 10
 * Val Acc 90.700, Total time 3.32
Averaged accuracy for task 10: 89.01
Loading sup1k from pretrained/vit_base_patch16_224_augreg2_in21k_ft_in1k.bin ...
Total params: 86105956
Tune params: 307300
Tune ratio: 0.36
Prompt params: 230400
Prompt ratio: 0.27
Incremental class: Old valid output dimension: 0
Incremental class: New Valid output dimension: 10
=> Load Done from outputs/cifar-100/10-task/v5-usage-cumulative-strictcurrent-max10-topk16/models/repeat-1/task-1/
validation split name (local False): 1
 * Val Acc 98.700, Total time 3.46
Averaged accuracy for task 1: 98.7
Saving old prompts
Incremental class: Old valid output dimension: 10
Incremental class: New Valid output dimension: 20
=> Load Done from outputs/cifar-100/10-task/v5-usage-cumulative-strictcurrent-max10-topk16/models/repeat-1/task-2/
validation split name (local False): 1
 * Val Acc 96.700, Total time 3.44
validation split name (local False): 2
 * Val Acc 92.000, Total time 3.38
Averaged accuracy for task 2: 94.35
Saving old prompts
Incremental class: Old valid output dimension: 20
Incremental class: New Valid output dimension: 30
=> Load Done from outputs/cifar-100/10-task/v5-usage-cumulative-strictcurrent-max10-topk16/models/repeat-1/task-3/
validation split name (local False): 1
 * Val Acc 95.800, Total time 3.47
validation split name (local False): 2
 * Val Acc 89.100, Total time 3.43
validation split name (local False): 3
 * Val Acc 95.500, Total time 3.49
Averaged accuracy for task 3: 93.46666666666665
Saving old prompts
Incremental class: Old valid output dimension: 30
Incremental class: New Valid output dimension: 40
=> Load Done from outputs/cifar-100/10-task/v5-usage-cumulative-strictcurrent-max10-topk16/models/repeat-1/task-4/
validation split name (local False): 1
 * Val Acc 94.400, Total time 3.40
validation split name (local False): 2
 * Val Acc 88.400, Total time 3.30
validation split name (local False): 3
 * Val Acc 94.200, Total time 3.31
validation split name (local False): 4
 * Val Acc 95.200, Total time 3.34
Averaged accuracy for task 4: 93.05
Saving old prompts
Incremental class: Old valid output dimension: 40
Incremental class: New Valid output dimension: 50
=> Load Done from outputs/cifar-100/10-task/v5-usage-cumulative-strictcurrent-max10-topk16/models/repeat-1/task-5/
validation split name (local False): 1
 * Val Acc 93.800, Total time 3.47
validation split name (local False): 2
 * Val Acc 87.200, Total time 3.59
validation split name (local False): 3
 * Val Acc 92.900, Total time 3.60
validation split name (local False): 4
 * Val Acc 94.900, Total time 3.42
validation split name (local False): 5
 * Val Acc 96.700, Total time 3.42
Averaged accuracy for task 5: 93.1
Saving old prompts
Incremental class: Old valid output dimension: 50
Incremental class: New Valid output dimension: 60
=> Load Done from outputs/cifar-100/10-task/v5-usage-cumulative-strictcurrent-max10-topk16/models/repeat-1/task-6/
validation split name (local False): 1
 * Val Acc 91.600, Total time 3.55
validation split name (local False): 2
 * Val Acc 87.100, Total time 3.30
validation split name (local False): 3
 * Val Acc 91.900, Total time 3.29
validation split name (local False): 4
 * Val Acc 94.200, Total time 3.31
validation split name (local False): 5
 * Val Acc 95.400, Total time 3.28
validation split name (local False): 6
 * Val Acc 84.500, Total time 3.29
Averaged accuracy for task 6: 90.78333333333335
Saving old prompts
Incremental class: Old valid output dimension: 60
Incremental class: New Valid output dimension: 70
=> Load Done from outputs/cifar-100/10-task/v5-usage-cumulative-strictcurrent-max10-topk16/models/repeat-1/task-7/
validation split name (local False): 1
 * Val Acc 89.800, Total time 3.43
validation split name (local False): 2
 * Val Acc 85.700, Total time 3.31
validation split name (local False): 3
 * Val Acc 91.100, Total time 3.30
validation split name (local False): 4
 * Val Acc 93.200, Total time 3.31
validation split name (local False): 5
 * Val Acc 93.900, Total time 3.31
validation split name (local False): 6
 * Val Acc 84.800, Total time 3.28
validation split name (local False): 7
 * Val Acc 91.500, Total time 3.30
Averaged accuracy for task 7: 90.0
Saving old prompts
Incremental class: Old valid output dimension: 70
Incremental class: New Valid output dimension: 80
=> Load Done from outputs/cifar-100/10-task/v5-usage-cumulative-strictcurrent-max10-topk16/models/repeat-1/task-8/
validation split name (local False): 1
 * Val Acc 87.800, Total time 3.40
validation split name (local False): 2
 * Val Acc 84.800, Total time 3.34
validation split name (local False): 3
 * Val Acc 89.900, Total time 3.34
validation split name (local False): 4
 * Val Acc 92.300, Total time 3.32
validation split name (local False): 5
 * Val Acc 94.000, Total time 3.32
validation split name (local False): 6
 * Val Acc 85.000, Total time 3.34
validation split name (local False): 7
 * Val Acc 91.300, Total time 3.34
validation split name (local False): 8
 * Val Acc 93.000, Total time 3.29
Averaged accuracy for task 8: 89.76249999999999
Saving old prompts
Incremental class: Old valid output dimension: 80
Incremental class: New Valid output dimension: 90
=> Load Done from outputs/cifar-100/10-task/v5-usage-cumulative-strictcurrent-max10-topk16/models/repeat-1/task-9/
validation split name (local False): 1
 * Val Acc 85.800, Total time 3.41
validation split name (local False): 2
 * Val Acc 85.100, Total time 3.30
validation split name (local False): 3
 * Val Acc 89.700, Total time 3.30
validation split name (local False): 4
 * Val Acc 92.300, Total time 3.29
validation split name (local False): 5
 * Val Acc 93.300, Total time 3.32
validation split name (local False): 6
 * Val Acc 85.400, Total time 3.30
validation split name (local False): 7
 * Val Acc 90.900, Total time 3.31
validation split name (local False): 8
 * Val Acc 94.200, Total time 3.31
validation split name (local False): 9
 * Val Acc 88.000, Total time 3.30
Averaged accuracy for task 9: 89.41111111111111
Saving old prompts
Incremental class: Old valid output dimension: 90
Incremental class: New Valid output dimension: 100
=> Load Done from outputs/cifar-100/10-task/v5-usage-cumulative-strictcurrent-max10-topk16/models/repeat-1/task-10/
validation split name (local False): 1
 * Val Acc 86.000, Total time 3.42
validation split name (local False): 2
 * Val Acc 84.700, Total time 3.30
validation split name (local False): 3
 * Val Acc 87.000, Total time 3.35
validation split name (local False): 4
 * Val Acc 91.700, Total time 3.34
validation split name (local False): 5
 * Val Acc 92.800, Total time 3.31
validation split name (local False): 6
 * Val Acc 84.500, Total time 3.29
validation split name (local False): 7
 * Val Acc 89.400, Total time 3.34
validation split name (local False): 8
 * Val Acc 93.800, Total time 3.33
validation split name (local False): 9
 * Val Acc 89.500, Total time 3.32
validation split name (local False): 10
 * Val Acc 90.700, Total time 3.35
Averaged accuracy for task 10: 89.01
=== Total time: 4:02:44 ===
===Summary of experiment repeats: 1 / 1 ===
acc  | mean: 89.01 std: 0.0
time  | mean: 1.6965909196780278 std: 0.0
fr  | mean: 4.200000000000001 std: 0.0
FAA | mean: 89.01 std: 0.0
CAA | mean: 92.16336111111112 std: 0.0
FR | mean: 4.200000000000001 std: 0.0
