************************************
* STARTING TRIAL 1
************************************
=============================================
Shuffling....
pre-shuffle:[0, 1, 2, 3, 4, 5, 6, 7, 8, 9, 10, 11, 12, 13, 14, 15, 16, 17, 18, 19, 20, 21, 22, 23, 24, 25, 26, 27, 28, 29, 30, 31, 32, 33, 34, 35, 36, 37, 38, 39, 40, 41, 42, 43, 44, 45, 46, 47, 48, 49, 50, 51, 52, 53, 54, 55, 56, 57, 58, 59, 60, 61, 62, 63, 64, 65, 66, 67, 68, 69, 70, 71, 72, 73, 74, 75, 76, 77, 78, 79, 80, 81, 82, 83, 84, 85, 86, 87, 88, 89, 90, 91, 92, 93, 94, 95, 96, 97, 98, 99]
post-shuffle:[23, 8, 11, 7, 48, 13, 1, 91, 94, 54, 16, 63, 52, 41, 80, 2, 47, 87, 78, 66, 19, 6, 24, 10, 59, 30, 22, 29, 83, 37, 93, 81, 43, 99, 86, 28, 34, 88, 44, 14, 84, 70, 4, 20, 15, 21, 31, 76, 57, 67, 73, 50, 69, 25, 98, 46, 96, 0, 72, 35, 58, 92, 3, 95, 56, 90, 26, 40, 55, 89, 75, 71, 60, 42, 9, 82, 39, 18, 77, 68, 32, 79, 12, 85, 36, 17, 64, 27, 74, 45, 61, 38, 51, 62, 65, 33, 5, 53, 97, 49]
=============================================
Files already downloaded and verified
Loading sup1k from pretrained/vit_base_patch16_224_augreg2_in21k_ft_in1k.bin ...
Total params: 86105956
Tune params: 307300
Tune ratio: 0.36
Prompt params: 230400
Prompt ratio: 0.27
Total parameters: 86105956
====================== 1 =======================
Incremental class: Old valid output dimension: 0
Incremental class: New Valid output dimension: 10
Optimizer is reset!
Total params: 86105956
Tune params: 307300
Tune ratio: 0.36
Prompt params: 230400
Prompt ratio: 0.27
[DEBUG] v1_config = {'lambda_pk': 0.0005, 'lambda_pv': 0.015, 'lambda_feat': 0.0, 'freq_threshold': 0.01, 'max_feature_memories': 0, 'route_balance_weight': 0.0002, 'route_prior_weight': 0.0001, 'route_prior_momentum': 0.7, 'use_split_lite': True, 'split_lite_components': ('e_pv',), 'split_lite_rank': 4, 'split_lite_alpha': 0.2, 'split_lite_interval': 20, 'split_lite_buffer_size': 24, 'split_lite_expert_threshold': 0.03, 'split_lite_active_topk': 16, 'split_lite_strict_current_topk': False, 'expert_usage_mode': 'old_union', 'enable_usage_diagnostics': True, 'enable_sensitivity_diagnostics': True, 'sensitivity_rank': 4, 'sensitivity_max_memories': 4, 'split_lite_min_task': 1, 'split_lite_basis_decay': 0.7, 'use_transient_prompt': False, 'transient_warmup_batches': 20, 'transient_lr': 0.001, 'transient_min_task': 1, 'transient_cp_bias_weight': 0.1, 'transient_protect_scale': 1.0, 'temperature': 1.0, 'key_temperature': 2.0, 'enable_diagnostic_log': False, 'diagnostic_log_interval': 50}
----------
Initial training...
Optimizer is reset!
Total params: 86105956
Tune params: 307300
Tune ratio: 0.36
Prompt params: 230400
Prompt ratio: 0.27
Epoch:1/10  * Loss 2.145 | Train Acc 28.425
Epoch:2/10  * Loss 2.112 | Train Acc 30.709
Epoch:3/10  * Loss 0.696 | Train Acc 78.486
Epoch:4/10  * Loss 0.265 | Train Acc 92.408
Epoch:5/10  * Loss 0.212 | Train Acc 93.369
Epoch:6/10  * Loss 0.174 | Train Acc 94.491
Epoch:7/10  * Loss 0.187 | Train Acc 94.211
Epoch:8/10  * Loss 0.154 | Train Acc 95.132
Epoch:9/10  * Loss 0.157 | Train Acc 94.972
Epoch:10/10  * Loss 0.139 | Train Acc 95.393
Optimizer is reset!
Total params: 86105956
Tune params: 307300
Tune ratio: 0.36
Prompt params: 230400
Prompt ratio: 0.27
Epoch:1/20  * Loss 0.259 | Train Acc 92.989
Epoch:2/20  * Loss 0.226 | Train Acc 93.630
Epoch:3/20  * Loss 0.257 | Train Acc 92.628
Epoch:4/20  * Loss 0.203 | Train Acc 93.950
Epoch:5/20  * Loss 0.174 | Train Acc 95.152
Epoch:6/20  * Loss 0.163 | Train Acc 95.052
Epoch:7/20  * Loss 0.163 | Train Acc 95.232
Epoch:8/20  * Loss 0.151 | Train Acc 95.192
Epoch:9/20  * Loss 0.164 | Train Acc 95.152
Epoch:10/20  * Loss 0.150 | Train Acc 95.593
Epoch:11/20  * Loss 0.143 | Train Acc 95.633
Epoch:12/20  * Loss 0.140 | Train Acc 95.633
Epoch:13/20  * Loss 0.128 | Train Acc 96.014
Epoch:14/20  * Loss 0.122 | Train Acc 96.334
Epoch:15/20  * Loss 0.126 | Train Acc 96.194
Epoch:16/20  * Loss 0.118 | Train Acc 96.534
Epoch:17/20  * Loss 0.119 | Train Acc 96.314
Epoch:18/20  * Loss 0.107 | Train Acc 96.655
Epoch:19/20  * Loss 0.117 | Train Acc 96.695
Epoch:20/20  * Loss 0.109 | Train Acc 96.715
----------
Selecting Experts...
----------
[v3] Saved e_pk snapshot: 1800 params
[v3] Saved e_pv snapshot: 1800 params
[v3] Saved e_pv proto outputs: torch.Size([10, 1800])
[sensitivity] Task 0 pre_finalize overlap: {}
[v4-split-lite] Task 0 basis updated: {'e_pv': {'0': 4, '2': 4, '3': 4, '4': 4, '6': 4, '8': 4, '9': 4, '10': 4, '13': 4, '14': 4, '15': 4, '18': 4, '19': 4, '21': 4, '22': 4, '24': 4}}
[sensitivity] Task 0 post_finalize overlap: {}
[v3] Task 0 memory saved. Total old memories: 1
=> Saving class model to: outputs/cifar-100/10-task/v5-sensitivity-old_union-nonstrict-topk16-rank4-alpha0.2/models/repeat-1/task-1/
=> Save Done
validation split name (local False): 1
 * Val Acc 98.700, Total time 3.25
Averaged accuracy for task 1: 98.7
====================== 2 =======================
Incremental class: Old valid output dimension: 10
Incremental class: New Valid output dimension: 20
Saving old prompts
Optimizer is reset!
Total params: 86105956
Tune params: 307300
Tune ratio: 0.36
Prompt params: 230400
Prompt ratio: 0.27
Epoch:1/20  * Loss 1.516 | Train Acc 57.312
Epoch:2/20  * Loss 1.495 | Train Acc 59.235
Epoch:3/20  * Loss 0.572 | Train Acc 83.874
Epoch:4/20  * Loss 0.323 | Train Acc 89.563
Epoch:5/20  * Loss 0.311 | Train Acc 89.283
Epoch:6/20  * Loss 0.260 | Train Acc 90.725
Epoch:7/20  * Loss 0.262 | Train Acc 90.525
Epoch:8/20  * Loss 0.235 | Train Acc 91.266
Epoch:9/20  * Loss 0.234 | Train Acc 91.567
Epoch:10/20  * Loss 0.246 | Train Acc 91.406
Epoch:11/20  * Loss 0.242 | Train Acc 91.346
Epoch:12/20  * Loss 0.223 | Train Acc 92.368
Epoch:13/20  * Loss 0.231 | Train Acc 92.147
Epoch:14/20  * Loss 0.226 | Train Acc 92.147
Epoch:15/20  * Loss 0.219 | Train Acc 92.528
Epoch:16/20  * Loss 0.201 | Train Acc 92.849
Epoch:17/20  * Loss 0.203 | Train Acc 92.608
Epoch:18/20  * Loss 0.187 | Train Acc 93.349
Epoch:19/20  * Loss 0.206 | Train Acc 92.788
Epoch:20/20  * Loss 0.198 | Train Acc 92.929
----------
Selecting Experts...
----------
[v3] Saved e_pk snapshot: 1800 params
[v3] Saved e_pv snapshot: 1800 params
[v3] Saved e_pv proto outputs: torch.Size([10, 1800])
[sensitivity] Task 1 pre_finalize overlap: {'num_experts': 16, 'mean_overlap': 0.0034574696328490973, 'min_overlap': 0.0009038300486281514, 'max_overlap': 0.013982039876282215, 'low_overlap_lt_0_2': 16, 'mid_overlap_0_2_to_0_5': 0, 'high_overlap_ge_0_5': 0}
[v4-split-lite] Task 1 basis updated: {'e_pv': {'0': 4, '2': 4, '3': 4, '4': 4, '6': 4, '7': 4, '9': 4, '10': 4, '13': 4, '14': 4, '15': 4, '18': 4, '19': 4, '21': 4, '22': 4, '24': 4}}
[sensitivity] Task 1 post_finalize overlap: {'num_experts': 17, 'mean_overlap': 0.0031287665478885174, 'min_overlap': 0.0011398440692573786, 'max_overlap': 0.007823596708476543, 'low_overlap_lt_0_2': 17, 'mid_overlap_0_2_to_0_5': 0, 'high_overlap_ge_0_5': 0}
[v3] Task 1 memory saved. Total old memories: 2
Averaged stats: Lr: 0.000010  Loss: 0.0383  Acc@1: 99.2188 (98.6719)  Acc@5: 100.0000 (100.0000)
Averaged stats: Lr: 0.000010  Loss: 0.0295  Acc@1: 99.2188 (99.0625)  Acc@5: 100.0000 (100.0000)
Averaged stats: Lr: 0.000010  Loss: 0.0409  Acc@1: 98.4375 (98.5156)  Acc@5: 100.0000 (100.0000)
Averaged stats: Lr: 0.000010  Loss: 0.0415  Acc@1: 98.4375 (98.2031)  Acc@5: 100.0000 (100.0000)
Averaged stats: Lr: 0.000010  Loss: 0.0577  Acc@1: 99.2188 (99.0625)  Acc@5: 100.0000 (100.0000)
Averaged stats: Lr: 0.000010  Loss: 0.0300  Acc@1: 99.2188 (98.9062)  Acc@5: 100.0000 (100.0000)
Averaged stats: Lr: 0.000010  Loss: 0.0434  Acc@1: 99.2188 (99.1406)  Acc@5: 100.0000 (100.0000)
Averaged stats: Lr: 0.000009  Loss: 0.0390  Acc@1: 99.2188 (99.1406)  Acc@5: 100.0000 (100.0000)
Averaged stats: Lr: 0.000009  Loss: 0.0576  Acc@1: 98.4375 (98.2812)  Acc@5: 100.0000 (100.0000)
Averaged stats: Lr: 0.000009  Loss: 0.0422  Acc@1: 99.2188 (98.9062)  Acc@5: 100.0000 (100.0000)
Averaged stats: Lr: 0.000009  Loss: 0.0517  Acc@1: 100.0000 (99.5312)  Acc@5: 100.0000 (100.0000)
Averaged stats: Lr: 0.000009  Loss: 0.0367  Acc@1: 99.2188 (98.9062)  Acc@5: 100.0000 (100.0000)
Averaged stats: Lr: 0.000009  Loss: 0.0368  Acc@1: 99.2188 (99.3750)  Acc@5: 100.0000 (100.0000)
Averaged stats: Lr: 0.000008  Loss: 0.0417  Acc@1: 99.2188 (99.2969)  Acc@5: 100.0000 (100.0000)
Averaged stats: Lr: 0.000008  Loss: 0.0400  Acc@1: 99.2188 (99.0625)  Acc@5: 100.0000 (100.0000)
Averaged stats: Lr: 0.000008  Loss: 0.0417  Acc@1: 99.2188 (99.3750)  Acc@5: 100.0000 (100.0000)
Averaged stats: Lr: 0.000008  Loss: 0.0274  Acc@1: 99.2188 (99.0625)  Acc@5: 100.0000 (100.0000)
Averaged stats: Lr: 0.000007  Loss: 0.0217  Acc@1: 98.4375 (98.7500)  Acc@5: 100.0000 (100.0000)
Averaged stats: Lr: 0.000007  Loss: 0.0263  Acc@1: 99.2188 (99.1406)  Acc@5: 100.0000 (100.0000)
Averaged stats: Lr: 0.000007  Loss: 0.0565  Acc@1: 99.2188 (99.1406)  Acc@5: 100.0000 (100.0000)
Averaged stats: Lr: 0.000007  Loss: 0.0266  Acc@1: 98.4375 (98.9844)  Acc@5: 100.0000 (100.0000)
Averaged stats: Lr: 0.000006  Loss: 0.0227  Acc@1: 99.2188 (99.3750)  Acc@5: 100.0000 (100.0000)
Averaged stats: Lr: 0.000006  Loss: 0.0376  Acc@1: 99.2188 (99.0625)  Acc@5: 100.0000 (100.0000)
Averaged stats: Lr: 0.000006  Loss: 0.0281  Acc@1: 99.2188 (98.9844)  Acc@5: 100.0000 (100.0000)
Averaged stats: Lr: 0.000006  Loss: 0.0557  Acc@1: 98.4375 (98.4375)  Acc@5: 100.0000 (100.0000)
Averaged stats: Lr: 0.000005  Loss: 0.0231  Acc@1: 99.2188 (98.9844)  Acc@5: 100.0000 (100.0000)
Averaged stats: Lr: 0.000005  Loss: 0.0623  Acc@1: 98.4375 (98.9844)  Acc@5: 100.0000 (100.0000)
Averaged stats: Lr: 0.000005  Loss: 0.0412  Acc@1: 99.2188 (99.2188)  Acc@5: 100.0000 (100.0000)
Averaged stats: Lr: 0.000004  Loss: 0.0253  Acc@1: 99.2188 (99.4531)  Acc@5: 100.0000 (100.0000)
Averaged stats: Lr: 0.000004  Loss: 0.0354  Acc@1: 99.2188 (99.2188)  Acc@5: 100.0000 (100.0000)
Averaged stats: Lr: 0.000004  Loss: 0.0494  Acc@1: 98.4375 (98.8281)  Acc@5: 100.0000 (100.0000)
Averaged stats: Lr: 0.000004  Loss: 0.0414  Acc@1: 98.4375 (98.5938)  Acc@5: 100.0000 (100.0000)
Averaged stats: Lr: 0.000003  Loss: 0.0194  Acc@1: 99.2188 (99.4531)  Acc@5: 100.0000 (100.0000)
Averaged stats: Lr: 0.000003  Loss: 0.0286  Acc@1: 99.2188 (98.8281)  Acc@5: 100.0000 (100.0000)
Averaged stats: Lr: 0.000003  Loss: 0.0320  Acc@1: 99.2188 (99.0625)  Acc@5: 100.0000 (100.0000)
Averaged stats: Lr: 0.000003  Loss: 0.0285  Acc@1: 99.2188 (99.2969)  Acc@5: 100.0000 (100.0000)
Averaged stats: Lr: 0.000002  Loss: 0.0184  Acc@1: 98.4375 (98.9062)  Acc@5: 100.0000 (100.0000)
Averaged stats: Lr: 0.000002  Loss: 0.0537  Acc@1: 99.2188 (98.9844)  Acc@5: 100.0000 (100.0000)
Averaged stats: Lr: 0.000002  Loss: 0.0308  Acc@1: 99.2188 (99.1406)  Acc@5: 100.0000 (100.0000)
Averaged stats: Lr: 0.000002  Loss: 0.0171  Acc@1: 99.2188 (99.2188)  Acc@5: 100.0000 (100.0000)
Averaged stats: Lr: 0.000002  Loss: 0.0303  Acc@1: 99.2188 (99.3750)  Acc@5: 100.0000 (100.0000)
Averaged stats: Lr: 0.000002  Loss: 0.0476  Acc@1: 99.2188 (99.2188)  Acc@5: 100.0000 (100.0000)
Averaged stats: Lr: 0.000001  Loss: 0.0299  Acc@1: 99.2188 (99.2188)  Acc@5: 100.0000 (100.0000)
Averaged stats: Lr: 0.000001  Loss: 0.0288  Acc@1: 99.2188 (99.2969)  Acc@5: 100.0000 (100.0000)
Averaged stats: Lr: 0.000001  Loss: 0.0416  Acc@1: 99.2188 (99.0625)  Acc@5: 100.0000 (100.0000)
Averaged stats: Lr: 0.000001  Loss: 0.0261  Acc@1: 99.2188 (99.5312)  Acc@5: 100.0000 (100.0000)
Averaged stats: Lr: 0.000001  Loss: 0.0558  Acc@1: 99.2188 (99.0625)  Acc@5: 100.0000 (100.0000)
Averaged stats: Lr: 0.000001  Loss: 0.0476  Acc@1: 99.2188 (99.1406)  Acc@5: 100.0000 (100.0000)
Averaged stats: Lr: 0.000001  Loss: 0.0370  Acc@1: 99.2188 (99.2969)  Acc@5: 100.0000 (100.0000)
Averaged stats: Lr: 0.000001  Loss: 0.0471  Acc@1: 98.4375 (98.5938)  Acc@5: 100.0000 (100.0000)
=> Saving class model to: outputs/cifar-100/10-task/v5-sensitivity-old_union-nonstrict-topk16-rank4-alpha0.2/models/repeat-1/task-2/
=> Save Done
validation split name (local False): 1
 * Val Acc 97.100, Total time 3.33
validation split name (local False): 2
 * Val Acc 92.000, Total time 3.18
Averaged accuracy for task 2: 94.55
====================== 3 =======================
Incremental class: Old valid output dimension: 20
Incremental class: New Valid output dimension: 30
Saving old prompts
Optimizer is reset!
Total params: 86105956
Tune params: 307300
Tune ratio: 0.36
Prompt params: 230400
Prompt ratio: 0.27
Epoch:1/20  * Loss 1.431 | Train Acc 64.183
Epoch:2/20  * Loss 1.385 | Train Acc 66.847
Epoch:3/20  * Loss 0.384 | Train Acc 90.565
Epoch:4/20  * Loss 0.215 | Train Acc 93.910
Epoch:5/20  * Loss 0.181 | Train Acc 94.712
Epoch:6/20  * Loss 0.150 | Train Acc 95.653
Epoch:7/20  * Loss 0.162 | Train Acc 95.433
Epoch:8/20  * Loss 0.171 | Train Acc 94.992
Epoch:9/20  * Loss 0.153 | Train Acc 95.613
Epoch:10/20  * Loss 0.153 | Train Acc 95.793
Epoch:11/20  * Loss 0.158 | Train Acc 95.232
Epoch:12/20  * Loss 0.135 | Train Acc 96.014
Epoch:13/20  * Loss 0.140 | Train Acc 95.954
Epoch:14/20  * Loss 0.137 | Train Acc 96.074
Epoch:15/20  * Loss 0.133 | Train Acc 96.214
Epoch:16/20  * Loss 0.130 | Train Acc 96.134
Epoch:17/20  * Loss 0.140 | Train Acc 95.873
Epoch:18/20  * Loss 0.125 | Train Acc 96.374
Epoch:19/20  * Loss 0.121 | Train Acc 96.554
Epoch:20/20  * Loss 0.133 | Train Acc 95.954
----------
Selecting Experts...
----------
[v3] Saved e_pk snapshot: 1800 params
[v3] Saved e_pv snapshot: 1800 params
[v3] Saved e_pv proto outputs: torch.Size([10, 1800])
[sensitivity] Task 2 pre_finalize overlap: {'num_experts': 17, 'mean_overlap': 0.0036127977073192596, 'min_overlap': 0.0009572573471814394, 'max_overlap': 0.01019724179059267, 'low_overlap_lt_0_2': 17, 'mid_overlap_0_2_to_0_5': 0, 'high_overlap_ge_0_5': 0}
[v4-split-lite] Task 2 basis updated: {'e_pv': {'0': 4, '2': 4, '3': 4, '4': 4, '6': 4, '7': 4, '9': 4, '10': 4, '11': 4, '13': 4, '14': 4, '15': 4, '18': 4, '19': 4, '21': 4, '22': 4}}
[sensitivity] Task 2 post_finalize overlap: {'num_experts': 18, 'mean_overlap': 0.0038923798128962517, 'min_overlap': 0.00031290235347114503, 'max_overlap': 0.01019724179059267, 'low_overlap_lt_0_2': 18, 'mid_overlap_0_2_to_0_5': 0, 'high_overlap_ge_0_5': 0}
[v3] Task 2 memory saved. Total old memories: 3
Averaged stats: Lr: 0.000010  Loss: 0.0555  Acc@1: 96.8750 (96.6406)  Acc@5: 100.0000 (100.0000)
Averaged stats: Lr: 0.000010  Loss: 0.0810  Acc@1: 97.6562 (97.3438)  Acc@5: 100.0000 (100.0000)
Averaged stats: Lr: 0.000010  Loss: 0.0487  Acc@1: 97.6562 (97.4219)  Acc@5: 100.0000 (100.0000)
Averaged stats: Lr: 0.000010  Loss: 0.0708  Acc@1: 96.8750 (97.1484)  Acc@5: 100.0000 (100.0000)
Averaged stats: Lr: 0.000010  Loss: 0.0744  Acc@1: 97.6562 (97.7734)  Acc@5: 100.0000 (100.0000)
Averaged stats: Lr: 0.000010  Loss: 0.0335  Acc@1: 97.6562 (97.8516)  Acc@5: 100.0000 (100.0000)
Averaged stats: Lr: 0.000010  Loss: 0.0525  Acc@1: 98.4375 (98.2812)  Acc@5: 100.0000 (100.0000)
Averaged stats: Lr: 0.000009  Loss: 0.0463  Acc@1: 98.4375 (98.2031)  Acc@5: 100.0000 (100.0000)
Averaged stats: Lr: 0.000009  Loss: 0.0554  Acc@1: 98.4375 (98.3594)  Acc@5: 100.0000 (100.0000)
Averaged stats: Lr: 0.000009  Loss: 0.0305  Acc@1: 98.4375 (98.6328)  Acc@5: 100.0000 (100.0000)
Averaged stats: Lr: 0.000009  Loss: 0.0659  Acc@1: 98.4375 (98.5547)  Acc@5: 100.0000 (100.0000)
Averaged stats: Lr: 0.000009  Loss: 0.0532  Acc@1: 98.4375 (98.5938)  Acc@5: 100.0000 (100.0000)
Averaged stats: Lr: 0.000009  Loss: 0.0241  Acc@1: 98.4375 (98.5156)  Acc@5: 100.0000 (100.0000)
Averaged stats: Lr: 0.000008  Loss: 0.0301  Acc@1: 99.2188 (98.9844)  Acc@5: 100.0000 (100.0000)
Averaged stats: Lr: 0.000008  Loss: 0.0734  Acc@1: 99.2188 (98.6719)  Acc@5: 100.0000 (100.0000)
Averaged stats: Lr: 0.000008  Loss: 0.0558  Acc@1: 99.2188 (99.2969)  Acc@5: 100.0000 (100.0000)
Averaged stats: Lr: 0.000008  Loss: 0.0649  Acc@1: 99.2188 (99.4141)  Acc@5: 100.0000 (100.0000)
Averaged stats: Lr: 0.000007  Loss: 0.0512  Acc@1: 99.2188 (99.1016)  Acc@5: 100.0000 (100.0000)
Averaged stats: Lr: 0.000007  Loss: 0.0394  Acc@1: 99.2188 (99.2188)  Acc@5: 100.0000 (100.0000)
Averaged stats: Lr: 0.000007  Loss: 0.0437  Acc@1: 99.2188 (99.1406)  Acc@5: 100.0000 (100.0000)
Averaged stats: Lr: 0.000007  Loss: 0.0322  Acc@1: 99.2188 (99.3359)  Acc@5: 100.0000 (100.0000)
Averaged stats: Lr: 0.000006  Loss: 0.0595  Acc@1: 99.2188 (98.9453)  Acc@5: 100.0000 (100.0000)
Averaged stats: Lr: 0.000006  Loss: 0.0332  Acc@1: 99.2188 (99.2578)  Acc@5: 100.0000 (100.0000)
Averaged stats: Lr: 0.000006  Loss: 0.0370  Acc@1: 99.2188 (99.3750)  Acc@5: 100.0000 (100.0000)
Averaged stats: Lr: 0.000006  Loss: 0.0307  Acc@1: 99.2188 (99.3359)  Acc@5: 100.0000 (100.0000)
Averaged stats: Lr: 0.000005  Loss: 0.0479  Acc@1: 99.2188 (99.2188)  Acc@5: 100.0000 (100.0000)
Averaged stats: Lr: 0.000005  Loss: 0.0414  Acc@1: 99.2188 (98.8672)  Acc@5: 100.0000 (100.0000)
Averaged stats: Lr: 0.000005  Loss: 0.0583  Acc@1: 99.2188 (99.2578)  Acc@5: 100.0000 (100.0000)
Averaged stats: Lr: 0.000004  Loss: 0.0481  Acc@1: 99.2188 (99.2188)  Acc@5: 100.0000 (100.0000)
Averaged stats: Lr: 0.000004  Loss: 0.0472  Acc@1: 100.0000 (99.6094)  Acc@5: 100.0000 (100.0000)
Averaged stats: Lr: 0.000004  Loss: 0.0285  Acc@1: 100.0000 (99.6094)  Acc@5: 100.0000 (100.0000)
Averaged stats: Lr: 0.000004  Loss: 0.0381  Acc@1: 99.2188 (99.2188)  Acc@5: 100.0000 (100.0000)
Averaged stats: Lr: 0.000003  Loss: 0.0421  Acc@1: 100.0000 (99.6094)  Acc@5: 100.0000 (100.0000)
Averaged stats: Lr: 0.000003  Loss: 0.0489  Acc@1: 99.2188 (99.3359)  Acc@5: 100.0000 (100.0000)
Averaged stats: Lr: 0.000003  Loss: 0.0399  Acc@1: 99.2188 (99.4922)  Acc@5: 100.0000 (100.0000)
Averaged stats: Lr: 0.000003  Loss: 0.0429  Acc@1: 99.2188 (99.2969)  Acc@5: 100.0000 (100.0000)
Averaged stats: Lr: 0.000002  Loss: 0.0289  Acc@1: 100.0000 (99.6875)  Acc@5: 100.0000 (100.0000)
Averaged stats: Lr: 0.000002  Loss: 0.0404  Acc@1: 99.2188 (99.5312)  Acc@5: 100.0000 (100.0000)
Averaged stats: Lr: 0.000002  Loss: 0.0282  Acc@1: 99.2188 (99.2578)  Acc@5: 100.0000 (100.0000)
Averaged stats: Lr: 0.000002  Loss: 0.0460  Acc@1: 99.2188 (99.1797)  Acc@5: 100.0000 (100.0000)
Averaged stats: Lr: 0.000002  Loss: 0.0329  Acc@1: 99.2188 (99.4141)  Acc@5: 100.0000 (100.0000)
Averaged stats: Lr: 0.000002  Loss: 0.0226  Acc@1: 99.2188 (98.9453)  Acc@5: 100.0000 (100.0000)
Averaged stats: Lr: 0.000001  Loss: 0.0232  Acc@1: 99.2188 (99.4141)  Acc@5: 100.0000 (100.0000)
Averaged stats: Lr: 0.000001  Loss: 0.0324  Acc@1: 99.2188 (99.3750)  Acc@5: 100.0000 (100.0000)
Averaged stats: Lr: 0.000001  Loss: 0.0538  Acc@1: 99.2188 (99.5312)  Acc@5: 100.0000 (100.0000)
Averaged stats: Lr: 0.000001  Loss: 0.0636  Acc@1: 99.2188 (99.2578)  Acc@5: 100.0000 (100.0000)
Averaged stats: Lr: 0.000001  Loss: 0.0460  Acc@1: 99.2188 (99.3359)  Acc@5: 100.0000 (100.0000)
Averaged stats: Lr: 0.000001  Loss: 0.0418  Acc@1: 99.2188 (99.0625)  Acc@5: 100.0000 (100.0000)
Averaged stats: Lr: 0.000001  Loss: 0.0226  Acc@1: 99.2188 (99.4531)  Acc@5: 100.0000 (100.0000)
Averaged stats: Lr: 0.000001  Loss: 0.0408  Acc@1: 99.2188 (99.2969)  Acc@5: 100.0000 (100.0000)
=> Saving class model to: outputs/cifar-100/10-task/v5-sensitivity-old_union-nonstrict-topk16-rank4-alpha0.2/models/repeat-1/task-3/
=> Save Done
validation split name (local False): 1
 * Val Acc 95.800, Total time 3.29
validation split name (local False): 2
 * Val Acc 89.400, Total time 3.17
validation split name (local False): 3
 * Val Acc 95.500, Total time 3.18
Averaged accuracy for task 3: 93.56666666666666
====================== 4 =======================
Incremental class: Old valid output dimension: 30
Incremental class: New Valid output dimension: 40
Saving old prompts
Optimizer is reset!
Total params: 86105956
Tune params: 307300
Tune ratio: 0.36
Prompt params: 230400
Prompt ratio: 0.27
Epoch:1/20  * Loss 1.331 | Train Acc 69.351
Epoch:2/20  * Loss 1.303 | Train Acc 71.174
Epoch:3/20  * Loss 0.396 | Train Acc 90.445
Epoch:4/20  * Loss 0.267 | Train Acc 92.989
Epoch:5/20  * Loss 0.222 | Train Acc 93.810
Epoch:6/20  * Loss 0.222 | Train Acc 93.169
Epoch:7/20  * Loss 0.206 | Train Acc 93.850
Epoch:8/20  * Loss 0.210 | Train Acc 93.730
Epoch:9/20  * Loss 0.177 | Train Acc 94.671
Epoch:10/20  * Loss 0.193 | Train Acc 93.830
Epoch:11/20  * Loss 0.169 | Train Acc 95.032
Epoch:12/20  * Loss 0.165 | Train Acc 94.792
Epoch:13/20  * Loss 0.168 | Train Acc 94.932
Epoch:14/20  * Loss 0.178 | Train Acc 94.732
Epoch:15/20  * Loss 0.173 | Train Acc 94.471
Epoch:16/20  * Loss 0.143 | Train Acc 95.773
Epoch:17/20  * Loss 0.145 | Train Acc 95.513
Epoch:18/20  * Loss 0.139 | Train Acc 95.673
Epoch:19/20  * Loss 0.141 | Train Acc 95.573
Epoch:20/20  * Loss 0.141 | Train Acc 95.793
----------
Selecting Experts...
----------
[v3] Saved e_pk snapshot: 1800 params
[v3] Saved e_pv snapshot: 1800 params
[v3] Saved e_pv proto outputs: torch.Size([10, 1800])
[sensitivity] Task 3 pre_finalize overlap: {'num_experts': 18, 'mean_overlap': 0.0035228331107646227, 'min_overlap': 0.0005069916369393468, 'max_overlap': 0.008998730219900608, 'low_overlap_lt_0_2': 18, 'mid_overlap_0_2_to_0_5': 0, 'high_overlap_ge_0_5': 0}
[v4-split-lite] Task 3 basis updated: {'e_pv': {'0': 4, '2': 4, '3': 4, '4': 4, '6': 4, '7': 4, '9': 4, '10': 4, '11': 4, '13': 4, '14': 4, '15': 4, '18': 4, '19': 4, '20': 4, '21': 4}}
[sensitivity] Task 3 post_finalize overlap: {'num_experts': 19, 'mean_overlap': 0.0030170497484505177, 'min_overlap': 0.0006110669346526265, 'max_overlap': 0.008361921645700932, 'low_overlap_lt_0_2': 19, 'mid_overlap_0_2_to_0_5': 0, 'high_overlap_ge_0_5': 0}
[v3] Task 3 memory saved. Total old memories: 4
Averaged stats: Lr: 0.000010  Loss: 0.0283  Acc@1: 100.0000 (99.5833)  Acc@5: 100.0000 (100.0000)
Averaged stats: Lr: 0.000010  Loss: 0.0376  Acc@1: 100.0000 (99.5312)  Acc@5: 100.0000 (100.0000)
Averaged stats: Lr: 0.000010  Loss: 0.0182  Acc@1: 100.0000 (99.5312)  Acc@5: 100.0000 (100.0000)
Averaged stats: Lr: 0.000010  Loss: 0.0264  Acc@1: 100.0000 (99.6615)  Acc@5: 100.0000 (100.0000)
Averaged stats: Lr: 0.000010  Loss: 0.0502  Acc@1: 100.0000 (99.5052)  Acc@5: 100.0000 (100.0000)
Averaged stats: Lr: 0.000010  Loss: 0.0271  Acc@1: 100.0000 (99.6615)  Acc@5: 100.0000 (100.0000)
Averaged stats: Lr: 0.000010  Loss: 0.0173  Acc@1: 100.0000 (99.7396)  Acc@5: 100.0000 (100.0000)
Averaged stats: Lr: 0.000009  Loss: 0.0232  Acc@1: 100.0000 (99.4531)  Acc@5: 100.0000 (100.0000)
Averaged stats: Lr: 0.000009  Loss: 0.0299  Acc@1: 100.0000 (99.7917)  Acc@5: 100.0000 (100.0000)
Averaged stats: Lr: 0.000009  Loss: 0.0199  Acc@1: 100.0000 (99.7396)  Acc@5: 100.0000 (100.0000)
Averaged stats: Lr: 0.000009  Loss: 0.0220  Acc@1: 100.0000 (99.7135)  Acc@5: 100.0000 (100.0000)
Averaged stats: Lr: 0.000009  Loss: 0.0300  Acc@1: 100.0000 (99.6875)  Acc@5: 100.0000 (100.0000)
Averaged stats: Lr: 0.000009  Loss: 0.0187  Acc@1: 100.0000 (99.7135)  Acc@5: 100.0000 (100.0000)
Averaged stats: Lr: 0.000008  Loss: 0.0225  Acc@1: 100.0000 (99.5573)  Acc@5: 100.0000 (100.0000)
Averaged stats: Lr: 0.000008  Loss: 0.0282  Acc@1: 99.2188 (99.6354)  Acc@5: 100.0000 (100.0000)
Averaged stats: Lr: 0.000008  Loss: 0.0175  Acc@1: 99.2188 (99.6094)  Acc@5: 100.0000 (100.0000)
Averaged stats: Lr: 0.000008  Loss: 0.0304  Acc@1: 100.0000 (99.7917)  Acc@5: 100.0000 (100.0000)
Averaged stats: Lr: 0.000007  Loss: 0.0160  Acc@1: 100.0000 (99.6875)  Acc@5: 100.0000 (100.0000)
Averaged stats: Lr: 0.000007  Loss: 0.0251  Acc@1: 100.0000 (99.6615)  Acc@5: 100.0000 (100.0000)
Averaged stats: Lr: 0.000007  Loss: 0.0279  Acc@1: 100.0000 (99.7917)  Acc@5: 100.0000 (100.0000)
Averaged stats: Lr: 0.000007  Loss: 0.0242  Acc@1: 100.0000 (99.5573)  Acc@5: 100.0000 (100.0000)
Averaged stats: Lr: 0.000006  Loss: 0.0311  Acc@1: 100.0000 (99.7135)  Acc@5: 100.0000 (100.0000)
Averaged stats: Lr: 0.000006  Loss: 0.0210  Acc@1: 100.0000 (99.8177)  Acc@5: 100.0000 (100.0000)
Averaged stats: Lr: 0.000006  Loss: 0.0145  Acc@1: 100.0000 (99.6354)  Acc@5: 100.0000 (100.0000)
Averaged stats: Lr: 0.000006  Loss: 0.0181  Acc@1: 100.0000 (99.7135)  Acc@5: 100.0000 (100.0000)
Averaged stats: Lr: 0.000005  Loss: 0.0225  Acc@1: 100.0000 (99.5833)  Acc@5: 100.0000 (100.0000)
Averaged stats: Lr: 0.000005  Loss: 0.0264  Acc@1: 100.0000 (99.6615)  Acc@5: 100.0000 (100.0000)
Averaged stats: Lr: 0.000005  Loss: 0.0225  Acc@1: 100.0000 (99.7917)  Acc@5: 100.0000 (100.0000)
Averaged stats: Lr: 0.000004  Loss: 0.0176  Acc@1: 100.0000 (99.7396)  Acc@5: 100.0000 (100.0000)
Averaged stats: Lr: 0.000004  Loss: 0.0173  Acc@1: 99.2188 (99.5833)  Acc@5: 100.0000 (100.0000)
Averaged stats: Lr: 0.000004  Loss: 0.0179  Acc@1: 100.0000 (99.8177)  Acc@5: 100.0000 (100.0000)
Averaged stats: Lr: 0.000004  Loss: 0.0259  Acc@1: 100.0000 (99.6875)  Acc@5: 100.0000 (100.0000)
Averaged stats: Lr: 0.000003  Loss: 0.0122  Acc@1: 100.0000 (99.7135)  Acc@5: 100.0000 (100.0000)
Averaged stats: Lr: 0.000003  Loss: 0.0329  Acc@1: 100.0000 (99.5573)  Acc@5: 100.0000 (100.0000)
Averaged stats: Lr: 0.000003  Loss: 0.0332  Acc@1: 100.0000 (99.7656)  Acc@5: 100.0000 (100.0000)
Averaged stats: Lr: 0.000003  Loss: 0.0479  Acc@1: 99.2188 (99.5312)  Acc@5: 100.0000 (100.0000)
Averaged stats: Lr: 0.000002  Loss: 0.0149  Acc@1: 100.0000 (99.6875)  Acc@5: 100.0000 (100.0000)
Averaged stats: Lr: 0.000002  Loss: 0.0208  Acc@1: 100.0000 (99.6615)  Acc@5: 100.0000 (100.0000)
Averaged stats: Lr: 0.000002  Loss: 0.0124  Acc@1: 100.0000 (99.7656)  Acc@5: 100.0000 (100.0000)
Averaged stats: Lr: 0.000002  Loss: 0.0414  Acc@1: 100.0000 (99.7917)  Acc@5: 100.0000 (100.0000)
Averaged stats: Lr: 0.000002  Loss: 0.0155  Acc@1: 100.0000 (99.7135)  Acc@5: 100.0000 (100.0000)
Averaged stats: Lr: 0.000002  Loss: 0.0171  Acc@1: 100.0000 (99.7917)  Acc@5: 100.0000 (100.0000)
Averaged stats: Lr: 0.000001  Loss: 0.0203  Acc@1: 100.0000 (99.7135)  Acc@5: 100.0000 (100.0000)
Averaged stats: Lr: 0.000001  Loss: 0.0277  Acc@1: 100.0000 (99.7656)  Acc@5: 100.0000 (100.0000)
Averaged stats: Lr: 0.000001  Loss: 0.0126  Acc@1: 100.0000 (99.6615)  Acc@5: 100.0000 (100.0000)
Averaged stats: Lr: 0.000001  Loss: 0.0156  Acc@1: 100.0000 (99.7396)  Acc@5: 100.0000 (100.0000)
Averaged stats: Lr: 0.000001  Loss: 0.0133  Acc@1: 100.0000 (99.7917)  Acc@5: 100.0000 (100.0000)
Averaged stats: Lr: 0.000001  Loss: 0.0187  Acc@1: 100.0000 (99.7656)  Acc@5: 100.0000 (100.0000)
Averaged stats: Lr: 0.000001  Loss: 0.0145  Acc@1: 100.0000 (99.6615)  Acc@5: 100.0000 (100.0000)
Averaged stats: Lr: 0.000001  Loss: 0.0264  Acc@1: 100.0000 (99.6615)  Acc@5: 100.0000 (100.0000)
=> Saving class model to: outputs/cifar-100/10-task/v5-sensitivity-old_union-nonstrict-topk16-rank4-alpha0.2/models/repeat-1/task-4/
=> Save Done
validation split name (local False): 1
 * Val Acc 93.800, Total time 3.30
validation split name (local False): 2
 * Val Acc 87.700, Total time 3.22
validation split name (local False): 3
 * Val Acc 93.300, Total time 3.18
validation split name (local False): 4
 * Val Acc 95.500, Total time 3.17
Averaged accuracy for task 4: 92.575
====================== 5 =======================
Incremental class: Old valid output dimension: 40
Incremental class: New Valid output dimension: 50
Saving old prompts
Optimizer is reset!
Total params: 86105956
Tune params: 307300
Tune ratio: 0.36
Prompt params: 230400
Prompt ratio: 0.27
Epoch:1/20  * Loss 1.469 | Train Acc 63.442
Epoch:2/20  * Loss 1.419 | Train Acc 65.445
Epoch:3/20  * Loss 0.420 | Train Acc 88.982
Epoch:4/20  * Loss 0.228 | Train Acc 93.590
Epoch:5/20  * Loss 0.211 | Train Acc 93.630
Epoch:6/20  * Loss 0.202 | Train Acc 93.550
Epoch:7/20  * Loss 0.189 | Train Acc 94.271
Epoch:8/20  * Loss 0.191 | Train Acc 94.111
Epoch:9/20  * Loss 0.178 | Train Acc 94.311
Epoch:10/20  * Loss 0.158 | Train Acc 95.172
Epoch:11/20  * Loss 0.168 | Train Acc 95.232
Epoch:12/20  * Loss 0.157 | Train Acc 95.232
Epoch:13/20  * Loss 0.155 | Train Acc 95.433
Epoch:14/20  * Loss 0.156 | Train Acc 95.633
Epoch:15/20  * Loss 0.140 | Train Acc 95.793
Epoch:16/20  * Loss 0.147 | Train Acc 95.333
Epoch:17/20  * Loss 0.141 | Train Acc 95.533
Epoch:18/20  * Loss 0.139 | Train Acc 95.453
Epoch:19/20  * Loss 0.148 | Train Acc 95.353
Epoch:20/20  * Loss 0.124 | Train Acc 96.194
----------
Selecting Experts...
----------
[v3] Saved e_pk snapshot: 1800 params
[v3] Saved e_pv snapshot: 1800 params
[v3] Saved e_pv proto outputs: torch.Size([10, 1800])
[sensitivity] Task 4 pre_finalize overlap: {'num_experts': 19, 'mean_overlap': 0.0030044610612094402, 'min_overlap': 0.0005557977710850537, 'max_overlap': 0.00857989676296711, 'low_overlap_lt_0_2': 19, 'mid_overlap_0_2_to_0_5': 0, 'high_overlap_ge_0_5': 0}
[v4-split-lite] Task 4 basis updated: {'e_pv': {'0': 4, '2': 4, '3': 4, '4': 4, '6': 4, '7': 4, '9': 4, '10': 4, '11': 4, '13': 4, '14': 4, '15': 4, '18': 4, '19': 4, '20': 4, '21': 4}}
[sensitivity] Task 4 post_finalize overlap: {'num_experts': 19, 'mean_overlap': 0.003775973105803132, 'min_overlap': 0.0007875139126554132, 'max_overlap': 0.008191914297640324, 'low_overlap_lt_0_2': 19, 'mid_overlap_0_2_to_0_5': 0, 'high_overlap_ge_0_5': 0}
[v3] Task 4 memory saved. Total old memories: 5
Averaged stats: Lr: 0.000010  Loss: 0.0192  Acc@1: 100.0000 (99.8047)  Acc@5: 100.0000 (100.0000)
Averaged stats: Lr: 0.000010  Loss: 0.0166  Acc@1: 100.0000 (99.8047)  Acc@5: 100.0000 (100.0000)
Averaged stats: Lr: 0.000010  Loss: 0.0064  Acc@1: 100.0000 (99.8828)  Acc@5: 100.0000 (100.0000)
Averaged stats: Lr: 0.000010  Loss: 0.0212  Acc@1: 100.0000 (99.8828)  Acc@5: 100.0000 (100.0000)
Averaged stats: Lr: 0.000010  Loss: 0.0051  Acc@1: 100.0000 (99.8633)  Acc@5: 100.0000 (100.0000)
Averaged stats: Lr: 0.000010  Loss: 0.0125  Acc@1: 100.0000 (99.7852)  Acc@5: 100.0000 (100.0000)
Averaged stats: Lr: 0.000010  Loss: 0.0151  Acc@1: 100.0000 (99.8047)  Acc@5: 100.0000 (100.0000)
Averaged stats: Lr: 0.000009  Loss: 0.0326  Acc@1: 100.0000 (99.8047)  Acc@5: 100.0000 (100.0000)
Averaged stats: Lr: 0.000009  Loss: 0.0150  Acc@1: 100.0000 (99.9023)  Acc@5: 100.0000 (100.0000)
Averaged stats: Lr: 0.000009  Loss: 0.0244  Acc@1: 100.0000 (99.8047)  Acc@5: 100.0000 (100.0000)
Averaged stats: Lr: 0.000009  Loss: 0.0073  Acc@1: 100.0000 (99.9219)  Acc@5: 100.0000 (100.0000)
Averaged stats: Lr: 0.000009  Loss: 0.0146  Acc@1: 100.0000 (99.8438)  Acc@5: 100.0000 (100.0000)
Averaged stats: Lr: 0.000009  Loss: 0.0152  Acc@1: 100.0000 (99.7852)  Acc@5: 100.0000 (100.0000)
Averaged stats: Lr: 0.000008  Loss: 0.0222  Acc@1: 100.0000 (99.8242)  Acc@5: 100.0000 (100.0000)
Averaged stats: Lr: 0.000008  Loss: 0.0183  Acc@1: 100.0000 (99.7852)  Acc@5: 100.0000 (100.0000)
Averaged stats: Lr: 0.000008  Loss: 0.0130  Acc@1: 100.0000 (99.9414)  Acc@5: 100.0000 (100.0000)
Averaged stats: Lr: 0.000008  Loss: 0.0169  Acc@1: 100.0000 (99.8242)  Acc@5: 100.0000 (100.0000)
Averaged stats: Lr: 0.000007  Loss: 0.0130  Acc@1: 100.0000 (99.9023)  Acc@5: 100.0000 (100.0000)
Averaged stats: Lr: 0.000007  Loss: 0.0082  Acc@1: 100.0000 (99.8438)  Acc@5: 100.0000 (100.0000)
Averaged stats: Lr: 0.000007  Loss: 0.0182  Acc@1: 100.0000 (99.8242)  Acc@5: 100.0000 (100.0000)
Averaged stats: Lr: 0.000007  Loss: 0.0172  Acc@1: 100.0000 (99.9219)  Acc@5: 100.0000 (100.0000)
Averaged stats: Lr: 0.000006  Loss: 0.0058  Acc@1: 100.0000 (99.7852)  Acc@5: 100.0000 (100.0000)
Averaged stats: Lr: 0.000006  Loss: 0.0062  Acc@1: 100.0000 (99.9219)  Acc@5: 100.0000 (100.0000)
Averaged stats: Lr: 0.000006  Loss: 0.0152  Acc@1: 100.0000 (99.9414)  Acc@5: 100.0000 (100.0000)
Averaged stats: Lr: 0.000006  Loss: 0.0178  Acc@1: 100.0000 (99.9023)  Acc@5: 100.0000 (100.0000)
Averaged stats: Lr: 0.000005  Loss: 0.0075  Acc@1: 100.0000 (99.9219)  Acc@5: 100.0000 (100.0000)
Averaged stats: Lr: 0.000005  Loss: 0.0068  Acc@1: 100.0000 (99.8828)  Acc@5: 100.0000 (100.0000)
Averaged stats: Lr: 0.000005  Loss: 0.0136  Acc@1: 100.0000 (99.8828)  Acc@5: 100.0000 (100.0000)
Averaged stats: Lr: 0.000004  Loss: 0.0130  Acc@1: 100.0000 (99.8633)  Acc@5: 100.0000 (100.0000)
Averaged stats: Lr: 0.000004  Loss: 0.0120  Acc@1: 100.0000 (99.9219)  Acc@5: 100.0000 (100.0000)
Averaged stats: Lr: 0.000004  Loss: 0.0153  Acc@1: 100.0000 (99.8633)  Acc@5: 100.0000 (100.0000)
Averaged stats: Lr: 0.000004  Loss: 0.0179  Acc@1: 100.0000 (99.9805)  Acc@5: 100.0000 (100.0000)
Averaged stats: Lr: 0.000003  Loss: 0.0104  Acc@1: 100.0000 (99.9219)  Acc@5: 100.0000 (100.0000)
Averaged stats: Lr: 0.000003  Loss: 0.0139  Acc@1: 100.0000 (99.8828)  Acc@5: 100.0000 (100.0000)
Averaged stats: Lr: 0.000003  Loss: 0.0159  Acc@1: 100.0000 (99.9023)  Acc@5: 100.0000 (100.0000)
Averaged stats: Lr: 0.000003  Loss: 0.0109  Acc@1: 100.0000 (99.8633)  Acc@5: 100.0000 (100.0000)
Averaged stats: Lr: 0.000002  Loss: 0.0150  Acc@1: 100.0000 (99.8633)  Acc@5: 100.0000 (100.0000)
Averaged stats: Lr: 0.000002  Loss: 0.0156  Acc@1: 100.0000 (99.9219)  Acc@5: 100.0000 (100.0000)
Averaged stats: Lr: 0.000002  Loss: 0.0105  Acc@1: 100.0000 (99.9023)  Acc@5: 100.0000 (100.0000)
Averaged stats: Lr: 0.000002  Loss: 0.0087  Acc@1: 100.0000 (99.9219)  Acc@5: 100.0000 (100.0000)
Averaged stats: Lr: 0.000002  Loss: 0.0116  Acc@1: 100.0000 (99.8828)  Acc@5: 100.0000 (100.0000)
Averaged stats: Lr: 0.000002  Loss: 0.0088  Acc@1: 100.0000 (99.9805)  Acc@5: 100.0000 (100.0000)
Averaged stats: Lr: 0.000001  Loss: 0.0087  Acc@1: 100.0000 (99.9219)  Acc@5: 100.0000 (100.0000)
Averaged stats: Lr: 0.000001  Loss: 0.0137  Acc@1: 100.0000 (99.9219)  Acc@5: 100.0000 (100.0000)
Averaged stats: Lr: 0.000001  Loss: 0.0156  Acc@1: 100.0000 (99.9414)  Acc@5: 100.0000 (100.0000)
Averaged stats: Lr: 0.000001  Loss: 0.0163  Acc@1: 100.0000 (99.8828)  Acc@5: 100.0000 (100.0000)
Averaged stats: Lr: 0.000001  Loss: 0.0122  Acc@1: 100.0000 (99.9023)  Acc@5: 100.0000 (100.0000)
Averaged stats: Lr: 0.000001  Loss: 0.0159  Acc@1: 100.0000 (99.9414)  Acc@5: 100.0000 (100.0000)
Averaged stats: Lr: 0.000001  Loss: 0.0060  Acc@1: 100.0000 (99.8828)  Acc@5: 100.0000 (100.0000)
Averaged stats: Lr: 0.000001  Loss: 0.0042  Acc@1: 100.0000 (99.8828)  Acc@5: 100.0000 (100.0000)
=> Saving class model to: outputs/cifar-100/10-task/v5-sensitivity-old_union-nonstrict-topk16-rank4-alpha0.2/models/repeat-1/task-5/
=> Save Done
validation split name (local False): 1
 * Val Acc 93.600, Total time 3.28
validation split name (local False): 2
 * Val Acc 88.000, Total time 3.20
validation split name (local False): 3
 * Val Acc 93.100, Total time 3.20
validation split name (local False): 4
 * Val Acc 94.300, Total time 3.20
validation split name (local False): 5
 * Val Acc 96.500, Total time 3.23
Averaged accuracy for task 5: 93.1
====================== 6 =======================
Incremental class: Old valid output dimension: 50
Incremental class: New Valid output dimension: 60
Saving old prompts
Optimizer is reset!
Total params: 86105956
Tune params: 307300
Tune ratio: 0.36
Prompt params: 230400
Prompt ratio: 0.27
Epoch:1/20  * Loss 1.552 | Train Acc 59.916
Epoch:2/20  * Loss 1.507 | Train Acc 62.520
Epoch:3/20  * Loss 0.530 | Train Acc 85.337
Epoch:4/20  * Loss 0.327 | Train Acc 89.804
Epoch:5/20  * Loss 0.290 | Train Acc 90.345
Epoch:6/20  * Loss 0.298 | Train Acc 90.725
Epoch:7/20  * Loss 0.278 | Train Acc 90.865
Epoch:8/20  * Loss 0.271 | Train Acc 91.126
Epoch:9/20  * Loss 0.264 | Train Acc 91.727
Epoch:10/20  * Loss 0.238 | Train Acc 92.488
Epoch:11/20  * Loss 0.243 | Train Acc 92.127
Epoch:12/20  * Loss 0.242 | Train Acc 92.127
Epoch:13/20  * Loss 0.236 | Train Acc 92.087
Epoch:14/20  * Loss 0.227 | Train Acc 92.808
Epoch:15/20  * Loss 0.212 | Train Acc 93.089
Epoch:16/20  * Loss 0.227 | Train Acc 92.849
Epoch:17/20  * Loss 0.202 | Train Acc 93.249
Epoch:18/20  * Loss 0.215 | Train Acc 92.648
Epoch:19/20  * Loss 0.208 | Train Acc 93.490
Epoch:20/20  * Loss 0.211 | Train Acc 93.049
----------
Selecting Experts...
----------
[v3] Saved e_pk snapshot: 1800 params
[v3] Saved e_pv snapshot: 1800 params
[v3] Saved e_pv proto outputs: torch.Size([10, 1800])
[sensitivity] Task 5 pre_finalize overlap: {'num_experts': 19, 'mean_overlap': 0.0037588218692690134, 'min_overlap': 0.0009359603282064199, 'max_overlap': 0.008560477755963802, 'low_overlap_lt_0_2': 19, 'mid_overlap_0_2_to_0_5': 0, 'high_overlap_ge_0_5': 0}
[v4-split-lite] Task 5 basis updated: {'e_pv': {'0': 4, '2': 4, '3': 4, '4': 4, '6': 4, '7': 4, '9': 4, '10': 4, '11': 4, '13': 4, '14': 4, '15': 4, '18': 4, '19': 4, '20': 4, '21': 4}}
[sensitivity] Task 5 post_finalize overlap: {'num_experts': 19, 'mean_overlap': 0.0036708798725157976, 'min_overlap': 0.0006144894869066775, 'max_overlap': 0.008714437484741211, 'low_overlap_lt_0_2': 19, 'mid_overlap_0_2_to_0_5': 0, 'high_overlap_ge_0_5': 0}
[v3] Task 5 memory saved. Total old memories: 6
Averaged stats: Lr: 0.000010  Loss: 0.1858  Acc@1: 96.8750 (96.6250)  Acc@5: 100.0000 (100.0000)
Averaged stats: Lr: 0.000010  Loss: 0.1285  Acc@1: 96.0938 (96.7344)  Acc@5: 100.0000 (100.0000)
Averaged stats: Lr: 0.000010  Loss: 0.1156  Acc@1: 96.8750 (97.1406)  Acc@5: 100.0000 (100.0000)
Averaged stats: Lr: 0.000010  Loss: 0.0585  Acc@1: 97.6562 (97.3906)  Acc@5: 100.0000 (100.0000)
Averaged stats: Lr: 0.000010  Loss: 0.0403  Acc@1: 97.6562 (97.5938)  Acc@5: 100.0000 (100.0000)
Averaged stats: Lr: 0.000010  Loss: 0.0489  Acc@1: 98.4375 (97.9531)  Acc@5: 100.0000 (100.0000)
Averaged stats: Lr: 0.000010  Loss: 0.0865  Acc@1: 97.6562 (97.7969)  Acc@5: 100.0000 (100.0000)
Averaged stats: Lr: 0.000009  Loss: 0.0488  Acc@1: 97.6562 (97.8594)  Acc@5: 100.0000 (100.0000)
Averaged stats: Lr: 0.000009  Loss: 0.0487  Acc@1: 97.6562 (97.8594)  Acc@5: 100.0000 (100.0000)
Averaged stats: Lr: 0.000009  Loss: 0.0791  Acc@1: 97.6562 (98.1719)  Acc@5: 100.0000 (100.0000)
Averaged stats: Lr: 0.000009  Loss: 0.0684  Acc@1: 98.4375 (98.1875)  Acc@5: 100.0000 (100.0000)
Averaged stats: Lr: 0.000009  Loss: 0.0431  Acc@1: 99.2188 (98.6250)  Acc@5: 100.0000 (100.0000)
Averaged stats: Lr: 0.000009  Loss: 0.0591  Acc@1: 98.4375 (98.5781)  Acc@5: 100.0000 (100.0000)
Averaged stats: Lr: 0.000008  Loss: 0.0323  Acc@1: 98.4375 (98.7656)  Acc@5: 100.0000 (100.0000)
Averaged stats: Lr: 0.000008  Loss: 0.0610  Acc@1: 99.2188 (98.6875)  Acc@5: 100.0000 (100.0000)
Averaged stats: Lr: 0.000008  Loss: 0.0605  Acc@1: 98.4375 (98.6875)  Acc@5: 100.0000 (100.0000)
Averaged stats: Lr: 0.000008  Loss: 0.0387  Acc@1: 99.2188 (98.7969)  Acc@5: 100.0000 (100.0000)
Averaged stats: Lr: 0.000007  Loss: 0.0540  Acc@1: 98.4375 (98.8594)  Acc@5: 100.0000 (100.0000)
Averaged stats: Lr: 0.000007  Loss: 0.0644  Acc@1: 99.2188 (98.7500)  Acc@5: 100.0000 (100.0000)
Averaged stats: Lr: 0.000007  Loss: 0.0343  Acc@1: 99.2188 (98.9531)  Acc@5: 100.0000 (100.0000)
Averaged stats: Lr: 0.000007  Loss: 0.0404  Acc@1: 99.2188 (99.0156)  Acc@5: 100.0000 (100.0000)
Averaged stats: Lr: 0.000006  Loss: 0.0321  Acc@1: 99.2188 (99.0000)  Acc@5: 100.0000 (100.0000)
Averaged stats: Lr: 0.000006  Loss: 0.0651  Acc@1: 99.2188 (99.1094)  Acc@5: 100.0000 (100.0000)
Averaged stats: Lr: 0.000006  Loss: 0.0201  Acc@1: 99.2188 (99.2031)  Acc@5: 100.0000 (100.0000)
Averaged stats: Lr: 0.000006  Loss: 0.0348  Acc@1: 99.2188 (98.9531)  Acc@5: 100.0000 (100.0000)
Averaged stats: Lr: 0.000005  Loss: 0.0242  Acc@1: 99.2188 (99.0156)  Acc@5: 100.0000 (100.0000)
Averaged stats: Lr: 0.000005  Loss: 0.0505  Acc@1: 99.2188 (99.1094)  Acc@5: 100.0000 (100.0000)
Averaged stats: Lr: 0.000005  Loss: 0.0384  Acc@1: 99.2188 (99.1250)  Acc@5: 100.0000 (100.0000)
Averaged stats: Lr: 0.000004  Loss: 0.0351  Acc@1: 99.2188 (99.1406)  Acc@5: 100.0000 (100.0000)
Averaged stats: Lr: 0.000004  Loss: 0.0409  Acc@1: 99.2188 (99.0938)  Acc@5: 100.0000 (100.0000)
Averaged stats: Lr: 0.000004  Loss: 0.0321  Acc@1: 99.2188 (99.2031)  Acc@5: 100.0000 (100.0000)
Averaged stats: Lr: 0.000004  Loss: 0.0228  Acc@1: 99.2188 (99.3906)  Acc@5: 100.0000 (100.0000)
Averaged stats: Lr: 0.000003  Loss: 0.0402  Acc@1: 100.0000 (99.2031)  Acc@5: 100.0000 (100.0000)
Averaged stats: Lr: 0.000003  Loss: 0.0257  Acc@1: 99.2188 (99.3281)  Acc@5: 100.0000 (100.0000)
Averaged stats: Lr: 0.000003  Loss: 0.0623  Acc@1: 99.2188 (99.2500)  Acc@5: 100.0000 (100.0000)
Averaged stats: Lr: 0.000003  Loss: 0.0220  Acc@1: 99.2188 (99.1406)  Acc@5: 100.0000 (100.0000)
Averaged stats: Lr: 0.000002  Loss: 0.0210  Acc@1: 99.2188 (99.0625)  Acc@5: 100.0000 (100.0000)
Averaged stats: Lr: 0.000002  Loss: 0.0369  Acc@1: 99.2188 (99.1250)  Acc@5: 100.0000 (100.0000)
Averaged stats: Lr: 0.000002  Loss: 0.0758  Acc@1: 99.2188 (99.2031)  Acc@5: 100.0000 (100.0000)
Averaged stats: Lr: 0.000002  Loss: 0.0377  Acc@1: 99.2188 (99.1094)  Acc@5: 100.0000 (100.0000)
Averaged stats: Lr: 0.000002  Loss: 0.0327  Acc@1: 99.2188 (99.3750)  Acc@5: 100.0000 (100.0000)
Averaged stats: Lr: 0.000002  Loss: 0.0571  Acc@1: 99.2188 (99.2344)  Acc@5: 100.0000 (100.0000)
Averaged stats: Lr: 0.000001  Loss: 0.0134  Acc@1: 99.2188 (99.1719)  Acc@5: 100.0000 (100.0000)
Averaged stats: Lr: 0.000001  Loss: 0.0414  Acc@1: 99.2188 (99.2500)  Acc@5: 100.0000 (100.0000)
Averaged stats: Lr: 0.000001  Loss: 0.0174  Acc@1: 100.0000 (99.4688)  Acc@5: 100.0000 (100.0000)
Averaged stats: Lr: 0.000001  Loss: 0.0252  Acc@1: 99.2188 (99.3125)  Acc@5: 100.0000 (100.0000)
Averaged stats: Lr: 0.000001  Loss: 0.0811  Acc@1: 99.2188 (99.3438)  Acc@5: 100.0000 (100.0000)
Averaged stats: Lr: 0.000001  Loss: 0.0301  Acc@1: 99.2188 (99.3125)  Acc@5: 100.0000 (100.0000)
Averaged stats: Lr: 0.000001  Loss: 0.0278  Acc@1: 99.2188 (99.2031)  Acc@5: 100.0000 (100.0000)
Averaged stats: Lr: 0.000001  Loss: 0.0164  Acc@1: 99.2188 (99.2969)  Acc@5: 100.0000 (100.0000)
=> Saving class model to: outputs/cifar-100/10-task/v5-sensitivity-old_union-nonstrict-topk16-rank4-alpha0.2/models/repeat-1/task-6/
=> Save Done
validation split name (local False): 1
 * Val Acc 91.500, Total time 3.27
validation split name (local False): 2
 * Val Acc 86.600, Total time 3.20
validation split name (local False): 3
 * Val Acc 92.300, Total time 3.19
validation split name (local False): 4
 * Val Acc 93.700, Total time 3.17
validation split name (local False): 5
 * Val Acc 95.400, Total time 3.18
validation split name (local False): 6
 * Val Acc 86.000, Total time 3.20
Averaged accuracy for task 6: 90.91666666666667
====================== 7 =======================
Incremental class: Old valid output dimension: 60
Incremental class: New Valid output dimension: 70
Saving old prompts
Optimizer is reset!
Total params: 86105956
Tune params: 307300
Tune ratio: 0.36
Prompt params: 230400
Prompt ratio: 0.27
Epoch:1/20  * Loss 1.422 | Train Acc 64.724
Epoch:2/20  * Loss 1.395 | Train Acc 66.066
Epoch:3/20  * Loss 0.421 | Train Acc 89.724
Epoch:4/20  * Loss 0.276 | Train Acc 92.628
Epoch:5/20  * Loss 0.231 | Train Acc 92.949
Epoch:6/20  * Loss 0.220 | Train Acc 93.409
Epoch:7/20  * Loss 0.211 | Train Acc 93.630
Epoch:8/20  * Loss 0.211 | Train Acc 93.730
Epoch:9/20  * Loss 0.174 | Train Acc 94.431
Epoch:10/20  * Loss 0.186 | Train Acc 94.611
Epoch:11/20  * Loss 0.184 | Train Acc 94.071
Epoch:12/20  * Loss 0.177 | Train Acc 94.651
Epoch:13/20  * Loss 0.188 | Train Acc 94.151
Epoch:14/20  * Loss 0.165 | Train Acc 94.651
Epoch:15/20  * Loss 0.166 | Train Acc 95.172
Epoch:16/20  * Loss 0.169 | Train Acc 94.992
Epoch:17/20  * Loss 0.156 | Train Acc 95.473
Epoch:18/20  * Loss 0.163 | Train Acc 94.591
Epoch:19/20  * Loss 0.155 | Train Acc 95.092
Epoch:20/20  * Loss 0.156 | Train Acc 94.952
----------
Selecting Experts...
----------
[v3] Saved e_pk snapshot: 1800 params
[v3] Saved e_pv snapshot: 1800 params
[v3] Saved e_pv proto outputs: torch.Size([10, 1800])
[sensitivity] Task 6 pre_finalize overlap: {'num_experts': 19, 'mean_overlap': 0.0035933922044932842, 'min_overlap': 0.0011244829511269927, 'max_overlap': 0.007155784871429205, 'low_overlap_lt_0_2': 19, 'mid_overlap_0_2_to_0_5': 0, 'high_overlap_ge_0_5': 0}
[v4-split-lite] Task 6 basis updated: {'e_pv': {'0': 4, '2': 4, '3': 4, '4': 4, '6': 4, '7': 4, '9': 4, '10': 4, '11': 4, '13': 4, '14': 4, '15': 4, '18': 4, '19': 4, '20': 4, '21': 4}}
[sensitivity] Task 6 post_finalize overlap: {'num_experts': 19, 'mean_overlap': 0.00342923472635448, 'min_overlap': 0.0009100103052332997, 'max_overlap': 0.007155784871429205, 'low_overlap_lt_0_2': 19, 'mid_overlap_0_2_to_0_5': 0, 'high_overlap_ge_0_5': 0}
[v3] Task 6 memory saved. Total old memories: 7
Averaged stats: Lr: 0.000010  Loss: 0.0574  Acc@1: 98.4375 (98.2812)  Acc@5: 100.0000 (100.0000)
Averaged stats: Lr: 0.000010  Loss: 0.0508  Acc@1: 98.4375 (98.3724)  Acc@5: 100.0000 (100.0000)
Averaged stats: Lr: 0.000010  Loss: 0.0305  Acc@1: 98.4375 (98.4635)  Acc@5: 100.0000 (100.0000)
Averaged stats: Lr: 0.000010  Loss: 0.0364  Acc@1: 99.2188 (98.7370)  Acc@5: 100.0000 (100.0000)
Averaged stats: Lr: 0.000010  Loss: 0.0534  Acc@1: 99.2188 (98.9844)  Acc@5: 100.0000 (100.0000)
Averaged stats: Lr: 0.000010  Loss: 0.0463  Acc@1: 99.2188 (99.0365)  Acc@5: 100.0000 (100.0000)
Averaged stats: Lr: 0.000010  Loss: 0.0349  Acc@1: 99.2188 (99.2318)  Acc@5: 100.0000 (100.0000)
Averaged stats: Lr: 0.000009  Loss: 0.0268  Acc@1: 99.2188 (99.2448)  Acc@5: 100.0000 (100.0000)
Averaged stats: Lr: 0.000009  Loss: 0.0261  Acc@1: 99.2188 (99.2188)  Acc@5: 100.0000 (100.0000)
Averaged stats: Lr: 0.000009  Loss: 0.0192  Acc@1: 99.2188 (99.2578)  Acc@5: 100.0000 (100.0000)
Averaged stats: Lr: 0.000009  Loss: 0.0211  Acc@1: 99.2188 (99.1146)  Acc@5: 100.0000 (100.0000)
Averaged stats: Lr: 0.000009  Loss: 0.0210  Acc@1: 99.2188 (99.4141)  Acc@5: 100.0000 (100.0000)
Averaged stats: Lr: 0.000009  Loss: 0.0551  Acc@1: 99.2188 (99.3750)  Acc@5: 100.0000 (100.0000)
Averaged stats: Lr: 0.000008  Loss: 0.0244  Acc@1: 99.2188 (99.5443)  Acc@5: 100.0000 (100.0000)
Averaged stats: Lr: 0.000008  Loss: 0.0418  Acc@1: 99.2188 (99.4401)  Acc@5: 100.0000 (100.0000)
Averaged stats: Lr: 0.000008  Loss: 0.0269  Acc@1: 99.2188 (99.4141)  Acc@5: 100.0000 (100.0000)
Averaged stats: Lr: 0.000008  Loss: 0.0229  Acc@1: 100.0000 (99.4271)  Acc@5: 100.0000 (100.0000)
Averaged stats: Lr: 0.000007  Loss: 0.0106  Acc@1: 100.0000 (99.4141)  Acc@5: 100.0000 (100.0000)
Averaged stats: Lr: 0.000007  Loss: 0.0183  Acc@1: 99.2188 (99.3750)  Acc@5: 100.0000 (100.0000)
Averaged stats: Lr: 0.000007  Loss: 0.0415  Acc@1: 100.0000 (99.5833)  Acc@5: 100.0000 (100.0000)
Averaged stats: Lr: 0.000007  Loss: 0.0220  Acc@1: 99.2188 (99.4792)  Acc@5: 100.0000 (100.0000)
Averaged stats: Lr: 0.000006  Loss: 0.0251  Acc@1: 100.0000 (99.6224)  Acc@5: 100.0000 (100.0000)
Averaged stats: Lr: 0.000006  Loss: 0.0262  Acc@1: 100.0000 (99.4661)  Acc@5: 100.0000 (100.0000)
Averaged stats: Lr: 0.000006  Loss: 0.0261  Acc@1: 100.0000 (99.5182)  Acc@5: 100.0000 (100.0000)
Averaged stats: Lr: 0.000006  Loss: 0.0276  Acc@1: 99.2188 (99.6354)  Acc@5: 100.0000 (100.0000)
Averaged stats: Lr: 0.000005  Loss: 0.0295  Acc@1: 100.0000 (99.6354)  Acc@5: 100.0000 (100.0000)
Averaged stats: Lr: 0.000005  Loss: 0.0499  Acc@1: 99.2188 (99.5443)  Acc@5: 100.0000 (100.0000)
Averaged stats: Lr: 0.000005  Loss: 0.0247  Acc@1: 100.0000 (99.6484)  Acc@5: 100.0000 (100.0000)
Averaged stats: Lr: 0.000004  Loss: 0.0162  Acc@1: 99.2188 (99.4531)  Acc@5: 100.0000 (100.0000)
Averaged stats: Lr: 0.000004  Loss: 0.0139  Acc@1: 100.0000 (99.6354)  Acc@5: 100.0000 (100.0000)
Averaged stats: Lr: 0.000004  Loss: 0.0256  Acc@1: 99.2188 (99.5182)  Acc@5: 100.0000 (100.0000)
Averaged stats: Lr: 0.000004  Loss: 0.0247  Acc@1: 100.0000 (99.6094)  Acc@5: 100.0000 (100.0000)
Averaged stats: Lr: 0.000003  Loss: 0.0324  Acc@1: 100.0000 (99.6224)  Acc@5: 100.0000 (100.0000)
Averaged stats: Lr: 0.000003  Loss: 0.0307  Acc@1: 100.0000 (99.5964)  Acc@5: 100.0000 (100.0000)
Averaged stats: Lr: 0.000003  Loss: 0.0154  Acc@1: 100.0000 (99.7135)  Acc@5: 100.0000 (100.0000)
Averaged stats: Lr: 0.000003  Loss: 0.0309  Acc@1: 99.2188 (99.5573)  Acc@5: 100.0000 (100.0000)
Averaged stats: Lr: 0.000002  Loss: 0.0199  Acc@1: 100.0000 (99.6354)  Acc@5: 100.0000 (100.0000)
Averaged stats: Lr: 0.000002  Loss: 0.0307  Acc@1: 100.0000 (99.6354)  Acc@5: 100.0000 (100.0000)
Averaged stats: Lr: 0.000002  Loss: 0.0182  Acc@1: 99.2188 (99.5964)  Acc@5: 100.0000 (100.0000)
Averaged stats: Lr: 0.000002  Loss: 0.0699  Acc@1: 99.2188 (99.5703)  Acc@5: 100.0000 (100.0000)
Averaged stats: Lr: 0.000002  Loss: 0.0185  Acc@1: 100.0000 (99.6484)  Acc@5: 100.0000 (100.0000)
Averaged stats: Lr: 0.000002  Loss: 0.0248  Acc@1: 100.0000 (99.6094)  Acc@5: 100.0000 (100.0000)
Averaged stats: Lr: 0.000001  Loss: 0.0112  Acc@1: 100.0000 (99.5182)  Acc@5: 100.0000 (100.0000)
Averaged stats: Lr: 0.000001  Loss: 0.0190  Acc@1: 100.0000 (99.6484)  Acc@5: 100.0000 (100.0000)
Averaged stats: Lr: 0.000001  Loss: 0.0292  Acc@1: 100.0000 (99.5703)  Acc@5: 100.0000 (100.0000)
Averaged stats: Lr: 0.000001  Loss: 0.0138  Acc@1: 99.2188 (99.5833)  Acc@5: 100.0000 (100.0000)
Averaged stats: Lr: 0.000001  Loss: 0.0230  Acc@1: 100.0000 (99.5182)  Acc@5: 100.0000 (100.0000)
Averaged stats: Lr: 0.000001  Loss: 0.0127  Acc@1: 99.2188 (99.5182)  Acc@5: 100.0000 (100.0000)
Averaged stats: Lr: 0.000001  Loss: 0.0109  Acc@1: 100.0000 (99.6484)  Acc@5: 100.0000 (100.0000)
Averaged stats: Lr: 0.000001  Loss: 0.0160  Acc@1: 99.2188 (99.5052)  Acc@5: 100.0000 (100.0000)
=> Saving class model to: outputs/cifar-100/10-task/v5-sensitivity-old_union-nonstrict-topk16-rank4-alpha0.2/models/repeat-1/task-7/
=> Save Done
validation split name (local False): 1
 * Val Acc 90.300, Total time 3.24
validation split name (local False): 2
 * Val Acc 86.700, Total time 3.21
validation split name (local False): 3
 * Val Acc 91.200, Total time 3.21
validation split name (local False): 4
 * Val Acc 92.700, Total time 3.21
validation split name (local False): 5
 * Val Acc 94.300, Total time 3.17
validation split name (local False): 6
 * Val Acc 85.100, Total time 3.17
validation split name (local False): 7
 * Val Acc 91.800, Total time 3.19
Averaged accuracy for task 7: 90.29999999999998
====================== 8 =======================
Incremental class: Old valid output dimension: 70
Incremental class: New Valid output dimension: 80
Saving old prompts
Optimizer is reset!
Total params: 86105956
Tune params: 307300
Tune ratio: 0.36
Prompt params: 230400
Prompt ratio: 0.27
Epoch:1/20  * Loss 1.303 | Train Acc 66.627
Epoch:2/20  * Loss 1.267 | Train Acc 67.889
Epoch:3/20  * Loss 0.390 | Train Acc 90.184
Epoch:4/20  * Loss 0.205 | Train Acc 94.091
Epoch:5/20  * Loss 0.187 | Train Acc 94.291
Epoch:6/20  * Loss 0.183 | Train Acc 94.331
Epoch:7/20  * Loss 0.168 | Train Acc 94.611
Epoch:8/20  * Loss 0.178 | Train Acc 94.451
Epoch:9/20  * Loss 0.154 | Train Acc 95.212
Epoch:10/20  * Loss 0.147 | Train Acc 95.252
Epoch:11/20  * Loss 0.148 | Train Acc 95.292
Epoch:12/20  * Loss 0.135 | Train Acc 95.933
Epoch:13/20  * Loss 0.143 | Train Acc 95.733
Epoch:14/20  * Loss 0.131 | Train Acc 96.094
Epoch:15/20  * Loss 0.140 | Train Acc 95.813
Epoch:16/20  * Loss 0.123 | Train Acc 96.174
Epoch:17/20  * Loss 0.129 | Train Acc 95.813
Epoch:18/20  * Loss 0.138 | Train Acc 95.653
Epoch:19/20  * Loss 0.141 | Train Acc 95.693
Epoch:20/20  * Loss 0.138 | Train Acc 95.573
----------
Selecting Experts...
----------
[v3] Saved e_pk snapshot: 1800 params
[v3] Saved e_pv snapshot: 1800 params
[v3] Saved e_pv proto outputs: torch.Size([10, 1800])
[sensitivity] Task 7 pre_finalize overlap: {'num_experts': 19, 'mean_overlap': 0.0033164687920361757, 'min_overlap': 0.000830475299153477, 'max_overlap': 0.0063748108223080635, 'low_overlap_lt_0_2': 19, 'mid_overlap_0_2_to_0_5': 0, 'high_overlap_ge_0_5': 0}
[v4-split-lite] Task 7 basis updated: {'e_pv': {'0': 4, '2': 4, '3': 4, '4': 4, '6': 4, '7': 4, '9': 4, '10': 4, '11': 4, '13': 4, '14': 4, '15': 4, '18': 4, '19': 4, '20': 4, '21': 4}}
[sensitivity] Task 7 post_finalize overlap: {'num_experts': 19, 'mean_overlap': 0.0030068224295973778, 'min_overlap': 0.00028169507277198136, 'max_overlap': 0.007733909413218498, 'low_overlap_lt_0_2': 19, 'mid_overlap_0_2_to_0_5': 0, 'high_overlap_ge_0_5': 0}
[v3] Task 7 memory saved. Total old memories: 8
Averaged stats: Lr: 0.000010  Loss: 0.0438  Acc@1: 99.2188 (98.8393)  Acc@5: 100.0000 (100.0000)
Averaged stats: Lr: 0.000010  Loss: 0.0170  Acc@1: 99.2188 (98.9621)  Acc@5: 100.0000 (100.0000)
Averaged stats: Lr: 0.000010  Loss: 0.0132  Acc@1: 100.0000 (99.1518)  Acc@5: 100.0000 (100.0000)
Averaged stats: Lr: 0.000010  Loss: 0.0384  Acc@1: 99.2188 (99.1964)  Acc@5: 100.0000 (100.0000)
Averaged stats: Lr: 0.000010  Loss: 0.0329  Acc@1: 99.2188 (99.3415)  Acc@5: 100.0000 (100.0000)
Averaged stats: Lr: 0.000010  Loss: 0.0348  Acc@1: 99.2188 (99.2746)  Acc@5: 100.0000 (100.0000)
Averaged stats: Lr: 0.000010  Loss: 0.0260  Acc@1: 99.2188 (99.3750)  Acc@5: 100.0000 (100.0000)
Averaged stats: Lr: 0.000009  Loss: 0.0127  Acc@1: 99.2188 (99.4754)  Acc@5: 100.0000 (100.0000)
Averaged stats: Lr: 0.000009  Loss: 0.0313  Acc@1: 99.2188 (99.4754)  Acc@5: 100.0000 (100.0000)
Averaged stats: Lr: 0.000009  Loss: 0.0367  Acc@1: 100.0000 (99.5424)  Acc@5: 100.0000 (100.0000)
Averaged stats: Lr: 0.000009  Loss: 0.0193  Acc@1: 100.0000 (99.6763)  Acc@5: 100.0000 (100.0000)
Averaged stats: Lr: 0.000009  Loss: 0.0383  Acc@1: 100.0000 (99.5871)  Acc@5: 100.0000 (100.0000)
Averaged stats: Lr: 0.000009  Loss: 0.0337  Acc@1: 100.0000 (99.5982)  Acc@5: 100.0000 (100.0000)
Averaged stats: Lr: 0.000008  Loss: 0.0207  Acc@1: 100.0000 (99.8214)  Acc@5: 100.0000 (100.0000)
Averaged stats: Lr: 0.000008  Loss: 0.0397  Acc@1: 99.2188 (99.5982)  Acc@5: 100.0000 (100.0000)
Averaged stats: Lr: 0.000008  Loss: 0.0146  Acc@1: 100.0000 (99.5312)  Acc@5: 100.0000 (100.0000)
Averaged stats: Lr: 0.000008  Loss: 0.0117  Acc@1: 100.0000 (99.7656)  Acc@5: 100.0000 (100.0000)
Averaged stats: Lr: 0.000007  Loss: 0.0286  Acc@1: 100.0000 (99.6875)  Acc@5: 100.0000 (100.0000)
Averaged stats: Lr: 0.000007  Loss: 0.0223  Acc@1: 100.0000 (99.7433)  Acc@5: 100.0000 (100.0000)
Averaged stats: Lr: 0.000007  Loss: 0.0198  Acc@1: 100.0000 (99.6652)  Acc@5: 100.0000 (100.0000)
Averaged stats: Lr: 0.000007  Loss: 0.0179  Acc@1: 100.0000 (99.7545)  Acc@5: 100.0000 (100.0000)
Averaged stats: Lr: 0.000006  Loss: 0.0118  Acc@1: 100.0000 (99.7321)  Acc@5: 100.0000 (100.0000)
Averaged stats: Lr: 0.000006  Loss: 0.0109  Acc@1: 100.0000 (99.7879)  Acc@5: 100.0000 (100.0000)
Averaged stats: Lr: 0.000006  Loss: 0.0115  Acc@1: 100.0000 (99.8549)  Acc@5: 100.0000 (100.0000)
Averaged stats: Lr: 0.000006  Loss: 0.0146  Acc@1: 100.0000 (99.7656)  Acc@5: 100.0000 (100.0000)
Averaged stats: Lr: 0.000005  Loss: 0.0298  Acc@1: 100.0000 (99.7545)  Acc@5: 100.0000 (100.0000)
Averaged stats: Lr: 0.000005  Loss: 0.0123  Acc@1: 100.0000 (99.7321)  Acc@5: 100.0000 (100.0000)
Averaged stats: Lr: 0.000005  Loss: 0.0242  Acc@1: 100.0000 (99.7433)  Acc@5: 100.0000 (100.0000)
Averaged stats: Lr: 0.000004  Loss: 0.0102  Acc@1: 100.0000 (99.6875)  Acc@5: 100.0000 (100.0000)
Averaged stats: Lr: 0.000004  Loss: 0.0174  Acc@1: 100.0000 (99.7768)  Acc@5: 100.0000 (100.0000)
Averaged stats: Lr: 0.000004  Loss: 0.0114  Acc@1: 100.0000 (99.8549)  Acc@5: 100.0000 (100.0000)
Averaged stats: Lr: 0.000004  Loss: 0.0181  Acc@1: 100.0000 (99.7210)  Acc@5: 100.0000 (100.0000)
Averaged stats: Lr: 0.000003  Loss: 0.0167  Acc@1: 100.0000 (99.7879)  Acc@5: 100.0000 (100.0000)
Averaged stats: Lr: 0.000003  Loss: 0.0117  Acc@1: 100.0000 (99.7321)  Acc@5: 100.0000 (100.0000)
Averaged stats: Lr: 0.000003  Loss: 0.0327  Acc@1: 100.0000 (99.8103)  Acc@5: 100.0000 (100.0000)
Averaged stats: Lr: 0.000003  Loss: 0.0091  Acc@1: 100.0000 (99.8326)  Acc@5: 100.0000 (100.0000)
Averaged stats: Lr: 0.000002  Loss: 0.0163  Acc@1: 100.0000 (99.8103)  Acc@5: 100.0000 (100.0000)
Averaged stats: Lr: 0.000002  Loss: 0.0185  Acc@1: 100.0000 (99.7879)  Acc@5: 100.0000 (100.0000)
Averaged stats: Lr: 0.000002  Loss: 0.0137  Acc@1: 100.0000 (99.7656)  Acc@5: 100.0000 (100.0000)
Averaged stats: Lr: 0.000002  Loss: 0.0277  Acc@1: 100.0000 (99.7545)  Acc@5: 100.0000 (100.0000)
Averaged stats: Lr: 0.000002  Loss: 0.0106  Acc@1: 100.0000 (99.8214)  Acc@5: 100.0000 (100.0000)
Averaged stats: Lr: 0.000002  Loss: 0.0183  Acc@1: 100.0000 (99.8549)  Acc@5: 100.0000 (100.0000)
Averaged stats: Lr: 0.000001  Loss: 0.0134  Acc@1: 100.0000 (99.7991)  Acc@5: 100.0000 (100.0000)
Averaged stats: Lr: 0.000001  Loss: 0.0182  Acc@1: 100.0000 (99.8326)  Acc@5: 100.0000 (100.0000)
Averaged stats: Lr: 0.000001  Loss: 0.0191  Acc@1: 100.0000 (99.7879)  Acc@5: 100.0000 (100.0000)
Averaged stats: Lr: 0.000001  Loss: 0.0074  Acc@1: 100.0000 (99.8214)  Acc@5: 100.0000 (100.0000)
Averaged stats: Lr: 0.000001  Loss: 0.0122  Acc@1: 100.0000 (99.7991)  Acc@5: 100.0000 (100.0000)
Averaged stats: Lr: 0.000001  Loss: 0.0191  Acc@1: 100.0000 (99.7991)  Acc@5: 100.0000 (100.0000)
Averaged stats: Lr: 0.000001  Loss: 0.0215  Acc@1: 100.0000 (99.8326)  Acc@5: 100.0000 (100.0000)
Averaged stats: Lr: 0.000001  Loss: 0.0139  Acc@1: 100.0000 (99.8661)  Acc@5: 100.0000 (100.0000)
=> Saving class model to: outputs/cifar-100/10-task/v5-sensitivity-old_union-nonstrict-topk16-rank4-alpha0.2/models/repeat-1/task-8/
=> Save Done
validation split name (local False): 1
 * Val Acc 86.400, Total time 3.24
validation split name (local False): 2
 * Val Acc 85.900, Total time 3.19
validation split name (local False): 3
 * Val Acc 89.800, Total time 3.18
validation split name (local False): 4
 * Val Acc 91.800, Total time 3.18
validation split name (local False): 5
 * Val Acc 94.600, Total time 3.18
validation split name (local False): 6
 * Val Acc 85.400, Total time 3.18
validation split name (local False): 7
 * Val Acc 91.900, Total time 3.17
validation split name (local False): 8
 * Val Acc 94.600, Total time 3.20
Averaged accuracy for task 8: 90.05
====================== 9 =======================
Incremental class: Old valid output dimension: 80
Incremental class: New Valid output dimension: 90
Saving old prompts
Optimizer is reset!
Total params: 86105956
Tune params: 307300
Tune ratio: 0.36
Prompt params: 230400
Prompt ratio: 0.27
Epoch:1/20  * Loss 1.475 | Train Acc 58.173
Epoch:2/20  * Loss 1.433 | Train Acc 60.577
Epoch:3/20  * Loss 0.542 | Train Acc 84.936
Epoch:4/20  * Loss 0.349 | Train Acc 89.944
Epoch:5/20  * Loss 0.309 | Train Acc 90.745
Epoch:6/20  * Loss 0.288 | Train Acc 90.785
Epoch:7/20  * Loss 0.268 | Train Acc 91.727
Epoch:8/20  * Loss 0.263 | Train Acc 91.707
Epoch:9/20  * Loss 0.250 | Train Acc 92.368
Epoch:10/20  * Loss 0.246 | Train Acc 92.388
Epoch:11/20  * Loss 0.245 | Train Acc 92.228
Epoch:12/20  * Loss 0.235 | Train Acc 92.528
Epoch:13/20  * Loss 0.231 | Train Acc 92.788
Epoch:14/20  * Loss 0.231 | Train Acc 92.929
Epoch:15/20  * Loss 0.216 | Train Acc 93.049
Epoch:16/20  * Loss 0.203 | Train Acc 93.610
Epoch:17/20  * Loss 0.206 | Train Acc 93.389
Epoch:18/20  * Loss 0.194 | Train Acc 94.091
Epoch:19/20  * Loss 0.207 | Train Acc 93.229
Epoch:20/20  * Loss 0.215 | Train Acc 93.129
----------
Selecting Experts...
----------
[v3] Saved e_pk snapshot: 1800 params
[v3] Saved e_pv snapshot: 1800 params
[v3] Saved e_pv proto outputs: torch.Size([10, 1800])
[sensitivity] Task 8 pre_finalize overlap: {'num_experts': 19, 'mean_overlap': 0.003803318366408348, 'min_overlap': 0.00047278712736442685, 'max_overlap': 0.012778053991496563, 'low_overlap_lt_0_2': 19, 'mid_overlap_0_2_to_0_5': 0, 'high_overlap_ge_0_5': 0}
[v4-split-lite] Task 8 basis updated: {'e_pv': {'0': 4, '2': 4, '3': 4, '4': 4, '6': 4, '7': 4, '9': 4, '10': 4, '11': 4, '13': 4, '14': 4, '15': 4, '18': 4, '19': 4, '20': 4, '21': 4}}
[sensitivity] Task 8 post_finalize overlap: {'num_experts': 19, 'mean_overlap': 0.0037196336779743433, 'min_overlap': 0.00037006029742769897, 'max_overlap': 0.012778053991496563, 'low_overlap_lt_0_2': 19, 'mid_overlap_0_2_to_0_5': 0, 'high_overlap_ge_0_5': 0}
[v3] Task 8 memory saved. Total old memories: 9
Averaged stats: Lr: 0.000010  Loss: 0.0398  Acc@1: 99.2188 (98.8867)  Acc@5: 100.0000 (99.9902)
Averaged stats: Lr: 0.000010  Loss: 0.0197  Acc@1: 99.2188 (98.9746)  Acc@5: 100.0000 (100.0000)
Averaged stats: Lr: 0.000010  Loss: 0.0298  Acc@1: 99.2188 (99.2578)  Acc@5: 100.0000 (100.0000)
Averaged stats: Lr: 0.000010  Loss: 0.0175  Acc@1: 100.0000 (99.4824)  Acc@5: 100.0000 (100.0000)
Averaged stats: Lr: 0.000010  Loss: 0.0235  Acc@1: 100.0000 (99.4727)  Acc@5: 100.0000 (100.0000)
Averaged stats: Lr: 0.000010  Loss: 0.0140  Acc@1: 100.0000 (99.6777)  Acc@5: 100.0000 (100.0000)
Averaged stats: Lr: 0.000010  Loss: 0.0122  Acc@1: 100.0000 (99.6777)  Acc@5: 100.0000 (100.0000)
Averaged stats: Lr: 0.000009  Loss: 0.0250  Acc@1: 100.0000 (99.7168)  Acc@5: 100.0000 (100.0000)
Averaged stats: Lr: 0.000009  Loss: 0.0146  Acc@1: 100.0000 (99.8145)  Acc@5: 100.0000 (100.0000)
Averaged stats: Lr: 0.000009  Loss: 0.0133  Acc@1: 100.0000 (99.7461)  Acc@5: 100.0000 (100.0000)
Averaged stats: Lr: 0.000009  Loss: 0.0152  Acc@1: 100.0000 (99.8340)  Acc@5: 100.0000 (100.0000)
Averaged stats: Lr: 0.000009  Loss: 0.0152  Acc@1: 100.0000 (99.8242)  Acc@5: 100.0000 (100.0000)
Averaged stats: Lr: 0.000009  Loss: 0.0305  Acc@1: 100.0000 (99.8047)  Acc@5: 100.0000 (100.0000)
Averaged stats: Lr: 0.000008  Loss: 0.0158  Acc@1: 100.0000 (99.8242)  Acc@5: 100.0000 (100.0000)
Averaged stats: Lr: 0.000008  Loss: 0.0143  Acc@1: 100.0000 (99.8438)  Acc@5: 100.0000 (100.0000)
Averaged stats: Lr: 0.000008  Loss: 0.0099  Acc@1: 100.0000 (99.8926)  Acc@5: 100.0000 (100.0000)
Averaged stats: Lr: 0.000008  Loss: 0.0073  Acc@1: 100.0000 (99.8438)  Acc@5: 100.0000 (100.0000)
Averaged stats: Lr: 0.000007  Loss: 0.0108  Acc@1: 100.0000 (99.7949)  Acc@5: 100.0000 (100.0000)
Averaged stats: Lr: 0.000007  Loss: 0.0087  Acc@1: 100.0000 (99.9023)  Acc@5: 100.0000 (100.0000)
Averaged stats: Lr: 0.000007  Loss: 0.0156  Acc@1: 100.0000 (99.9121)  Acc@5: 100.0000 (100.0000)
Averaged stats: Lr: 0.000007  Loss: 0.0085  Acc@1: 100.0000 (99.9121)  Acc@5: 100.0000 (100.0000)
Averaged stats: Lr: 0.000006  Loss: 0.0151  Acc@1: 100.0000 (99.8926)  Acc@5: 100.0000 (100.0000)
Averaged stats: Lr: 0.000006  Loss: 0.0185  Acc@1: 100.0000 (99.9121)  Acc@5: 100.0000 (100.0000)
Averaged stats: Lr: 0.000006  Loss: 0.0097  Acc@1: 100.0000 (99.8926)  Acc@5: 100.0000 (100.0000)
Averaged stats: Lr: 0.000006  Loss: 0.0183  Acc@1: 100.0000 (99.8438)  Acc@5: 100.0000 (100.0000)
Averaged stats: Lr: 0.000005  Loss: 0.0080  Acc@1: 100.0000 (99.9121)  Acc@5: 100.0000 (100.0000)
Averaged stats: Lr: 0.000005  Loss: 0.0074  Acc@1: 100.0000 (99.9121)  Acc@5: 100.0000 (100.0000)
Averaged stats: Lr: 0.000005  Loss: 0.0107  Acc@1: 100.0000 (99.9219)  Acc@5: 100.0000 (100.0000)
Averaged stats: Lr: 0.000004  Loss: 0.0081  Acc@1: 100.0000 (99.8730)  Acc@5: 100.0000 (100.0000)
Averaged stats: Lr: 0.000004  Loss: 0.0075  Acc@1: 100.0000 (99.9609)  Acc@5: 100.0000 (100.0000)
Averaged stats: Lr: 0.000004  Loss: 0.0086  Acc@1: 100.0000 (99.9023)  Acc@5: 100.0000 (100.0000)
Averaged stats: Lr: 0.000004  Loss: 0.0149  Acc@1: 100.0000 (99.8633)  Acc@5: 100.0000 (100.0000)
Averaged stats: Lr: 0.000003  Loss: 0.0132  Acc@1: 100.0000 (99.9121)  Acc@5: 100.0000 (100.0000)
Averaged stats: Lr: 0.000003  Loss: 0.0088  Acc@1: 100.0000 (99.9512)  Acc@5: 100.0000 (100.0000)
Averaged stats: Lr: 0.000003  Loss: 0.0160  Acc@1: 100.0000 (99.9121)  Acc@5: 100.0000 (100.0000)
Averaged stats: Lr: 0.000003  Loss: 0.0082  Acc@1: 100.0000 (99.8730)  Acc@5: 100.0000 (100.0000)
Averaged stats: Lr: 0.000002  Loss: 0.0135  Acc@1: 100.0000 (99.9316)  Acc@5: 100.0000 (100.0000)
Averaged stats: Lr: 0.000002  Loss: 0.0119  Acc@1: 100.0000 (99.9121)  Acc@5: 100.0000 (100.0000)
Averaged stats: Lr: 0.000002  Loss: 0.0088  Acc@1: 100.0000 (99.9512)  Acc@5: 100.0000 (100.0000)
Averaged stats: Lr: 0.000002  Loss: 0.0086  Acc@1: 100.0000 (99.8730)  Acc@5: 100.0000 (100.0000)
Averaged stats: Lr: 0.000002  Loss: 0.0112  Acc@1: 100.0000 (99.9121)  Acc@5: 100.0000 (100.0000)
Averaged stats: Lr: 0.000002  Loss: 0.0142  Acc@1: 100.0000 (99.9512)  Acc@5: 100.0000 (100.0000)
Averaged stats: Lr: 0.000001  Loss: 0.0061  Acc@1: 100.0000 (99.8926)  Acc@5: 100.0000 (100.0000)
Averaged stats: Lr: 0.000001  Loss: 0.0074  Acc@1: 100.0000 (99.9707)  Acc@5: 100.0000 (100.0000)
Averaged stats: Lr: 0.000001  Loss: 0.0077  Acc@1: 100.0000 (99.9316)  Acc@5: 100.0000 (100.0000)
Averaged stats: Lr: 0.000001  Loss: 0.0198  Acc@1: 100.0000 (99.8633)  Acc@5: 100.0000 (100.0000)
Averaged stats: Lr: 0.000001  Loss: 0.0108  Acc@1: 100.0000 (99.8730)  Acc@5: 100.0000 (100.0000)
Averaged stats: Lr: 0.000001  Loss: 0.0105  Acc@1: 100.0000 (99.9316)  Acc@5: 100.0000 (100.0000)
Averaged stats: Lr: 0.000001  Loss: 0.0090  Acc@1: 100.0000 (99.9219)  Acc@5: 100.0000 (100.0000)
Averaged stats: Lr: 0.000001  Loss: 0.0053  Acc@1: 100.0000 (99.9121)  Acc@5: 100.0000 (100.0000)
=> Saving class model to: outputs/cifar-100/10-task/v5-sensitivity-old_union-nonstrict-topk16-rank4-alpha0.2/models/repeat-1/task-9/
=> Save Done
validation split name (local False): 1
 * Val Acc 85.900, Total time 3.27
validation split name (local False): 2
 * Val Acc 86.300, Total time 3.19
validation split name (local False): 3
 * Val Acc 89.400, Total time 3.15
validation split name (local False): 4
 * Val Acc 92.200, Total time 3.16
validation split name (local False): 5
 * Val Acc 93.200, Total time 3.18
validation split name (local False): 6
 * Val Acc 84.600, Total time 3.20
validation split name (local False): 7
 * Val Acc 90.800, Total time 3.22
validation split name (local False): 8
 * Val Acc 95.600, Total time 3.20
validation split name (local False): 9
 * Val Acc 87.400, Total time 3.18
Averaged accuracy for task 9: 89.48888888888888
====================== 10 =======================
Incremental class: Old valid output dimension: 90
Incremental class: New Valid output dimension: 100
Saving old prompts
Optimizer is reset!
Total params: 86105956
Tune params: 307300
Tune ratio: 0.36
Prompt params: 230400
Prompt ratio: 0.27
Epoch:1/20  * Loss 1.399 | Train Acc 66.607
Epoch:2/20  * Loss 1.359 | Train Acc 68.169
Epoch:3/20  * Loss 0.388 | Train Acc 90.264
Epoch:4/20  * Loss 0.237 | Train Acc 93.409
Epoch:5/20  * Loss 0.192 | Train Acc 94.311
Epoch:6/20  * Loss 0.184 | Train Acc 94.271
Epoch:7/20  * Loss 0.175 | Train Acc 94.471
Epoch:8/20  * Loss 0.172 | Train Acc 94.972
Epoch:9/20  * Loss 0.152 | Train Acc 95.473
Epoch:10/20  * Loss 0.159 | Train Acc 95.192
Epoch:11/20  * Loss 0.163 | Train Acc 95.032
Epoch:12/20  * Loss 0.151 | Train Acc 95.513
Epoch:13/20  * Loss 0.141 | Train Acc 95.413
Epoch:14/20  * Loss 0.143 | Train Acc 95.633
Epoch:15/20  * Loss 0.134 | Train Acc 95.773
Epoch:16/20  * Loss 0.127 | Train Acc 96.454
Epoch:17/20  * Loss 0.137 | Train Acc 95.453
Epoch:18/20  * Loss 0.128 | Train Acc 96.314
Epoch:19/20  * Loss 0.131 | Train Acc 95.753
Epoch:20/20  * Loss 0.126 | Train Acc 96.174
----------
Selecting Experts...
----------
[v3] Saved e_pk snapshot: 1800 params
[v3] Saved e_pv snapshot: 1800 params
[v3] Saved e_pv proto outputs: torch.Size([10, 1800])
[sensitivity] Task 9 pre_finalize overlap: {'num_experts': 19, 'mean_overlap': 0.003646034514531493, 'min_overlap': 0.0004930240102112293, 'max_overlap': 0.011668427847325802, 'low_overlap_lt_0_2': 19, 'mid_overlap_0_2_to_0_5': 0, 'high_overlap_ge_0_5': 0}
[v4-split-lite] Task 9 basis updated: {'e_pv': {'0': 4, '2': 4, '3': 4, '4': 4, '6': 4, '7': 4, '9': 4, '10': 4, '11': 4, '13': 4, '14': 4, '15': 4, '18': 4, '19': 4, '20': 4, '21': 4}}
[sensitivity] Task 9 post_finalize overlap: {'num_experts': 19, 'mean_overlap': 0.004485444165766239, 'min_overlap': 0.0009390260092914104, 'max_overlap': 0.014121748507022858, 'low_overlap_lt_0_2': 19, 'mid_overlap_0_2_to_0_5': 0, 'high_overlap_ge_0_5': 0}
[v3] Task 9 memory saved. Total old memories: 10
Averaged stats: Lr: 0.000010  Loss: 0.0145  Acc@1: 100.0000 (99.7743)  Acc@5: 100.0000 (100.0000)
Averaged stats: Lr: 0.000010  Loss: 0.0087  Acc@1: 100.0000 (99.7830)  Acc@5: 100.0000 (100.0000)
Averaged stats: Lr: 0.000010  Loss: 0.0168  Acc@1: 100.0000 (99.8090)  Acc@5: 100.0000 (100.0000)
Averaged stats: Lr: 0.000010  Loss: 0.0183  Acc@1: 100.0000 (99.8438)  Acc@5: 100.0000 (100.0000)
Averaged stats: Lr: 0.000010  Loss: 0.0169  Acc@1: 100.0000 (99.8872)  Acc@5: 100.0000 (100.0000)
Averaged stats: Lr: 0.000010  Loss: 0.0082  Acc@1: 100.0000 (99.8611)  Acc@5: 100.0000 (100.0000)
Averaged stats: Lr: 0.000010  Loss: 0.0108  Acc@1: 100.0000 (99.9306)  Acc@5: 100.0000 (100.0000)
Averaged stats: Lr: 0.000009  Loss: 0.0205  Acc@1: 100.0000 (99.9132)  Acc@5: 100.0000 (100.0000)
Averaged stats: Lr: 0.000009  Loss: 0.0141  Acc@1: 100.0000 (99.9132)  Acc@5: 100.0000 (100.0000)
Averaged stats: Lr: 0.000009  Loss: 0.0067  Acc@1: 100.0000 (99.9392)  Acc@5: 100.0000 (100.0000)
Averaged stats: Lr: 0.000009  Loss: 0.0058  Acc@1: 100.0000 (99.9219)  Acc@5: 100.0000 (100.0000)
Averaged stats: Lr: 0.000009  Loss: 0.0121  Acc@1: 100.0000 (99.9219)  Acc@5: 100.0000 (100.0000)
Averaged stats: Lr: 0.000009  Loss: 0.0041  Acc@1: 100.0000 (99.9306)  Acc@5: 100.0000 (100.0000)
Averaged stats: Lr: 0.000008  Loss: 0.0117  Acc@1: 100.0000 (99.9219)  Acc@5: 100.0000 (100.0000)
Averaged stats: Lr: 0.000008  Loss: 0.0117  Acc@1: 100.0000 (99.9219)  Acc@5: 100.0000 (100.0000)
Averaged stats: Lr: 0.000008  Loss: 0.0107  Acc@1: 100.0000 (99.8958)  Acc@5: 100.0000 (100.0000)
Averaged stats: Lr: 0.000008  Loss: 0.0065  Acc@1: 100.0000 (99.9392)  Acc@5: 100.0000 (100.0000)
Averaged stats: Lr: 0.000007  Loss: 0.0057  Acc@1: 100.0000 (99.9306)  Acc@5: 100.0000 (100.0000)
Averaged stats: Lr: 0.000007  Loss: 0.0047  Acc@1: 100.0000 (99.9219)  Acc@5: 100.0000 (100.0000)
Averaged stats: Lr: 0.000007  Loss: 0.0039  Acc@1: 100.0000 (99.9132)  Acc@5: 100.0000 (100.0000)
Averaged stats: Lr: 0.000007  Loss: 0.0056  Acc@1: 100.0000 (99.9045)  Acc@5: 100.0000 (100.0000)
Averaged stats: Lr: 0.000006  Loss: 0.0061  Acc@1: 100.0000 (99.9566)  Acc@5: 100.0000 (100.0000)
Averaged stats: Lr: 0.000006  Loss: 0.0086  Acc@1: 100.0000 (99.9479)  Acc@5: 100.0000 (100.0000)
Averaged stats: Lr: 0.000006  Loss: 0.0112  Acc@1: 100.0000 (99.9132)  Acc@5: 100.0000 (100.0000)
Averaged stats: Lr: 0.000006  Loss: 0.0048  Acc@1: 100.0000 (99.9392)  Acc@5: 100.0000 (100.0000)
Averaged stats: Lr: 0.000005  Loss: 0.0163  Acc@1: 100.0000 (99.9653)  Acc@5: 100.0000 (100.0000)
Averaged stats: Lr: 0.000005  Loss: 0.0110  Acc@1: 100.0000 (99.9479)  Acc@5: 100.0000 (100.0000)
Averaged stats: Lr: 0.000005  Loss: 0.0081  Acc@1: 100.0000 (99.9740)  Acc@5: 100.0000 (100.0000)
Averaged stats: Lr: 0.000004  Loss: 0.0080  Acc@1: 100.0000 (99.9826)  Acc@5: 100.0000 (100.0000)
Averaged stats: Lr: 0.000004  Loss: 0.0118  Acc@1: 100.0000 (99.9392)  Acc@5: 100.0000 (100.0000)
Averaged stats: Lr: 0.000004  Loss: 0.0141  Acc@1: 100.0000 (99.9826)  Acc@5: 100.0000 (100.0000)
Averaged stats: Lr: 0.000004  Loss: 0.0032  Acc@1: 100.0000 (99.9306)  Acc@5: 100.0000 (100.0000)
Averaged stats: Lr: 0.000003  Loss: 0.0093  Acc@1: 100.0000 (99.9479)  Acc@5: 100.0000 (100.0000)
Averaged stats: Lr: 0.000003  Loss: 0.0021  Acc@1: 100.0000 (99.9392)  Acc@5: 100.0000 (100.0000)
Averaged stats: Lr: 0.000003  Loss: 0.0076  Acc@1: 100.0000 (99.9740)  Acc@5: 100.0000 (100.0000)
Averaged stats: Lr: 0.000003  Loss: 0.0064  Acc@1: 100.0000 (99.9392)  Acc@5: 100.0000 (100.0000)
Averaged stats: Lr: 0.000002  Loss: 0.0065  Acc@1: 100.0000 (99.9392)  Acc@5: 100.0000 (100.0000)
Averaged stats: Lr: 0.000002  Loss: 0.0103  Acc@1: 100.0000 (99.9653)  Acc@5: 100.0000 (100.0000)
Averaged stats: Lr: 0.000002  Loss: 0.0064  Acc@1: 100.0000 (99.9479)  Acc@5: 100.0000 (100.0000)
Averaged stats: Lr: 0.000002  Loss: 0.0067  Acc@1: 100.0000 (99.9132)  Acc@5: 100.0000 (100.0000)
Averaged stats: Lr: 0.000002  Loss: 0.0062  Acc@1: 100.0000 (99.9479)  Acc@5: 100.0000 (100.0000)
Averaged stats: Lr: 0.000002  Loss: 0.0163  Acc@1: 100.0000 (99.9653)  Acc@5: 100.0000 (100.0000)
Averaged stats: Lr: 0.000001  Loss: 0.0070  Acc@1: 100.0000 (99.9566)  Acc@5: 100.0000 (100.0000)
Averaged stats: Lr: 0.000001  Loss: 0.0054  Acc@1: 100.0000 (99.9306)  Acc@5: 100.0000 (100.0000)
Averaged stats: Lr: 0.000001  Loss: 0.0121  Acc@1: 100.0000 (99.9479)  Acc@5: 100.0000 (100.0000)
Averaged stats: Lr: 0.000001  Loss: 0.0110  Acc@1: 100.0000 (99.9826)  Acc@5: 100.0000 (100.0000)
Averaged stats: Lr: 0.000001  Loss: 0.0158  Acc@1: 100.0000 (99.9740)  Acc@5: 100.0000 (100.0000)
Averaged stats: Lr: 0.000001  Loss: 0.0109  Acc@1: 100.0000 (99.9479)  Acc@5: 100.0000 (100.0000)
Averaged stats: Lr: 0.000001  Loss: 0.0113  Acc@1: 100.0000 (99.9740)  Acc@5: 100.0000 (100.0000)
Averaged stats: Lr: 0.000001  Loss: 0.0162  Acc@1: 100.0000 (99.8958)  Acc@5: 100.0000 (100.0000)
=> Saving class model to: outputs/cifar-100/10-task/v5-sensitivity-old_union-nonstrict-topk16-rank4-alpha0.2/models/repeat-1/task-10/
=> Save Done
validation split name (local False): 1
 * Val Acc 86.300, Total time 3.29
validation split name (local False): 2
 * Val Acc 85.500, Total time 3.17
validation split name (local False): 3
 * Val Acc 89.000, Total time 3.22
validation split name (local False): 4
 * Val Acc 92.100, Total time 3.18
validation split name (local False): 5
 * Val Acc 93.100, Total time 3.21
validation split name (local False): 6
 * Val Acc 82.400, Total time 3.16
validation split name (local False): 7
 * Val Acc 89.800, Total time 3.23
validation split name (local False): 8
 * Val Acc 94.800, Total time 3.22
validation split name (local False): 9
 * Val Acc 88.300, Total time 3.19
validation split name (local False): 10
 * Val Acc 91.700, Total time 3.24
Averaged accuracy for task 10: 89.3
Loading sup1k from pretrained/vit_base_patch16_224_augreg2_in21k_ft_in1k.bin ...
Total params: 86105956
Tune params: 307300
Tune ratio: 0.36
Prompt params: 230400
Prompt ratio: 0.27
Incremental class: Old valid output dimension: 0
Incremental class: New Valid output dimension: 10
=> Load Done from outputs/cifar-100/10-task/v5-sensitivity-old_union-nonstrict-topk16-rank4-alpha0.2/models/repeat-1/task-1/
validation split name (local False): 1
 * Val Acc 98.700, Total time 3.36
Averaged accuracy for task 1: 98.7
Saving old prompts
Incremental class: Old valid output dimension: 10
Incremental class: New Valid output dimension: 20
=> Load Done from outputs/cifar-100/10-task/v5-sensitivity-old_union-nonstrict-topk16-rank4-alpha0.2/models/repeat-1/task-2/
validation split name (local False): 1
 * Val Acc 97.100, Total time 3.39
validation split name (local False): 2
 * Val Acc 92.000, Total time 3.31
Averaged accuracy for task 2: 94.55
Saving old prompts
Incremental class: Old valid output dimension: 20
Incremental class: New Valid output dimension: 30
=> Load Done from outputs/cifar-100/10-task/v5-sensitivity-old_union-nonstrict-topk16-rank4-alpha0.2/models/repeat-1/task-3/
validation split name (local False): 1
 * Val Acc 95.800, Total time 3.34
validation split name (local False): 2
 * Val Acc 89.400, Total time 3.35
validation split name (local False): 3
 * Val Acc 95.500, Total time 3.37
Averaged accuracy for task 3: 93.56666666666666
Saving old prompts
Incremental class: Old valid output dimension: 30
Incremental class: New Valid output dimension: 40
=> Load Done from outputs/cifar-100/10-task/v5-sensitivity-old_union-nonstrict-topk16-rank4-alpha0.2/models/repeat-1/task-4/
validation split name (local False): 1
 * Val Acc 93.800, Total time 3.38
validation split name (local False): 2
 * Val Acc 87.700, Total time 3.32
validation split name (local False): 3
 * Val Acc 93.300, Total time 3.27
validation split name (local False): 4
 * Val Acc 95.500, Total time 3.29
Averaged accuracy for task 4: 92.575
Saving old prompts
Incremental class: Old valid output dimension: 40
Incremental class: New Valid output dimension: 50
=> Load Done from outputs/cifar-100/10-task/v5-sensitivity-old_union-nonstrict-topk16-rank4-alpha0.2/models/repeat-1/task-5/
validation split name (local False): 1
 * Val Acc 93.600, Total time 3.37
validation split name (local False): 2
 * Val Acc 88.000, Total time 3.33
validation split name (local False): 3
 * Val Acc 93.100, Total time 3.32
validation split name (local False): 4
 * Val Acc 94.300, Total time 3.38
validation split name (local False): 5
 * Val Acc 96.500, Total time 3.28
Averaged accuracy for task 5: 93.1
Saving old prompts
Incremental class: Old valid output dimension: 50
Incremental class: New Valid output dimension: 60
=> Load Done from outputs/cifar-100/10-task/v5-sensitivity-old_union-nonstrict-topk16-rank4-alpha0.2/models/repeat-1/task-6/
validation split name (local False): 1
 * Val Acc 91.500, Total time 3.35
validation split name (local False): 2
 * Val Acc 86.600, Total time 3.25
validation split name (local False): 3
 * Val Acc 92.300, Total time 3.28
validation split name (local False): 4
 * Val Acc 93.700, Total time 3.27
validation split name (local False): 5
 * Val Acc 95.400, Total time 3.28
validation split name (local False): 6
 * Val Acc 86.000, Total time 3.29
Averaged accuracy for task 6: 90.91666666666667
Saving old prompts
Incremental class: Old valid output dimension: 60
Incremental class: New Valid output dimension: 70
=> Load Done from outputs/cifar-100/10-task/v5-sensitivity-old_union-nonstrict-topk16-rank4-alpha0.2/models/repeat-1/task-7/
validation split name (local False): 1
 * Val Acc 90.300, Total time 3.41
validation split name (local False): 2
 * Val Acc 86.700, Total time 3.29
validation split name (local False): 3
 * Val Acc 91.200, Total time 3.34
validation split name (local False): 4
 * Val Acc 92.700, Total time 3.31
validation split name (local False): 5
 * Val Acc 94.300, Total time 3.29
validation split name (local False): 6
 * Val Acc 85.100, Total time 3.28
validation split name (local False): 7
 * Val Acc 91.800, Total time 3.32
Averaged accuracy for task 7: 90.29999999999998
Saving old prompts
Incremental class: Old valid output dimension: 70
Incremental class: New Valid output dimension: 80
=> Load Done from outputs/cifar-100/10-task/v5-sensitivity-old_union-nonstrict-topk16-rank4-alpha0.2/models/repeat-1/task-8/
validation split name (local False): 1
 * Val Acc 86.400, Total time 3.35
validation split name (local False): 2
 * Val Acc 85.900, Total time 3.29
validation split name (local False): 3
 * Val Acc 89.800, Total time 3.29
validation split name (local False): 4
 * Val Acc 91.800, Total time 3.27
validation split name (local False): 5
 * Val Acc 94.600, Total time 3.31
validation split name (local False): 6
 * Val Acc 85.400, Total time 3.26
validation split name (local False): 7
 * Val Acc 91.900, Total time 3.26
validation split name (local False): 8
 * Val Acc 94.600, Total time 3.31
Averaged accuracy for task 8: 90.05
Saving old prompts
Incremental class: Old valid output dimension: 80
Incremental class: New Valid output dimension: 90
=> Load Done from outputs/cifar-100/10-task/v5-sensitivity-old_union-nonstrict-topk16-rank4-alpha0.2/models/repeat-1/task-9/
validation split name (local False): 1
 * Val Acc 85.900, Total time 3.38
validation split name (local False): 2
 * Val Acc 86.300, Total time 3.30
validation split name (local False): 3
 * Val Acc 89.400, Total time 3.31
validation split name (local False): 4
 * Val Acc 92.200, Total time 3.28
validation split name (local False): 5
 * Val Acc 93.200, Total time 3.27
validation split name (local False): 6
 * Val Acc 84.600, Total time 3.27
validation split name (local False): 7
 * Val Acc 90.800, Total time 3.30
validation split name (local False): 8
 * Val Acc 95.600, Total time 3.26
validation split name (local False): 9
 * Val Acc 87.400, Total time 3.26
Averaged accuracy for task 9: 89.48888888888888
Saving old prompts
Incremental class: Old valid output dimension: 90
Incremental class: New Valid output dimension: 100
=> Load Done from outputs/cifar-100/10-task/v5-sensitivity-old_union-nonstrict-topk16-rank4-alpha0.2/models/repeat-1/task-10/
validation split name (local False): 1
 * Val Acc 86.300, Total time 3.36
validation split name (local False): 2
 * Val Acc 85.500, Total time 3.25
validation split name (local False): 3
 * Val Acc 89.000, Total time 3.28
validation split name (local False): 4
 * Val Acc 92.100, Total time 3.31
validation split name (local False): 5
 * Val Acc 93.100, Total time 3.29
validation split name (local False): 6
 * Val Acc 82.400, Total time 3.32
validation split name (local False): 7
 * Val Acc 89.800, Total time 3.30
validation split name (local False): 8
 * Val Acc 94.800, Total time 3.33
validation split name (local False): 9
 * Val Acc 88.300, Total time 3.35
validation split name (local False): 10
 * Val Acc 91.700, Total time 3.35
Averaged accuracy for task 10: 89.3
=== Total time: 3:43:00 ===
===Summary of experiment repeats: 1 / 1 ===
acc  | mean: 89.29999999999998 std: 0.0
time  | mean: 1.5369920128431076 std: 0.0
fr  | mean: 4.200000000000003 std: 0.0
FAA | mean: 89.29999999999998 std: 0.0
CAA | mean: 92.2547222222222 std: 0.0
FR | mean: 4.200000000000003 std: 0.0
