************************************
* STARTING TRIAL 1
************************************
=============================================
Shuffling....
pre-shuffle:[0, 1, 2, 3, 4, 5, 6, 7, 8, 9, 10, 11, 12, 13, 14, 15, 16, 17, 18, 19, 20, 21, 22, 23, 24, 25, 26, 27, 28, 29, 30, 31, 32, 33, 34, 35, 36, 37, 38, 39, 40, 41, 42, 43, 44, 45, 46, 47, 48, 49, 50, 51, 52, 53, 54, 55, 56, 57, 58, 59, 60, 61, 62, 63, 64, 65, 66, 67, 68, 69, 70, 71, 72, 73, 74, 75, 76, 77, 78, 79, 80, 81, 82, 83, 84, 85, 86, 87, 88, 89, 90, 91, 92, 93, 94, 95, 96, 97, 98, 99]
post-shuffle:[23, 8, 11, 7, 48, 13, 1, 91, 94, 54, 16, 63, 52, 41, 80, 2, 47, 87, 78, 66, 19, 6, 24, 10, 59, 30, 22, 29, 83, 37, 93, 81, 43, 99, 86, 28, 34, 88, 44, 14, 84, 70, 4, 20, 15, 21, 31, 76, 57, 67, 73, 50, 69, 25, 98, 46, 96, 0, 72, 35, 58, 92, 3, 95, 56, 90, 26, 40, 55, 89, 75, 71, 60, 42, 9, 82, 39, 18, 77, 68, 32, 79, 12, 85, 36, 17, 64, 27, 74, 45, 61, 38, 51, 62, 65, 33, 5, 53, 97, 49]
=============================================
Files already downloaded and verified
Loading sup1k from pretrained/vit_base_patch16_224_augreg2_in21k_ft_in1k.bin ...
Total params: 86105956
Tune params: 307300
Tune ratio: 0.36
Prompt params: 230400
Prompt ratio: 0.27
Total parameters: 86105956
====================== 1 =======================
Incremental class: Old valid output dimension: 0
Incremental class: New Valid output dimension: 10
Optimizer is reset!
Total params: 86105956
Tune params: 307300
Tune ratio: 0.36
Prompt params: 230400
Prompt ratio: 0.27
[DEBUG] v1_config = {'lambda_pk': 0.0005, 'lambda_pv': 0.015, 'lambda_feat': 0.0, 'freq_threshold': 0.01, 'max_feature_memories': 0, 'route_balance_weight': 0.0002, 'route_prior_weight': 0.0001, 'route_prior_momentum': 0.7, 'use_split_lite': True, 'split_lite_components': ('e_pv',), 'split_lite_rank': 4, 'split_lite_alpha': 0.2, 'split_lite_interval': 20, 'split_lite_buffer_size': 24, 'split_lite_expert_threshold': 0.03, 'split_lite_active_topk': 16, 'split_lite_strict_current_topk': True, 'split_lite_min_task': 1, 'split_lite_basis_decay': 0.7, 'use_transient_prompt': False, 'transient_warmup_batches': 20, 'transient_lr': 0.001, 'transient_min_task': 1, 'transient_cp_bias_weight': 0.1, 'transient_protect_scale': 1.0, 'temperature': 1.0, 'key_temperature': 2.0, 'enable_diagnostic_log': False, 'diagnostic_log_interval': 50}
----------
Initial training...
Optimizer is reset!
Total params: 86105956
Tune params: 307300
Tune ratio: 0.36
Prompt params: 230400
Prompt ratio: 0.27
Epoch:1/10  * Loss 2.145 | Train Acc 28.425
Epoch:2/10  * Loss 2.112 | Train Acc 30.709
