************************************
* STARTING TRIAL 1
************************************
=============================================
Shuffling....
pre-shuffle:[0, 1, 2, 3, 4, 5, 6, 7, 8, 9, 10, 11, 12, 13, 14, 15, 16, 17, 18, 19, 20, 21, 22, 23, 24, 25, 26, 27, 28, 29, 30, 31, 32, 33, 34, 35, 36, 37, 38, 39, 40, 41, 42, 43, 44, 45, 46, 47, 48, 49, 50, 51, 52, 53, 54, 55, 56, 57, 58, 59, 60, 61, 62, 63, 64, 65, 66, 67, 68, 69, 70, 71, 72, 73, 74, 75, 76, 77, 78, 79, 80, 81, 82, 83, 84, 85, 86, 87, 88, 89, 90, 91, 92, 93, 94, 95, 96, 97, 98, 99]
post-shuffle:[23, 8, 11, 7, 48, 13, 1, 91, 94, 54, 16, 63, 52, 41, 80, 2, 47, 87, 78, 66, 19, 6, 24, 10, 59, 30, 22, 29, 83, 37, 93, 81, 43, 99, 86, 28, 34, 88, 44, 14, 84, 70, 4, 20, 15, 21, 31, 76, 57, 67, 73, 50, 69, 25, 98, 46, 96, 0, 72, 35, 58, 92, 3, 95, 56, 90, 26, 40, 55, 89, 75, 71, 60, 42, 9, 82, 39, 18, 77, 68, 32, 79, 12, 85, 36, 17, 64, 27, 74, 45, 61, 38, 51, 62, 65, 33, 5, 53, 97, 49]
=============================================
Files already downloaded and verified
Loading sup1k from pretrained/vit_base_patch16_224_augreg2_in21k_ft_in1k.bin ...
Total params: 86105956
Tune params: 307300
Tune ratio: 0.36
Prompt params: 230400
Prompt ratio: 0.27
Total parameters: 86105956
====================== 1 =======================
Incremental class: Old valid output dimension: 0
Incremental class: New Valid output dimension: 10
Optimizer is reset!
Total params: 86105956
Tune params: 307300
Tune ratio: 0.36
Prompt params: 230400
Prompt ratio: 0.27
[DEBUG] v1_config = {'lambda_pk': 0.0005, 'lambda_pv': 0.015, 'lambda_feat': 0.0, 'freq_threshold': 0.01, 'max_feature_memories': 0, 'route_balance_weight': 0.0002, 'route_prior_weight': 0.0001, 'route_prior_momentum': 0.7, 'use_split_lite': True, 'split_lite_components': ('e_pv',), 'split_lite_rank': 4, 'split_lite_alpha': 0.2, 'split_lite_interval': 20, 'split_lite_buffer_size': 24, 'split_lite_expert_threshold': 0.03, 'split_lite_active_topk': 16, 'split_lite_strict_current_topk': True, 'expert_usage_mode': 'task', 'enable_usage_diagnostics': True, 'split_lite_min_task': 1, 'split_lite_basis_decay': 0.7, 'use_transient_prompt': False, 'transient_warmup_batches': 20, 'transient_lr': 0.001, 'transient_min_task': 1, 'transient_cp_bias_weight': 0.1, 'transient_protect_scale': 1.0, 'temperature': 1.0, 'key_temperature': 2.0, 'enable_diagnostic_log': False, 'diagnostic_log_interval': 50}
----------
Initial training...
Optimizer is reset!
Total params: 86105956
Tune params: 307300
Tune ratio: 0.36
Prompt params: 230400
Prompt ratio: 0.27
Epoch:1/10  * Loss 2.145 | Train Acc 28.425
Epoch:2/10  * Loss 2.112 | Train Acc 30.709
Epoch:3/10  * Loss 0.696 | Train Acc 78.486
Epoch:4/10  * Loss 0.265 | Train Acc 92.408
Epoch:5/10  * Loss 0.212 | Train Acc 93.369
Epoch:6/10  * Loss 0.174 | Train Acc 94.491
Epoch:7/10  * Loss 0.187 | Train Acc 94.211
Epoch:8/10  * Loss 0.154 | Train Acc 95.132
Epoch:9/10  * Loss 0.157 | Train Acc 94.972
Epoch:10/10  * Loss 0.139 | Train Acc 95.393
Optimizer is reset!
Total params: 86105956
Tune params: 307300
Tune ratio: 0.36
Prompt params: 230400
Prompt ratio: 0.27
Epoch:1/20  * Loss 0.259 | Train Acc 92.989
Epoch:2/20  * Loss 0.226 | Train Acc 93.630
Epoch:3/20  * Loss 0.257 | Train Acc 92.628
Epoch:4/20  * Loss 0.203 | Train Acc 93.950
Epoch:5/20  * Loss 0.174 | Train Acc 95.152
Epoch:6/20  * Loss 0.163 | Train Acc 95.052
Epoch:7/20  * Loss 0.163 | Train Acc 95.232
Epoch:8/20  * Loss 0.151 | Train Acc 95.192
Epoch:9/20  * Loss 0.164 | Train Acc 95.152
Epoch:10/20  * Loss 0.150 | Train Acc 95.593
Epoch:11/20  * Loss 0.143 | Train Acc 95.633
Epoch:12/20  * Loss 0.140 | Train Acc 95.633
Epoch:13/20  * Loss 0.128 | Train Acc 96.014
Epoch:14/20  * Loss 0.122 | Train Acc 96.334
Epoch:15/20  * Loss 0.126 | Train Acc 96.194
Epoch:16/20  * Loss 0.118 | Train Acc 96.534
Epoch:17/20  * Loss 0.119 | Train Acc 96.314
Epoch:18/20  * Loss 0.107 | Train Acc 96.655
Epoch:19/20  * Loss 0.117 | Train Acc 96.695
Epoch:20/20  * Loss 0.109 | Train Acc 96.715
----------
Selecting Experts...
----------
[v3] Saved e_pk snapshot: 1800 params
[v3] Saved e_pv snapshot: 1800 params
[v4-split-lite] Task 0 basis updated: {'e_pv': {'0': 4, '2': 4, '3': 4, '4': 4, '6': 4, '9': 4, '10': 4, '13': 4, '14': 4, '15': 4, '18': 4, '19': 4, '20': 4, '21': 4, '22': 4, '24': 4}}
[v3] Task 0 memory saved. Total old memories: 1
=> Saving class model to: outputs/cifar-100/10-task/v5-usage-task-strictcurrent-max10-topk16/models/repeat-1/task-1/
=> Save Done
validation split name (local False): 1
 * Val Acc 98.700, Total time 3.34
Averaged accuracy for task 1: 98.7
====================== 2 =======================
Incremental class: Old valid output dimension: 10
Incremental class: New Valid output dimension: 20
Saving old prompts
Optimizer is reset!
Total params: 86105956
Tune params: 307300
Tune ratio: 0.36
Prompt params: 230400
Prompt ratio: 0.27
Epoch:1/20  * Loss 1.479 | Train Acc 61.098
Epoch:2/20  * Loss 1.442 | Train Acc 63.762
Epoch:3/20  * Loss 0.535 | Train Acc 84.615
Epoch:4/20  * Loss 0.358 | Train Acc 89.123
Epoch:5/20  * Loss 0.282 | Train Acc 90.565
Epoch:6/20  * Loss 0.289 | Train Acc 90.084
Epoch:7/20  * Loss 0.253 | Train Acc 91.126
Epoch:8/20  * Loss 0.256 | Train Acc 90.585
Epoch:9/20  * Loss 0.234 | Train Acc 91.546
Epoch:10/20  * Loss 0.228 | Train Acc 91.667
Epoch:11/20  * Loss 0.243 | Train Acc 91.486
Epoch:12/20  * Loss 0.240 | Train Acc 91.627
