************************************
* STARTING TRIAL 1
************************************
=============================================
Shuffling....
pre-shuffle:[0, 1, 2, 3, 4, 5, 6, 7, 8, 9, 10, 11, 12, 13, 14, 15, 16, 17, 18, 19, 20, 21, 22, 23, 24, 25, 26, 27, 28, 29, 30, 31, 32, 33, 34, 35, 36, 37, 38, 39, 40, 41, 42, 43, 44, 45, 46, 47, 48, 49, 50, 51, 52, 53, 54, 55, 56, 57, 58, 59, 60, 61, 62, 63, 64, 65, 66, 67, 68, 69, 70, 71, 72, 73, 74, 75, 76, 77, 78, 79, 80, 81, 82, 83, 84, 85, 86, 87, 88, 89, 90, 91, 92, 93, 94, 95, 96, 97, 98, 99]
post-shuffle:[23, 8, 11, 7, 48, 13, 1, 91, 94, 54, 16, 63, 52, 41, 80, 2, 47, 87, 78, 66, 19, 6, 24, 10, 59, 30, 22, 29, 83, 37, 93, 81, 43, 99, 86, 28, 34, 88, 44, 14, 84, 70, 4, 20, 15, 21, 31, 76, 57, 67, 73, 50, 69, 25, 98, 46, 96, 0, 72, 35, 58, 92, 3, 95, 56, 90, 26, 40, 55, 89, 75, 71, 60, 42, 9, 82, 39, 18, 77, 68, 32, 79, 12, 85, 36, 17, 64, 27, 74, 45, 61, 38, 51, 62, 65, 33, 5, 53, 97, 49]
=============================================
Files already downloaded and verified
Loading sup1k from pretrained/vit_base_patch16_224_augreg2_in21k_ft_in1k.bin ...
Total params: 86105956
Tune params: 307300
Tune ratio: 0.36
Prompt params: 230400
Prompt ratio: 0.27
Total parameters: 86105956
====================== 1 =======================
Incremental class: Old valid output dimension: 0
Incremental class: New Valid output dimension: 10
Optimizer is reset!
Total params: 86105956
Tune params: 307300
Tune ratio: 0.36
Prompt params: 230400
Prompt ratio: 0.27
----------
Initial training...
Optimizer is reset!
Total params: 86105956
Tune params: 307300
Tune ratio: 0.36
Prompt params: 230400
Prompt ratio: 0.27
[DEBUG] v1_config = {'lambda_pk': 0.0005, 'lambda_pv': 0.015, 'lambda_feat': 0.0, 'freq_threshold': 0.01, 'max_feature_memories': 0, 'route_balance_weight': 0.0002, 'route_prior_weight': 0.0001, 'route_prior_momentum': 0.7, 'use_split_lite': True, 'split_lite_components': ('e_pv',), 'split_lite_rank': 4, 'split_lite_alpha': 0.1, 'split_lite_interval': 20, 'split_lite_buffer_size': 24, 'split_lite_expert_threshold': 0.03, 'split_lite_min_task': 1, 'split_lite_basis_decay': 0.7, 'temperature': 1.0, 'key_temperature': 2.0, 'enable_diagnostic_log': False, 'diagnostic_log_interval': 50}
************************************
* STARTING TRIAL 1
************************************
=============================================
Shuffling....
pre-shuffle:[0, 1, 2, 3, 4, 5, 6, 7, 8, 9, 10, 11, 12, 13, 14, 15, 16, 17, 18, 19, 20, 21, 22, 23, 24, 25, 26, 27, 28, 29, 30, 31, 32, 33, 34, 35, 36, 37, 38, 39, 40, 41, 42, 43, 44, 45, 46, 47, 48, 49, 50, 51, 52, 53, 54, 55, 56, 57, 58, 59, 60, 61, 62, 63, 64, 65, 66, 67, 68, 69, 70, 71, 72, 73, 74, 75, 76, 77, 78, 79, 80, 81, 82, 83, 84, 85, 86, 87, 88, 89, 90, 91, 92, 93, 94, 95, 96, 97, 98, 99]
post-shuffle:[23, 8, 11, 7, 48, 13, 1, 91, 94, 54, 16, 63, 52, 41, 80, 2, 47, 87, 78, 66, 19, 6, 24, 10, 59, 30, 22, 29, 83, 37, 93, 81, 43, 99, 86, 28, 34, 88, 44, 14, 84, 70, 4, 20, 15, 21, 31, 76, 57, 67, 73, 50, 69, 25, 98, 46, 96, 0, 72, 35, 58, 92, 3, 95, 56, 90, 26, 40, 55, 89, 75, 71, 60, 42, 9, 82, 39, 18, 77, 68, 32, 79, 12, 85, 36, 17, 64, 27, 74, 45, 61, 38, 51, 62, 65, 33, 5, 53, 97, 49]
=============================================
Files already downloaded and verified
Loading sup1k from pretrained/vit_base_patch16_224_augreg2_in21k_ft_in1k.bin ...
Total params: 86105956
Tune params: 307300
Tune ratio: 0.36
Prompt params: 230400
Prompt ratio: 0.27
Total parameters: 86105956
====================== 1 =======================
Incremental class: Old valid output dimension: 0
Incremental class: New Valid output dimension: 10
Optimizer is reset!
Total params: 86105956
Tune params: 307300
Tune ratio: 0.36
Prompt params: 230400
Prompt ratio: 0.27
----------
Initial training...
Optimizer is reset!
Total params: 86105956
Tune params: 307300
Tune ratio: 0.36
Prompt params: 230400
Prompt ratio: 0.27
[DEBUG] v1_config = {'lambda_pk': 0.0005, 'lambda_pv': 0.015, 'lambda_feat': 0.0, 'freq_threshold': 0.01, 'max_feature_memories': 0, 'route_balance_weight': 0.0002, 'route_prior_weight': 0.0001, 'route_prior_momentum': 0.7, 'use_split_lite': True, 'split_lite_components': ('e_pv',), 'split_lite_rank': 4, 'split_lite_alpha': 0.1, 'split_lite_interval': 20, 'split_lite_buffer_size': 24, 'split_lite_expert_threshold': 0.03, 'split_lite_min_task': 1, 'split_lite_basis_decay': 0.7, 'temperature': 1.0, 'key_temperature': 2.0, 'enable_diagnostic_log': False, 'diagnostic_log_interval': 50}
Epoch:1/10  * Loss 2.145 | Train Acc 28.425
Epoch:2/10  * Loss 2.112 | Train Acc 30.709
Epoch:3/10  * Loss 0.696 | Train Acc 78.606
************************************
* STARTING TRIAL 1
************************************
=============================================
Shuffling....
pre-shuffle:[0, 1, 2, 3, 4, 5, 6, 7, 8, 9, 10, 11, 12, 13, 14, 15, 16, 17, 18, 19, 20, 21, 22, 23, 24, 25, 26, 27, 28, 29, 30, 31, 32, 33, 34, 35, 36, 37, 38, 39, 40, 41, 42, 43, 44, 45, 46, 47, 48, 49, 50, 51, 52, 53, 54, 55, 56, 57, 58, 59, 60, 61, 62, 63, 64, 65, 66, 67, 68, 69, 70, 71, 72, 73, 74, 75, 76, 77, 78, 79, 80, 81, 82, 83, 84, 85, 86, 87, 88, 89, 90, 91, 92, 93, 94, 95, 96, 97, 98, 99]
post-shuffle:[23, 8, 11, 7, 48, 13, 1, 91, 94, 54, 16, 63, 52, 41, 80, 2, 47, 87, 78, 66, 19, 6, 24, 10, 59, 30, 22, 29, 83, 37, 93, 81, 43, 99, 86, 28, 34, 88, 44, 14, 84, 70, 4, 20, 15, 21, 31, 76, 57, 67, 73, 50, 69, 25, 98, 46, 96, 0, 72, 35, 58, 92, 3, 95, 56, 90, 26, 40, 55, 89, 75, 71, 60, 42, 9, 82, 39, 18, 77, 68, 32, 79, 12, 85, 36, 17, 64, 27, 74, 45, 61, 38, 51, 62, 65, 33, 5, 53, 97, 49]
=============================================
Files already downloaded and verified
Loading sup1k from pretrained/vit_base_patch16_224_augreg2_in21k_ft_in1k.bin ...
Total params: 86105956
Tune params: 307300
Tune ratio: 0.36
Prompt params: 230400
Prompt ratio: 0.27
Total parameters: 86105956
====================== 1 =======================
Incremental class: Old valid output dimension: 0
Incremental class: New Valid output dimension: 10
Optimizer is reset!
Total params: 86105956
Tune params: 307300
Tune ratio: 0.36
Prompt params: 230400
Prompt ratio: 0.27
----------
Initial training...
Optimizer is reset!
Total params: 86105956
Tune params: 307300
Tune ratio: 0.36
Prompt params: 230400
Prompt ratio: 0.27
[DEBUG] v1_config = {'lambda_pk': 0.0005, 'lambda_pv': 0.015, 'lambda_feat': 0.0, 'freq_threshold': 0.01, 'max_feature_memories': 0, 'route_balance_weight': 0.0002, 'route_prior_weight': 0.0001, 'route_prior_momentum': 0.7, 'use_split_lite': True, 'split_lite_components': ('e_pv',), 'split_lite_rank': 4, 'split_lite_alpha': 0.1, 'split_lite_interval': 20, 'split_lite_buffer_size': 24, 'split_lite_expert_threshold': 0.03, 'split_lite_min_task': 1, 'split_lite_basis_decay': 0.7, 'temperature': 1.0, 'key_temperature': 2.0, 'enable_diagnostic_log': False, 'diagnostic_log_interval': 50}
Epoch:1/10  * Loss 2.145 | Train Acc 28.425
Epoch:2/10  * Loss 2.112 | Train Acc 30.709
Epoch:3/10  * Loss 0.696 | Train Acc 78.606
Epoch:4/10  * Loss 0.266 | Train Acc 92.228
Epoch:5/10  * Loss 0.213 | Train Acc 93.329
Epoch:6/10  * Loss 0.173 | Train Acc 94.491
Epoch:7/10  * Loss 0.185 | Train Acc 94.251
Epoch:8/10  * Loss 0.152 | Train Acc 95.272
Epoch:9/10  * Loss 0.155 | Train Acc 94.952
Epoch:10/10  * Loss 0.138 | Train Acc 95.493
Optimizer is reset!
Total params: 86105956
Tune params: 307300
Tune ratio: 0.36
Prompt params: 230400
Prompt ratio: 0.27
Epoch:1/20  * Loss 0.256 | Train Acc 93.009
Epoch:2/20  * Loss 0.223 | Train Acc 93.690
Epoch:3/20  * Loss 0.260 | Train Acc 92.448
Epoch:4/20  * Loss 0.204 | Train Acc 93.810
Epoch:5/20  * Loss 0.176 | Train Acc 95.012
Epoch:6/20  * Loss 0.162 | Train Acc 95.092
Epoch:7/20  * Loss 0.160 | Train Acc 94.992
Epoch:8/20  * Loss 0.149 | Train Acc 95.212
Epoch:9/20  * Loss 0.164 | Train Acc 95.052
Epoch:10/20  * Loss 0.147 | Train Acc 95.693
Epoch:11/20  * Loss 0.143 | Train Acc 95.773
Epoch:12/20  * Loss 0.140 | Train Acc 95.713
Epoch:13/20  * Loss 0.127 | Train Acc 95.933
Epoch:14/20  * Loss 0.122 | Train Acc 96.294
Epoch:15/20  * Loss 0.125 | Train Acc 96.314
Epoch:16/20  * Loss 0.119 | Train Acc 96.595
Epoch:17/20  * Loss 0.120 | Train Acc 96.334
Epoch:18/20  * Loss 0.106 | Train Acc 96.534
Epoch:19/20  * Loss 0.117 | Train Acc 96.795
Epoch:20/20  * Loss 0.110 | Train Acc 96.815
----------
Selecting Experts...
----------
[v3] Saved e_pk snapshot: 1800 params
[v3] Saved e_pv snapshot: 1800 params
[v4-split-lite] Task 0 basis updated: {'e_pv': {'0': 4, '2': 4, '3': 4, '4': 4, '5': 4, '6': 4, '7': 4, '8': 4, '9': 4, '10': 4, '11': 4, '12': 4, '13': 4, '14': 4, '15': 4, '17': 4, '18': 4, '19': 4, '21': 4, '22': 4, '23': 4, '24': 4}}
[v3] Task 0 memory saved. Total old memories: 1
=> Saving class model to: outputs/cifar-100/10-task/exp2-max5-alpha01-mintask1/models/repeat-1/task-1/
=> Save Done
validation split name (local False): 1
 * Val Acc 98.700, Total time 7.08
Averaged accuracy for task 1: 98.7
====================== 2 =======================
Incremental class: Old valid output dimension: 10
Incremental class: New Valid output dimension: 20
Saving old prompts
Optimizer is reset!
Total params: 86105956
Tune params: 307300
Tune ratio: 0.36
Prompt params: 230400
Prompt ratio: 0.27
Epoch:1/20  * Loss 1.507 | Train Acc 59.856
Epoch:2/20  * Loss 1.463 | Train Acc 61.999
Epoch:3/20  * Loss 0.531 | Train Acc 84.535
Epoch:4/20  * Loss 0.335 | Train Acc 89.984
Epoch:5/20  * Loss 0.310 | Train Acc 89.804
Epoch:6/20  * Loss 0.265 | Train Acc 90.966
Epoch:7/20  * Loss 0.275 | Train Acc 90.505
Epoch:8/20  * Loss 0.240 | Train Acc 91.526
Epoch:9/20  * Loss 0.246 | Train Acc 91.226
Epoch:10/20  * Loss 0.226 | Train Acc 91.887
Epoch:11/20  * Loss 0.219 | Train Acc 91.967
Epoch:12/20  * Loss 0.232 | Train Acc 91.987
Epoch:13/20  * Loss 0.230 | Train Acc 92.087
Epoch:14/20  * Loss 0.213 | Train Acc 92.788
Epoch:15/20  * Loss 0.221 | Train Acc 92.508
Epoch:16/20  * Loss 0.221 | Train Acc 92.568
Epoch:17/20  * Loss 0.212 | Train Acc 92.508
Epoch:18/20  * Loss 0.197 | Train Acc 93.089
Epoch:19/20  * Loss 0.199 | Train Acc 93.029
Epoch:20/20  * Loss 0.187 | Train Acc 93.329
----------
Selecting Experts...
----------
[v3] Saved e_pk snapshot: 1800 params
[v3] Saved e_pv snapshot: 1800 params
[v4-split-lite] Task 1 basis updated: {'e_pv': {'0': 4, '1': 4, '2': 4, '3': 4, '4': 4, '5': 4, '6': 4, '7': 4, '8': 4, '9': 4, '10': 4, '11': 4, '12': 4, '13': 4, '14': 4, '15': 4, '17': 4, '18': 4, '19': 4, '21': 4, '22': 4, '23': 4, '24': 4}}
[v3] Task 1 memory saved. Total old memories: 2
Averaged stats: Lr: 0.000010  Loss: 0.0504  Acc@1: 98.4375 (98.2812)  Acc@5: 100.0000 (100.0000)
Averaged stats: Lr: 0.000010  Loss: 0.0603  Acc@1: 98.4375 (98.2812)  Acc@5: 100.0000 (100.0000)
Averaged stats: Lr: 0.000010  Loss: 0.0653  Acc@1: 99.2188 (98.7500)  Acc@5: 100.0000 (100.0000)
Averaged stats: Lr: 0.000010  Loss: 0.0546  Acc@1: 97.6562 (98.2812)  Acc@5: 100.0000 (100.0000)
Averaged stats: Lr: 0.000010  Loss: 0.0262  Acc@1: 98.4375 (98.5938)  Acc@5: 100.0000 (100.0000)
Averaged stats: Lr: 0.000010  Loss: 0.0628  Acc@1: 99.2188 (98.8281)  Acc@5: 100.0000 (100.0000)
Averaged stats: Lr: 0.000010  Loss: 0.0663  Acc@1: 99.2188 (98.7500)  Acc@5: 100.0000 (100.0000)
Averaged stats: Lr: 0.000009  Loss: 0.0504  Acc@1: 99.2188 (98.9062)  Acc@5: 100.0000 (100.0000)
Averaged stats: Lr: 0.000009  Loss: 0.0470  Acc@1: 98.4375 (98.6719)  Acc@5: 100.0000 (100.0000)
Averaged stats: Lr: 0.000009  Loss: 0.0411  Acc@1: 98.4375 (98.8281)  Acc@5: 100.0000 (100.0000)
Averaged stats: Lr: 0.000009  Loss: 0.0380  Acc@1: 99.2188 (98.7500)  Acc@5: 100.0000 (100.0000)
Averaged stats: Lr: 0.000009  Loss: 0.0212  Acc@1: 99.2188 (99.1406)  Acc@5: 100.0000 (100.0000)
Averaged stats: Lr: 0.000009  Loss: 0.0177  Acc@1: 98.4375 (98.6719)  Acc@5: 100.0000 (100.0000)
Averaged stats: Lr: 0.000008  Loss: 0.0441  Acc@1: 99.2188 (98.8281)  Acc@5: 100.0000 (100.0000)
Averaged stats: Lr: 0.000008  Loss: 0.0283  Acc@1: 99.2188 (98.5156)  Acc@5: 100.0000 (100.0000)
Averaged stats: Lr: 0.000008  Loss: 0.0441  Acc@1: 99.2188 (99.0625)  Acc@5: 100.0000 (100.0000)
Averaged stats: Lr: 0.000008  Loss: 0.0348  Acc@1: 100.0000 (99.5312)  Acc@5: 100.0000 (100.0000)
Averaged stats: Lr: 0.000007  Loss: 0.0385  Acc@1: 99.2188 (99.3750)  Acc@5: 100.0000 (100.0000)
Averaged stats: Lr: 0.000007  Loss: 0.0265  Acc@1: 99.2188 (99.0625)  Acc@5: 100.0000 (100.0000)
Averaged stats: Lr: 0.000007  Loss: 0.0480  Acc@1: 98.4375 (98.7500)  Acc@5: 100.0000 (100.0000)
Averaged stats: Lr: 0.000007  Loss: 0.0319  Acc@1: 99.2188 (99.1406)  Acc@5: 100.0000 (100.0000)
Averaged stats: Lr: 0.000006  Loss: 0.0546  Acc@1: 99.2188 (99.0625)  Acc@5: 100.0000 (100.0000)
Averaged stats: Lr: 0.000006  Loss: 0.0369  Acc@1: 99.2188 (99.0625)  Acc@5: 100.0000 (100.0000)
Averaged stats: Lr: 0.000006  Loss: 0.0211  Acc@1: 98.4375 (98.7500)  Acc@5: 100.0000 (100.0000)
Averaged stats: Lr: 0.000006  Loss: 0.0234  Acc@1: 98.4375 (98.6719)  Acc@5: 100.0000 (100.0000)
Averaged stats: Lr: 0.000005  Loss: 0.0302  Acc@1: 99.2188 (98.9844)  Acc@5: 100.0000 (100.0000)
Averaged stats: Lr: 0.000005  Loss: 0.0605  Acc@1: 98.4375 (98.6719)  Acc@5: 100.0000 (100.0000)
Averaged stats: Lr: 0.000005  Loss: 0.0234  Acc@1: 99.2188 (99.0625)  Acc@5: 100.0000 (100.0000)
Averaged stats: Lr: 0.000004  Loss: 0.0200  Acc@1: 99.2188 (99.2188)  Acc@5: 100.0000 (100.0000)
Averaged stats: Lr: 0.000004  Loss: 0.0530  Acc@1: 99.2188 (99.1406)  Acc@5: 100.0000 (100.0000)
Averaged stats: Lr: 0.000004  Loss: 0.0724  Acc@1: 99.2188 (98.9844)  Acc@5: 100.0000 (100.0000)
Averaged stats: Lr: 0.000004  Loss: 0.0380  Acc@1: 99.2188 (99.0625)  Acc@5: 100.0000 (100.0000)
Averaged stats: Lr: 0.000003  Loss: 0.0354  Acc@1: 99.2188 (99.4531)  Acc@5: 100.0000 (100.0000)
Averaged stats: Lr: 0.000003  Loss: 0.0579  Acc@1: 99.2188 (98.9844)  Acc@5: 100.0000 (100.0000)
Averaged stats: Lr: 0.000003  Loss: 0.0248  Acc@1: 98.4375 (98.6719)  Acc@5: 100.0000 (100.0000)
Averaged stats: Lr: 0.000003  Loss: 0.0276  Acc@1: 99.2188 (99.5312)  Acc@5: 100.0000 (100.0000)
Averaged stats: Lr: 0.000002  Loss: 0.0159  Acc@1: 99.2188 (99.4531)  Acc@5: 100.0000 (100.0000)
Averaged stats: Lr: 0.000002  Loss: 0.0393  Acc@1: 99.2188 (98.8281)  Acc@5: 100.0000 (100.0000)
Averaged stats: Lr: 0.000002  Loss: 0.0392  Acc@1: 99.2188 (99.1406)  Acc@5: 100.0000 (100.0000)
Averaged stats: Lr: 0.000002  Loss: 0.0303  Acc@1: 98.4375 (98.8281)  Acc@5: 100.0000 (100.0000)
Averaged stats: Lr: 0.000002  Loss: 0.0321  Acc@1: 98.4375 (98.3594)  Acc@5: 100.0000 (100.0000)
Averaged stats: Lr: 0.000002  Loss: 0.0250  Acc@1: 99.2188 (98.7500)  Acc@5: 100.0000 (100.0000)
Averaged stats: Lr: 0.000001  Loss: 0.0231  Acc@1: 99.2188 (99.2188)  Acc@5: 100.0000 (100.0000)
Averaged stats: Lr: 0.000001  Loss: 0.0236  Acc@1: 99.2188 (99.0625)  Acc@5: 100.0000 (100.0000)
Averaged stats: Lr: 0.000001  Loss: 0.0304  Acc@1: 99.2188 (98.9062)  Acc@5: 100.0000 (100.0000)
Averaged stats: Lr: 0.000001  Loss: 0.0118  Acc@1: 99.2188 (99.2969)  Acc@5: 100.0000 (100.0000)
Averaged stats: Lr: 0.000001  Loss: 0.0476  Acc@1: 99.2188 (99.6094)  Acc@5: 100.0000 (100.0000)
Averaged stats: Lr: 0.000001  Loss: 0.0577  Acc@1: 98.4375 (98.8281)  Acc@5: 100.0000 (100.0000)
Averaged stats: Lr: 0.000001  Loss: 0.0300  Acc@1: 99.2188 (99.2188)  Acc@5: 100.0000 (100.0000)
Averaged stats: Lr: 0.000001  Loss: 0.0487  Acc@1: 99.2188 (99.2188)  Acc@5: 100.0000 (100.0000)
=> Saving class model to: outputs/cifar-100/10-task/exp2-max5-alpha01-mintask1/models/repeat-1/task-2/
=> Save Done
validation split name (local False): 1
 * Val Acc 97.100, Total time 7.42
validation split name (local False): 2
 * Val Acc 92.200, Total time 7.61
Averaged accuracy for task 2: 94.65
====================== 3 =======================
Incremental class: Old valid output dimension: 20
Incremental class: New Valid output dimension: 30
Saving old prompts
Optimizer is reset!
Total params: 86105956
Tune params: 307300
Tune ratio: 0.36
Prompt params: 230400
Prompt ratio: 0.27
Epoch:1/20  * Loss 1.394 | Train Acc 69.792
Epoch:2/20  * Loss 1.361 | Train Acc 71.294
Epoch:3/20  * Loss 0.395 | Train Acc 90.665
Epoch:4/20  * Loss 0.230 | Train Acc 94.010
Epoch:5/20  * Loss 0.197 | Train Acc 94.772
Epoch:6/20  * Loss 0.172 | Train Acc 94.812
Epoch:7/20  * Loss 0.159 | Train Acc 95.673
Epoch:8/20  * Loss 0.158 | Train Acc 94.992
Epoch:9/20  * Loss 0.153 | Train Acc 95.252
Epoch:10/20  * Loss 0.131 | Train Acc 96.254
Epoch:11/20  * Loss 0.137 | Train Acc 96.074
Epoch:12/20  * Loss 0.151 | Train Acc 95.453
Epoch:13/20  * Loss 0.137 | Train Acc 96.034
Epoch:14/20  * Loss 0.145 | Train Acc 96.134
Epoch:15/20  * Loss 0.141 | Train Acc 95.913
Epoch:16/20  * Loss 0.123 | Train Acc 96.314
Epoch:17/20  * Loss 0.129 | Train Acc 96.595
Epoch:18/20  * Loss 0.127 | Train Acc 96.274
Epoch:19/20  * Loss 0.122 | Train Acc 96.494
Epoch:20/20  * Loss 0.122 | Train Acc 96.354
----------
Selecting Experts...
----------
[v3] Saved e_pk snapshot: 1800 params
[v3] Saved e_pv snapshot: 1800 params
[v4-split-lite] Task 2 basis updated: {'e_pv': {'0': 4, '1': 4, '2': 4, '3': 4, '4': 4, '5': 4, '6': 4, '7': 4, '8': 4, '9': 4, '10': 4, '11': 4, '12': 4, '13': 4, '14': 4, '15': 4, '16': 4, '17': 4, '18': 4, '19': 4, '21': 4, '22': 4, '23': 4, '24': 4}}
[v3] Task 2 memory saved. Total old memories: 3
Averaged stats: Lr: 0.000010  Loss: 0.0719  Acc@1: 96.8750 (96.6797)  Acc@5: 100.0000 (100.0000)
Averaged stats: Lr: 0.000010  Loss: 0.0753  Acc@1: 97.6562 (97.3438)  Acc@5: 100.0000 (100.0000)
Averaged stats: Lr: 0.000010  Loss: 0.0833  Acc@1: 96.8750 (97.5391)  Acc@5: 100.0000 (100.0000)
Averaged stats: Lr: 0.000010  Loss: 0.0723  Acc@1: 96.8750 (96.7188)  Acc@5: 100.0000 (100.0000)
Averaged stats: Lr: 0.000010  Loss: 0.0404  Acc@1: 96.8750 (97.3047)  Acc@5: 100.0000 (100.0000)
Averaged stats: Lr: 0.000010  Loss: 0.0417  Acc@1: 97.6562 (97.5781)  Acc@5: 100.0000 (100.0000)
Averaged stats: Lr: 0.000010  Loss: 0.0486  Acc@1: 98.4375 (98.0469)  Acc@5: 100.0000 (100.0000)
Averaged stats: Lr: 0.000009  Loss: 0.0581  Acc@1: 98.4375 (98.4766)  Acc@5: 100.0000 (100.0000)
Averaged stats: Lr: 0.000009  Loss: 0.0444  Acc@1: 97.6562 (97.9688)  Acc@5: 100.0000 (100.0000)
Averaged stats: Lr: 0.000009  Loss: 0.0471  Acc@1: 98.4375 (98.3203)  Acc@5: 100.0000 (100.0000)
Averaged stats: Lr: 0.000009  Loss: 0.0648  Acc@1: 98.4375 (98.2812)  Acc@5: 100.0000 (100.0000)
Averaged stats: Lr: 0.000009  Loss: 0.0554  Acc@1: 98.4375 (98.7500)  Acc@5: 100.0000 (100.0000)
Averaged stats: Lr: 0.000009  Loss: 0.0865  Acc@1: 98.4375 (98.5156)  Acc@5: 100.0000 (100.0000)
Averaged stats: Lr: 0.000008  Loss: 0.0301  Acc@1: 99.2188 (98.8672)  Acc@5: 100.0000 (100.0000)
Averaged stats: Lr: 0.000008  Loss: 0.0446  Acc@1: 99.2188 (98.9062)  Acc@5: 100.0000 (100.0000)
Averaged stats: Lr: 0.000008  Loss: 0.0419  Acc@1: 99.2188 (98.7891)  Acc@5: 100.0000 (100.0000)
Averaged stats: Lr: 0.000008  Loss: 0.0386  Acc@1: 99.2188 (99.0625)  Acc@5: 100.0000 (100.0000)
Averaged stats: Lr: 0.000007  Loss: 0.0273  Acc@1: 99.2188 (98.8672)  Acc@5: 100.0000 (100.0000)
Averaged stats: Lr: 0.000007  Loss: 0.0534  Acc@1: 99.2188 (98.9062)  Acc@5: 100.0000 (100.0000)
Averaged stats: Lr: 0.000007  Loss: 0.0286  Acc@1: 99.2188 (99.0234)  Acc@5: 100.0000 (100.0000)
Averaged stats: Lr: 0.000007  Loss: 0.0579  Acc@1: 99.2188 (99.2188)  Acc@5: 100.0000 (100.0000)
Averaged stats: Lr: 0.000006  Loss: 0.0577  Acc@1: 99.2188 (98.6328)  Acc@5: 100.0000 (100.0000)
Averaged stats: Lr: 0.000006  Loss: 0.0447  Acc@1: 99.2188 (99.3359)  Acc@5: 100.0000 (100.0000)
Averaged stats: Lr: 0.000006  Loss: 0.0548  Acc@1: 99.2188 (99.1797)  Acc@5: 100.0000 (100.0000)
Averaged stats: Lr: 0.000006  Loss: 0.0541  Acc@1: 99.2188 (98.8672)  Acc@5: 100.0000 (100.0000)
Averaged stats: Lr: 0.000005  Loss: 0.0244  Acc@1: 99.2188 (99.0234)  Acc@5: 100.0000 (100.0000)
Averaged stats: Lr: 0.000005  Loss: 0.0250  Acc@1: 98.4375 (98.7500)  Acc@5: 100.0000 (100.0000)
Averaged stats: Lr: 0.000005  Loss: 0.0406  Acc@1: 99.2188 (99.1016)  Acc@5: 100.0000 (100.0000)
Averaged stats: Lr: 0.000004  Loss: 0.0616  Acc@1: 99.2188 (98.9844)  Acc@5: 100.0000 (100.0000)
Averaged stats: Lr: 0.000004  Loss: 0.0331  Acc@1: 99.2188 (99.2188)  Acc@5: 100.0000 (100.0000)
Averaged stats: Lr: 0.000004  Loss: 0.0650  Acc@1: 99.2188 (99.2188)  Acc@5: 100.0000 (100.0000)
Averaged stats: Lr: 0.000004  Loss: 0.0286  Acc@1: 99.2188 (99.2578)  Acc@5: 100.0000 (100.0000)
Averaged stats: Lr: 0.000003  Loss: 0.0307  Acc@1: 99.2188 (99.3750)  Acc@5: 100.0000 (100.0000)
Averaged stats: Lr: 0.000003  Loss: 0.0569  Acc@1: 99.2188 (99.2969)  Acc@5: 100.0000 (100.0000)
Averaged stats: Lr: 0.000003  Loss: 0.0470  Acc@1: 99.2188 (99.1797)  Acc@5: 100.0000 (100.0000)
Averaged stats: Lr: 0.000003  Loss: 0.0570  Acc@1: 99.2188 (99.1016)  Acc@5: 100.0000 (100.0000)
Averaged stats: Lr: 0.000002  Loss: 0.0239  Acc@1: 99.2188 (99.4531)  Acc@5: 100.0000 (100.0000)
Averaged stats: Lr: 0.000002  Loss: 0.0270  Acc@1: 99.2188 (99.3750)  Acc@5: 100.0000 (100.0000)
Averaged stats: Lr: 0.000002  Loss: 0.0212  Acc@1: 99.2188 (99.2578)  Acc@5: 100.0000 (100.0000)
Averaged stats: Lr: 0.000002  Loss: 0.0205  Acc@1: 99.2188 (98.9844)  Acc@5: 100.0000 (100.0000)
Averaged stats: Lr: 0.000002  Loss: 0.0106  Acc@1: 99.2188 (99.2188)  Acc@5: 100.0000 (100.0000)
Averaged stats: Lr: 0.000002  Loss: 0.0451  Acc@1: 99.2188 (99.0234)  Acc@5: 100.0000 (100.0000)
Averaged stats: Lr: 0.000001  Loss: 0.0414  Acc@1: 99.2188 (99.1016)  Acc@5: 100.0000 (100.0000)
Averaged stats: Lr: 0.000001  Loss: 0.0603  Acc@1: 99.2188 (99.2969)  Acc@5: 100.0000 (100.0000)
Averaged stats: Lr: 0.000001  Loss: 0.0288  Acc@1: 100.0000 (99.4922)  Acc@5: 100.0000 (100.0000)
Averaged stats: Lr: 0.000001  Loss: 0.0272  Acc@1: 99.2188 (99.1406)  Acc@5: 100.0000 (100.0000)
Averaged stats: Lr: 0.000001  Loss: 0.0398  Acc@1: 99.2188 (99.0625)  Acc@5: 100.0000 (100.0000)
Averaged stats: Lr: 0.000001  Loss: 0.0442  Acc@1: 99.2188 (99.2578)  Acc@5: 100.0000 (100.0000)
Averaged stats: Lr: 0.000001  Loss: 0.0408  Acc@1: 99.2188 (99.1406)  Acc@5: 100.0000 (100.0000)
Averaged stats: Lr: 0.000001  Loss: 0.0243  Acc@1: 99.2188 (99.2578)  Acc@5: 100.0000 (100.0000)
=> Saving class model to: outputs/cifar-100/10-task/exp2-max5-alpha01-mintask1/models/repeat-1/task-3/
=> Save Done
validation split name (local False): 1
 * Val Acc 95.900, Total time 7.56
validation split name (local False): 2
 * Val Acc 89.600, Total time 7.47
validation split name (local False): 3
 * Val Acc 94.800, Total time 7.04
Averaged accuracy for task 3: 93.43333333333334
====================== 4 =======================
Incremental class: Old valid output dimension: 30
Incremental class: New Valid output dimension: 40
Saving old prompts
Optimizer is reset!
Total params: 86105956
Tune params: 307300
Tune ratio: 0.36
Prompt params: 230400
Prompt ratio: 0.27
Epoch:1/20  * Loss 1.305 | Train Acc 71.154
Epoch:2/20  * Loss 1.264 | Train Acc 72.837
Epoch:3/20  * Loss 0.427 | Train Acc 89.503
Epoch:4/20  * Loss 0.246 | Train Acc 93.329
Epoch:5/20  * Loss 0.219 | Train Acc 93.750
Epoch:6/20  * Loss 0.220 | Train Acc 93.530
Epoch:7/20  * Loss 0.193 | Train Acc 94.511
Epoch:8/20  * Loss 0.194 | Train Acc 94.331
Epoch:9/20  * Loss 0.176 | Train Acc 94.772
Epoch:10/20  * Loss 0.174 | Train Acc 95.132
Epoch:11/20  * Loss 0.167 | Train Acc 94.952
Epoch:12/20  * Loss 0.181 | Train Acc 94.391
Epoch:13/20  * Loss 0.170 | Train Acc 94.792
Epoch:14/20  * Loss 0.169 | Train Acc 94.992
Epoch:15/20  * Loss 0.149 | Train Acc 95.713
Epoch:16/20  * Loss 0.167 | Train Acc 94.631
Epoch:17/20  * Loss 0.148 | Train Acc 95.453
Epoch:18/20  * Loss 0.146 | Train Acc 95.553
Epoch:19/20  * Loss 0.155 | Train Acc 95.112
Epoch:20/20  * Loss 0.158 | Train Acc 95.373
----------
Selecting Experts...
----------
[v3] Saved e_pk snapshot: 1800 params
[v3] Saved e_pv snapshot: 1800 params
[v4-split-lite] Task 3 basis updated: {'e_pv': {'0': 4, '1': 4, '2': 4, '3': 4, '4': 4, '5': 4, '6': 4, '7': 4, '8': 4, '9': 4, '10': 4, '11': 4, '12': 4, '13': 4, '14': 4, '15': 4, '16': 4, '17': 4, '18': 4, '19': 4, '21': 4, '22': 4, '23': 4, '24': 4}}
[v3] Task 3 memory saved. Total old memories: 4
Averaged stats: Lr: 0.000010  Loss: 0.0358  Acc@1: 99.2188 (99.5312)  Acc@5: 100.0000 (100.0000)
Averaged stats: Lr: 0.000010  Loss: 0.0452  Acc@1: 100.0000 (99.3750)  Acc@5: 100.0000 (100.0000)
Averaged stats: Lr: 0.000010  Loss: 0.0302  Acc@1: 100.0000 (99.4792)  Acc@5: 100.0000 (100.0000)
Averaged stats: Lr: 0.000010  Loss: 0.0398  Acc@1: 100.0000 (99.6094)  Acc@5: 100.0000 (100.0000)
Averaged stats: Lr: 0.000010  Loss: 0.0320  Acc@1: 99.2188 (99.3750)  Acc@5: 100.0000 (100.0000)
Averaged stats: Lr: 0.000010  Loss: 0.0228  Acc@1: 99.2188 (99.5833)  Acc@5: 100.0000 (100.0000)
Averaged stats: Lr: 0.000010  Loss: 0.0264  Acc@1: 100.0000 (99.6354)  Acc@5: 100.0000 (100.0000)
Averaged stats: Lr: 0.000009  Loss: 0.0215  Acc@1: 100.0000 (99.5833)  Acc@5: 100.0000 (100.0000)
Averaged stats: Lr: 0.000009  Loss: 0.0208  Acc@1: 100.0000 (99.6875)  Acc@5: 100.0000 (100.0000)
Averaged stats: Lr: 0.000009  Loss: 0.0292  Acc@1: 100.0000 (99.4792)  Acc@5: 100.0000 (100.0000)
Averaged stats: Lr: 0.000009  Loss: 0.0228  Acc@1: 100.0000 (99.6875)  Acc@5: 100.0000 (100.0000)
Averaged stats: Lr: 0.000009  Loss: 0.0165  Acc@1: 100.0000 (99.6875)  Acc@5: 100.0000 (100.0000)
Averaged stats: Lr: 0.000009  Loss: 0.0373  Acc@1: 100.0000 (99.7135)  Acc@5: 100.0000 (100.0000)
Averaged stats: Lr: 0.000008  Loss: 0.0331  Acc@1: 100.0000 (99.6094)  Acc@5: 100.0000 (100.0000)
Averaged stats: Lr: 0.000008  Loss: 0.0142  Acc@1: 100.0000 (99.5052)  Acc@5: 100.0000 (100.0000)
Averaged stats: Lr: 0.000008  Loss: 0.0298  Acc@1: 100.0000 (99.5573)  Acc@5: 100.0000 (100.0000)
Averaged stats: Lr: 0.000008  Loss: 0.0279  Acc@1: 100.0000 (99.7396)  Acc@5: 100.0000 (100.0000)
Averaged stats: Lr: 0.000007  Loss: 0.0256  Acc@1: 100.0000 (99.7917)  Acc@5: 100.0000 (100.0000)
Averaged stats: Lr: 0.000007  Loss: 0.0307  Acc@1: 100.0000 (99.6354)  Acc@5: 100.0000 (100.0000)
Averaged stats: Lr: 0.000007  Loss: 0.0104  Acc@1: 100.0000 (99.6354)  Acc@5: 100.0000 (100.0000)
Averaged stats: Lr: 0.000007  Loss: 0.0359  Acc@1: 100.0000 (99.6354)  Acc@5: 100.0000 (100.0000)
Averaged stats: Lr: 0.000006  Loss: 0.0198  Acc@1: 99.2188 (99.4531)  Acc@5: 100.0000 (100.0000)
Averaged stats: Lr: 0.000006  Loss: 0.0299  Acc@1: 100.0000 (99.8438)  Acc@5: 100.0000 (100.0000)
Averaged stats: Lr: 0.000006  Loss: 0.0211  Acc@1: 100.0000 (99.6875)  Acc@5: 100.0000 (100.0000)
Averaged stats: Lr: 0.000006  Loss: 0.0219  Acc@1: 100.0000 (99.7656)  Acc@5: 100.0000 (100.0000)
Averaged stats: Lr: 0.000005  Loss: 0.0257  Acc@1: 100.0000 (99.6615)  Acc@5: 100.0000 (100.0000)
Averaged stats: Lr: 0.000005  Loss: 0.0262  Acc@1: 99.2188 (99.4010)  Acc@5: 100.0000 (100.0000)
Averaged stats: Lr: 0.000005  Loss: 0.0242  Acc@1: 100.0000 (99.6615)  Acc@5: 100.0000 (100.0000)
Averaged stats: Lr: 0.000004  Loss: 0.0180  Acc@1: 100.0000 (99.6875)  Acc@5: 100.0000 (100.0000)
Averaged stats: Lr: 0.000004  Loss: 0.0200  Acc@1: 100.0000 (99.6094)  Acc@5: 100.0000 (100.0000)
Averaged stats: Lr: 0.000004  Loss: 0.0268  Acc@1: 100.0000 (99.9219)  Acc@5: 100.0000 (100.0000)
Averaged stats: Lr: 0.000004  Loss: 0.0178  Acc@1: 100.0000 (99.6875)  Acc@5: 100.0000 (100.0000)
Averaged stats: Lr: 0.000003  Loss: 0.0405  Acc@1: 100.0000 (99.6875)  Acc@5: 100.0000 (100.0000)
Averaged stats: Lr: 0.000003  Loss: 0.0121  Acc@1: 100.0000 (99.6615)  Acc@5: 100.0000 (100.0000)
Averaged stats: Lr: 0.000003  Loss: 0.0230  Acc@1: 100.0000 (99.6354)  Acc@5: 100.0000 (100.0000)
Averaged stats: Lr: 0.000003  Loss: 0.0282  Acc@1: 99.2188 (99.4792)  Acc@5: 100.0000 (100.0000)
Averaged stats: Lr: 0.000002  Loss: 0.0173  Acc@1: 100.0000 (99.6875)  Acc@5: 100.0000 (100.0000)
Averaged stats: Lr: 0.000002  Loss: 0.0157  Acc@1: 100.0000 (99.6094)  Acc@5: 100.0000 (100.0000)
Averaged stats: Lr: 0.000002  Loss: 0.0189  Acc@1: 100.0000 (99.7396)  Acc@5: 100.0000 (100.0000)
Averaged stats: Lr: 0.000002  Loss: 0.0237  Acc@1: 100.0000 (99.6875)  Acc@5: 100.0000 (100.0000)
Averaged stats: Lr: 0.000002  Loss: 0.0253  Acc@1: 100.0000 (99.6354)  Acc@5: 100.0000 (100.0000)
Averaged stats: Lr: 0.000002  Loss: 0.0087  Acc@1: 100.0000 (99.7917)  Acc@5: 100.0000 (100.0000)
Averaged stats: Lr: 0.000001  Loss: 0.0262  Acc@1: 100.0000 (99.7135)  Acc@5: 100.0000 (100.0000)
Averaged stats: Lr: 0.000001  Loss: 0.0236  Acc@1: 100.0000 (99.8438)  Acc@5: 100.0000 (100.0000)
Averaged stats: Lr: 0.000001  Loss: 0.0210  Acc@1: 100.0000 (99.5833)  Acc@5: 100.0000 (100.0000)
Averaged stats: Lr: 0.000001  Loss: 0.0270  Acc@1: 100.0000 (99.7656)  Acc@5: 100.0000 (100.0000)
Averaged stats: Lr: 0.000001  Loss: 0.0150  Acc@1: 100.0000 (99.6354)  Acc@5: 100.0000 (100.0000)
Averaged stats: Lr: 0.000001  Loss: 0.0234  Acc@1: 100.0000 (99.7917)  Acc@5: 100.0000 (100.0000)
Averaged stats: Lr: 0.000001  Loss: 0.0283  Acc@1: 100.0000 (99.6615)  Acc@5: 100.0000 (100.0000)
Averaged stats: Lr: 0.000001  Loss: 0.0137  Acc@1: 100.0000 (99.6094)  Acc@5: 100.0000 (100.0000)
=> Saving class model to: outputs/cifar-100/10-task/exp2-max5-alpha01-mintask1/models/repeat-1/task-4/
=> Save Done
validation split name (local False): 1
 * Val Acc 94.100, Total time 6.02
validation split name (local False): 2
 * Val Acc 88.400, Total time 6.16
validation split name (local False): 3
 * Val Acc 94.100, Total time 6.23
validation split name (local False): 4
 * Val Acc 95.300, Total time 6.03
Averaged accuracy for task 4: 92.97500000000001
====================== 5 =======================
Incremental class: Old valid output dimension: 40
Incremental class: New Valid output dimension: 50
Saving old prompts
Optimizer is reset!
Total params: 86105956
Tune params: 307300
Tune ratio: 0.36
Prompt params: 230400
Prompt ratio: 0.27
Epoch:1/20  * Loss 1.462 | Train Acc 61.438
Epoch:2/20  * Loss 1.433 | Train Acc 64.002
Epoch:3/20  * Loss 0.427 | Train Acc 88.802
Epoch:4/20  * Loss 0.266 | Train Acc 93.089
Epoch:5/20  * Loss 0.198 | Train Acc 94.251
Epoch:6/20  * Loss 0.199 | Train Acc 94.151
Epoch:7/20  * Loss 0.176 | Train Acc 94.812
Epoch:8/20  * Loss 0.175 | Train Acc 94.912
Epoch:9/20  * Loss 0.148 | Train Acc 95.232
Epoch:10/20  * Loss 0.155 | Train Acc 95.152
Epoch:11/20  * Loss 0.153 | Train Acc 95.333
Epoch:12/20  * Loss 0.150 | Train Acc 95.573
Epoch:13/20  * Loss 0.161 | Train Acc 95.012
Epoch:14/20  * Loss 0.157 | Train Acc 95.272
Epoch:15/20  * Loss 0.155 | Train Acc 95.232
Epoch:16/20  * Loss 0.148 | Train Acc 95.453
Epoch:17/20  * Loss 0.144 | Train Acc 95.393
Epoch:18/20  * Loss 0.141 | Train Acc 95.913
Epoch:19/20  * Loss 0.147 | Train Acc 95.753
Epoch:20/20  * Loss 0.141 | Train Acc 95.693
----------
Selecting Experts...
----------
[v3] Saved e_pk snapshot: 1800 params
[v3] Saved e_pv snapshot: 1800 params
[v4-split-lite] Task 4 basis updated: {'e_pv': {'0': 4, '1': 4, '2': 4, '3': 4, '4': 4, '5': 4, '6': 4, '7': 4, '8': 4, '9': 4, '10': 4, '11': 4, '12': 4, '13': 4, '14': 4, '15': 4, '16': 4, '17': 4, '18': 4, '19': 4, '21': 4, '22': 4, '23': 4, '24': 4}}
[v3] Task 4 memory saved. Total old memories: 5
Averaged stats: Lr: 0.000010  Loss: 0.0139  Acc@1: 100.0000 (99.7266)  Acc@5: 100.0000 (100.0000)
Averaged stats: Lr: 0.000010  Loss: 0.0138  Acc@1: 100.0000 (99.8047)  Acc@5: 100.0000 (100.0000)
Averaged stats: Lr: 0.000010  Loss: 0.0324  Acc@1: 100.0000 (99.8242)  Acc@5: 100.0000 (100.0000)
Averaged stats: Lr: 0.000010  Loss: 0.0210  Acc@1: 100.0000 (99.8047)  Acc@5: 100.0000 (100.0000)
Averaged stats: Lr: 0.000010  Loss: 0.0230  Acc@1: 100.0000 (99.8633)  Acc@5: 100.0000 (100.0000)
Averaged stats: Lr: 0.000010  Loss: 0.0077  Acc@1: 100.0000 (99.8047)  Acc@5: 100.0000 (100.0000)
Averaged stats: Lr: 0.000010  Loss: 0.0265  Acc@1: 100.0000 (99.9023)  Acc@5: 100.0000 (100.0000)
Averaged stats: Lr: 0.000009  Loss: 0.0184  Acc@1: 100.0000 (99.7656)  Acc@5: 100.0000 (100.0000)
Averaged stats: Lr: 0.000009  Loss: 0.0191  Acc@1: 100.0000 (99.9609)  Acc@5: 100.0000 (100.0000)
Averaged stats: Lr: 0.000009  Loss: 0.0253  Acc@1: 100.0000 (99.8633)  Acc@5: 100.0000 (100.0000)
Averaged stats: Lr: 0.000009  Loss: 0.0123  Acc@1: 100.0000 (99.8047)  Acc@5: 100.0000 (100.0000)
Averaged stats: Lr: 0.000009  Loss: 0.0182  Acc@1: 100.0000 (99.7656)  Acc@5: 100.0000 (100.0000)
Averaged stats: Lr: 0.000009  Loss: 0.0142  Acc@1: 100.0000 (99.7656)  Acc@5: 100.0000 (100.0000)
Averaged stats: Lr: 0.000008  Loss: 0.0121  Acc@1: 100.0000 (99.8633)  Acc@5: 100.0000 (100.0000)
Averaged stats: Lr: 0.000008  Loss: 0.0133  Acc@1: 100.0000 (99.8438)  Acc@5: 100.0000 (100.0000)
Averaged stats: Lr: 0.000008  Loss: 0.0197  Acc@1: 100.0000 (99.9023)  Acc@5: 100.0000 (100.0000)
Averaged stats: Lr: 0.000008  Loss: 0.0168  Acc@1: 100.0000 (99.7656)  Acc@5: 100.0000 (100.0000)
Averaged stats: Lr: 0.000007  Loss: 0.0074  Acc@1: 100.0000 (99.8438)  Acc@5: 100.0000 (100.0000)
Averaged stats: Lr: 0.000007  Loss: 0.0111  Acc@1: 100.0000 (99.8242)  Acc@5: 100.0000 (100.0000)
Averaged stats: Lr: 0.000007  Loss: 0.0174  Acc@1: 100.0000 (99.7852)  Acc@5: 100.0000 (100.0000)
Averaged stats: Lr: 0.000007  Loss: 0.0188  Acc@1: 100.0000 (99.8828)  Acc@5: 100.0000 (100.0000)
Averaged stats: Lr: 0.000006  Loss: 0.0129  Acc@1: 100.0000 (99.8633)  Acc@5: 100.0000 (100.0000)
Averaged stats: Lr: 0.000006  Loss: 0.0116  Acc@1: 100.0000 (99.9023)  Acc@5: 100.0000 (100.0000)
Averaged stats: Lr: 0.000006  Loss: 0.0183  Acc@1: 100.0000 (99.9414)  Acc@5: 100.0000 (100.0000)
Averaged stats: Lr: 0.000006  Loss: 0.0143  Acc@1: 100.0000 (99.8828)  Acc@5: 100.0000 (100.0000)
Averaged stats: Lr: 0.000005  Loss: 0.0067  Acc@1: 100.0000 (99.8828)  Acc@5: 100.0000 (100.0000)
Averaged stats: Lr: 0.000005  Loss: 0.0074  Acc@1: 100.0000 (99.9023)  Acc@5: 100.0000 (100.0000)
Averaged stats: Lr: 0.000005  Loss: 0.0184  Acc@1: 100.0000 (99.9219)  Acc@5: 100.0000 (100.0000)
Averaged stats: Lr: 0.000004  Loss: 0.0032  Acc@1: 100.0000 (99.8828)  Acc@5: 100.0000 (100.0000)
Averaged stats: Lr: 0.000004  Loss: 0.0100  Acc@1: 100.0000 (99.9609)  Acc@5: 100.0000 (100.0000)
Averaged stats: Lr: 0.000004  Loss: 0.0107  Acc@1: 100.0000 (99.8047)  Acc@5: 100.0000 (100.0000)
Averaged stats: Lr: 0.000004  Loss: 0.0122  Acc@1: 100.0000 (99.9414)  Acc@5: 100.0000 (100.0000)
Averaged stats: Lr: 0.000003  Loss: 0.0296  Acc@1: 100.0000 (99.8438)  Acc@5: 100.0000 (100.0000)
Averaged stats: Lr: 0.000003  Loss: 0.0071  Acc@1: 100.0000 (99.9219)  Acc@5: 100.0000 (100.0000)
Averaged stats: Lr: 0.000003  Loss: 0.0139  Acc@1: 100.0000 (99.8633)  Acc@5: 100.0000 (100.0000)
Averaged stats: Lr: 0.000003  Loss: 0.0073  Acc@1: 100.0000 (99.9219)  Acc@5: 100.0000 (100.0000)
Averaged stats: Lr: 0.000002  Loss: 0.0079  Acc@1: 100.0000 (99.9219)  Acc@5: 100.0000 (100.0000)
Averaged stats: Lr: 0.000002  Loss: 0.0052  Acc@1: 100.0000 (99.9414)  Acc@5: 100.0000 (100.0000)
Averaged stats: Lr: 0.000002  Loss: 0.0137  Acc@1: 100.0000 (99.8828)  Acc@5: 100.0000 (100.0000)
Averaged stats: Lr: 0.000002  Loss: 0.0082  Acc@1: 100.0000 (99.9609)  Acc@5: 100.0000 (100.0000)
Averaged stats: Lr: 0.000002  Loss: 0.0181  Acc@1: 100.0000 (99.8242)  Acc@5: 100.0000 (100.0000)
Averaged stats: Lr: 0.000002  Loss: 0.0321  Acc@1: 100.0000 (99.9023)  Acc@5: 100.0000 (100.0000)
Averaged stats: Lr: 0.000001  Loss: 0.0132  Acc@1: 100.0000 (99.8828)  Acc@5: 100.0000 (100.0000)
Averaged stats: Lr: 0.000001  Loss: 0.0198  Acc@1: 100.0000 (99.9414)  Acc@5: 100.0000 (100.0000)
Averaged stats: Lr: 0.000001  Loss: 0.0215  Acc@1: 100.0000 (99.8828)  Acc@5: 100.0000 (100.0000)
Averaged stats: Lr: 0.000001  Loss: 0.0104  Acc@1: 100.0000 (99.8047)  Acc@5: 100.0000 (100.0000)
Averaged stats: Lr: 0.000001  Loss: 0.0122  Acc@1: 100.0000 (99.9219)  Acc@5: 100.0000 (100.0000)
Averaged stats: Lr: 0.000001  Loss: 0.0053  Acc@1: 100.0000 (99.9023)  Acc@5: 100.0000 (100.0000)
Averaged stats: Lr: 0.000001  Loss: 0.0081  Acc@1: 100.0000 (99.9023)  Acc@5: 100.0000 (100.0000)
Averaged stats: Lr: 0.000001  Loss: 0.0273  Acc@1: 100.0000 (99.8828)  Acc@5: 100.0000 (100.0000)
=> Saving class model to: outputs/cifar-100/10-task/exp2-max5-alpha01-mintask1/models/repeat-1/task-5/
=> Save Done
validation split name (local False): 1
 * Val Acc 93.500, Total time 5.46
validation split name (local False): 2
 * Val Acc 87.500, Total time 5.41
validation split name (local False): 3
 * Val Acc 92.400, Total time 5.43
validation split name (local False): 4
 * Val Acc 94.900, Total time 5.48
validation split name (local False): 5
 * Val Acc 96.300, Total time 5.29
Averaged accuracy for task 5: 92.91999999999999
Loading sup1k from pretrained/vit_base_patch16_224_augreg2_in21k_ft_in1k.bin ...
Total params: 86105956
Tune params: 307300
Tune ratio: 0.36
Prompt params: 230400
Prompt ratio: 0.27
Incremental class: Old valid output dimension: 0
Incremental class: New Valid output dimension: 10
=> Load Done from outputs/cifar-100/10-task/exp2-max5-alpha01-mintask1/models/repeat-1/task-1/
validation split name (local False): 1
 * Val Acc 98.700, Total time 3.33
Averaged accuracy for task 1: 98.7
Saving old prompts
Incremental class: Old valid output dimension: 10
Incremental class: New Valid output dimension: 20
=> Load Done from outputs/cifar-100/10-task/exp2-max5-alpha01-mintask1/models/repeat-1/task-2/
validation split name (local False): 1
 * Val Acc 97.100, Total time 3.24
validation split name (local False): 2
 * Val Acc 92.200, Total time 5.82
Averaged accuracy for task 2: 94.65
Saving old prompts
Incremental class: Old valid output dimension: 20
Incremental class: New Valid output dimension: 30
=> Load Done from outputs/cifar-100/10-task/exp2-max5-alpha01-mintask1/models/repeat-1/task-3/
validation split name (local False): 1
 * Val Acc 95.900, Total time 3.32
validation split name (local False): 2
 * Val Acc 89.600, Total time 5.85
validation split name (local False): 3
 * Val Acc 94.800, Total time 5.92
Averaged accuracy for task 3: 93.43333333333334
Saving old prompts
Incremental class: Old valid output dimension: 30
Incremental class: New Valid output dimension: 40
=> Load Done from outputs/cifar-100/10-task/exp2-max5-alpha01-mintask1/models/repeat-1/task-4/
validation split name (local False): 1
 * Val Acc 94.100, Total time 5.54
validation split name (local False): 2
 * Val Acc 88.400, Total time 5.90
validation split name (local False): 3
 * Val Acc 94.100, Total time 5.81
validation split name (local False): 4
 * Val Acc 95.300, Total time 5.88
Averaged accuracy for task 4: 92.97500000000001
Saving old prompts
Incremental class: Old valid output dimension: 40
Incremental class: New Valid output dimension: 50
=> Load Done from outputs/cifar-100/10-task/exp2-max5-alpha01-mintask1/models/repeat-1/task-5/
validation split name (local False): 1
 * Val Acc 93.500, Total time 5.61
validation split name (local False): 2
 * Val Acc 87.500, Total time 5.97
validation split name (local False): 3
 * Val Acc 92.400, Total time 5.92
validation split name (local False): 4
 * Val Acc 94.900, Total time 6.06
validation split name (local False): 5
 * Val Acc 96.300, Total time 5.91
Averaged accuracy for task 5: 92.91999999999999
=== Total time: 4:12:57 ===
===Summary of experiment repeats: 1 / 1 ===
acc  | mean: 92.91999999999999 std: 0.0
time  | mean: 3.2972853018687323 std: 0.0
fr  | mean: 3.174999999999997 std: 0.0
FAA | mean: 92.91999999999999 std: 0.0
CAA | mean: 94.53566666666669 std: 0.0
FR | mean: 3.174999999999997 std: 0.0
