************************************
* STARTING TRIAL 1
************************************
=============================================
Shuffling....
pre-shuffle:[0, 1, 2, 3, 4, 5, 6, 7, 8, 9, 10, 11, 12, 13, 14, 15, 16, 17, 18, 19, 20, 21, 22, 23, 24, 25, 26, 27, 28, 29, 30, 31, 32, 33, 34, 35, 36, 37, 38, 39, 40, 41, 42, 43, 44, 45, 46, 47, 48, 49, 50, 51, 52, 53, 54, 55, 56, 57, 58, 59, 60, 61, 62, 63, 64, 65, 66, 67, 68, 69, 70, 71, 72, 73, 74, 75, 76, 77, 78, 79, 80, 81, 82, 83, 84, 85, 86, 87, 88, 89, 90, 91, 92, 93, 94, 95, 96, 97, 98, 99]
post-shuffle:[23, 8, 11, 7, 48, 13, 1, 91, 94, 54, 16, 63, 52, 41, 80, 2, 47, 87, 78, 66, 19, 6, 24, 10, 59, 30, 22, 29, 83, 37, 93, 81, 43, 99, 86, 28, 34, 88, 44, 14, 84, 70, 4, 20, 15, 21, 31, 76, 57, 67, 73, 50, 69, 25, 98, 46, 96, 0, 72, 35, 58, 92, 3, 95, 56, 90, 26, 40, 55, 89, 75, 71, 60, 42, 9, 82, 39, 18, 77, 68, 32, 79, 12, 85, 36, 17, 64, 27, 74, 45, 61, 38, 51, 62, 65, 33, 5, 53, 97, 49]
=============================================
Files already downloaded and verified
Loading sup1k from pretrained/vit_base_patch16_224_augreg2_in21k_ft_in1k.bin ...
Total params: 86105956
Tune params: 307300
Tune ratio: 0.36
Prompt params: 230400
Prompt ratio: 0.27
Total parameters: 86105956
====================== 1 =======================
Incremental class: Old valid output dimension: 0
Incremental class: New Valid output dimension: 10
Optimizer is reset!
Total params: 86105956
Tune params: 307300
Tune ratio: 0.36
Prompt params: 230400
Prompt ratio: 0.27
[DEBUG] v1_config = {'lambda_pk': 0.0005, 'lambda_pv': 0.015, 'lambda_feat': 0.0, 'freq_threshold': 0.01, 'max_feature_memories': 0, 'route_balance_weight': 0.0002, 'route_prior_weight': 0.0001, 'route_prior_momentum': 0.7, 'use_split_lite': True, 'split_lite_components': ('e_pv',), 'split_lite_rank': 8, 'split_lite_alpha': 0.2, 'split_lite_interval': 20, 'split_lite_buffer_size': 24, 'split_lite_expert_threshold': 0.03, 'split_lite_active_topk': 16, 'split_lite_strict_current_topk': False, 'expert_usage_mode': 'old_union', 'enable_usage_diagnostics': True, 'enable_sensitivity_diagnostics': False, 'sensitivity_rank': 8, 'sensitivity_max_memories': 4, 'split_lite_min_task': 1, 'split_lite_basis_decay': 0.7, 'use_transient_prompt': False, 'transient_warmup_batches': 20, 'transient_lr': 0.001, 'transient_min_task': 1, 'transient_cp_bias_weight': 0.1, 'transient_protect_scale': 1.0, 'temperature': 1.0, 'key_temperature': 2.0, 'enable_diagnostic_log': False, 'diagnostic_log_interval': 50}
----------
Initial training...
Optimizer is reset!
Total params: 86105956
Tune params: 307300
Tune ratio: 0.36
Prompt params: 230400
Prompt ratio: 0.27
************************************
* STARTING TRIAL 1
************************************
=============================================
Shuffling....
pre-shuffle:[0, 1, 2, 3, 4, 5, 6, 7, 8, 9, 10, 11, 12, 13, 14, 15, 16, 17, 18, 19, 20, 21, 22, 23, 24, 25, 26, 27, 28, 29, 30, 31, 32, 33, 34, 35, 36, 37, 38, 39, 40, 41, 42, 43, 44, 45, 46, 47, 48, 49, 50, 51, 52, 53, 54, 55, 56, 57, 58, 59, 60, 61, 62, 63, 64, 65, 66, 67, 68, 69, 70, 71, 72, 73, 74, 75, 76, 77, 78, 79, 80, 81, 82, 83, 84, 85, 86, 87, 88, 89, 90, 91, 92, 93, 94, 95, 96, 97, 98, 99]
post-shuffle:[23, 8, 11, 7, 48, 13, 1, 91, 94, 54, 16, 63, 52, 41, 80, 2, 47, 87, 78, 66, 19, 6, 24, 10, 59, 30, 22, 29, 83, 37, 93, 81, 43, 99, 86, 28, 34, 88, 44, 14, 84, 70, 4, 20, 15, 21, 31, 76, 57, 67, 73, 50, 69, 25, 98, 46, 96, 0, 72, 35, 58, 92, 3, 95, 56, 90, 26, 40, 55, 89, 75, 71, 60, 42, 9, 82, 39, 18, 77, 68, 32, 79, 12, 85, 36, 17, 64, 27, 74, 45, 61, 38, 51, 62, 65, 33, 5, 53, 97, 49]
=============================================
Files already downloaded and verified
Loading sup1k from pretrained/vit_base_patch16_224_augreg2_in21k_ft_in1k.bin ...
Total params: 86105956
Tune params: 307300
Tune ratio: 0.36
Prompt params: 230400
Prompt ratio: 0.27
Total parameters: 86105956
====================== 1 =======================
Incremental class: Old valid output dimension: 0
Incremental class: New Valid output dimension: 10
Optimizer is reset!
Total params: 86105956
Tune params: 307300
Tune ratio: 0.36
Prompt params: 230400
Prompt ratio: 0.27
[DEBUG] v1_config = {'lambda_pk': 0.0005, 'lambda_pv': 0.015, 'lambda_feat': 0.0, 'freq_threshold': 0.01, 'max_feature_memories': 0, 'route_balance_weight': 0.0002, 'route_prior_weight': 0.0001, 'route_prior_momentum': 0.7, 'use_split_lite': True, 'split_lite_components': ('e_pv',), 'split_lite_rank': 8, 'split_lite_alpha': 0.2, 'split_lite_interval': 20, 'split_lite_buffer_size': 24, 'split_lite_expert_threshold': 0.03, 'split_lite_active_topk': 16, 'split_lite_strict_current_topk': False, 'expert_usage_mode': 'old_union', 'enable_usage_diagnostics': True, 'enable_sensitivity_diagnostics': False, 'sensitivity_rank': 8, 'sensitivity_max_memories': 4, 'split_lite_min_task': 1, 'split_lite_basis_decay': 0.7, 'use_transient_prompt': False, 'transient_warmup_batches': 20, 'transient_lr': 0.001, 'transient_min_task': 1, 'transient_cp_bias_weight': 0.1, 'transient_protect_scale': 1.0, 'temperature': 1.0, 'key_temperature': 2.0, 'enable_diagnostic_log': False, 'diagnostic_log_interval': 50}
----------
Initial training...
Optimizer is reset!
Total params: 86105956
Tune params: 307300
Tune ratio: 0.36
Prompt params: 230400
Prompt ratio: 0.27
Epoch:1/10  * Loss 2.145 | Train Acc 28.425
Epoch:2/10  * Loss 2.112 | Train Acc 30.709
Epoch:3/10  * Loss 0.696 | Train Acc 78.486
Epoch:4/10  * Loss 0.265 | Train Acc 92.408
Epoch:5/10  * Loss 0.212 | Train Acc 93.369
Epoch:6/10  * Loss 0.174 | Train Acc 94.491
Epoch:7/10  * Loss 0.187 | Train Acc 94.211
Epoch:8/10  * Loss 0.154 | Train Acc 95.132
Epoch:9/10  * Loss 0.157 | Train Acc 94.972
Epoch:10/10  * Loss 0.139 | Train Acc 95.393
Optimizer is reset!
Total params: 86105956
Tune params: 307300
Tune ratio: 0.36
Prompt params: 230400
Prompt ratio: 0.27
Epoch:1/20  * Loss 0.259 | Train Acc 92.989
Epoch:2/20  * Loss 0.226 | Train Acc 93.630
Epoch:3/20  * Loss 0.257 | Train Acc 92.628
Epoch:4/20  * Loss 0.203 | Train Acc 93.950
Epoch:5/20  * Loss 0.174 | Train Acc 95.152
Epoch:6/20  * Loss 0.163 | Train Acc 95.052
Epoch:7/20  * Loss 0.163 | Train Acc 95.232
Epoch:8/20  * Loss 0.151 | Train Acc 95.192
Epoch:9/20  * Loss 0.164 | Train Acc 95.152
Epoch:10/20  * Loss 0.150 | Train Acc 95.593
Epoch:11/20  * Loss 0.143 | Train Acc 95.633
Epoch:12/20  * Loss 0.140 | Train Acc 95.633
Epoch:13/20  * Loss 0.128 | Train Acc 96.014
Epoch:14/20  * Loss 0.122 | Train Acc 96.334
Epoch:15/20  * Loss 0.126 | Train Acc 96.194
Epoch:16/20  * Loss 0.118 | Train Acc 96.534
Epoch:17/20  * Loss 0.119 | Train Acc 96.314
Epoch:18/20  * Loss 0.107 | Train Acc 96.655
Epoch:19/20  * Loss 0.117 | Train Acc 96.695
Epoch:20/20  * Loss 0.109 | Train Acc 96.715
----------
Selecting Experts...
----------
[v3] Saved e_pk snapshot: 1800 params
[v3] Saved e_pv snapshot: 1800 params
[v4-split-lite] Task 0 basis updated: {'e_pv': {'0': 8, '2': 8, '3': 8, '4': 8, '6': 8, '8': 8, '9': 8, '10': 8, '13': 8, '14': 8, '15': 8, '18': 8, '19': 8, '21': 8, '22': 8, '24': 8}}
[v3] Task 0 memory saved. Total old memories: 1
=> Saving class model to: outputs/cifar-100/10-task/v5-capacity-old_union-nonstrict-topk16-rank8-alpha0.2/models/repeat-1/task-1/
=> Save Done
validation split name (local False): 1
 * Val Acc 98.700, Total time 3.33
Averaged accuracy for task 1: 98.7
====================== 2 =======================
Incremental class: Old valid output dimension: 10
Incremental class: New Valid output dimension: 20
Saving old prompts
Optimizer is reset!
Total params: 86105956
Tune params: 307300
Tune ratio: 0.36
Prompt params: 230400
Prompt ratio: 0.27
Epoch:1/20  * Loss 1.479 | Train Acc 61.098
Epoch:2/20  * Loss 1.442 | Train Acc 63.762
Epoch:3/20  * Loss 0.535 | Train Acc 84.716
Epoch:4/20  * Loss 0.360 | Train Acc 89.022
Epoch:5/20  * Loss 0.285 | Train Acc 90.505
Epoch:6/20  * Loss 0.288 | Train Acc 90.124
Epoch:7/20  * Loss 0.257 | Train Acc 91.086
Epoch:8/20  * Loss 0.255 | Train Acc 90.665
Epoch:9/20  * Loss 0.233 | Train Acc 91.486
Epoch:10/20  * Loss 0.228 | Train Acc 91.687
Epoch:11/20  * Loss 0.243 | Train Acc 91.506
Epoch:12/20  * Loss 0.239 | Train Acc 91.687
Epoch:13/20  * Loss 0.219 | Train Acc 92.628
Epoch:14/20  * Loss 0.224 | Train Acc 92.368
Epoch:15/20  * Loss 0.223 | Train Acc 92.288
Epoch:16/20  * Loss 0.216 | Train Acc 92.548
Epoch:17/20  * Loss 0.199 | Train Acc 93.349
Epoch:18/20  * Loss 0.201 | Train Acc 92.768
Epoch:19/20  * Loss 0.188 | Train Acc 93.470
Epoch:20/20  * Loss 0.203 | Train Acc 92.708
----------
Selecting Experts...
----------
[v3] Saved e_pk snapshot: 1800 params
[v3] Saved e_pv snapshot: 1800 params
[v4-split-lite] Task 1 basis updated: {'e_pv': {'0': 8, '2': 8, '3': 8, '4': 8, '6': 8, '9': 8, '10': 8, '13': 8, '14': 8, '15': 8, '16': 8, '19': 8, '20': 8, '21': 8, '22': 8, '24': 8}}
[v3] Task 1 memory saved. Total old memories: 2
Averaged stats: Lr: 0.000010  Loss: 0.0455  Acc@1: 97.6562 (98.0469)  Acc@5: 100.0000 (100.0000)
Averaged stats: Lr: 0.000010  Loss: 0.0727  Acc@1: 97.6562 (97.6562)  Acc@5: 100.0000 (100.0000)
Averaged stats: Lr: 0.000010  Loss: 0.0515  Acc@1: 97.6562 (97.8906)  Acc@5: 100.0000 (100.0000)
Averaged stats: Lr: 0.000010  Loss: 0.0492  Acc@1: 98.4375 (98.3594)  Acc@5: 100.0000 (100.0000)
Averaged stats: Lr: 0.000010  Loss: 0.0507  Acc@1: 98.4375 (98.5156)  Acc@5: 100.0000 (100.0000)
Averaged stats: Lr: 0.000010  Loss: 0.0626  Acc@1: 98.4375 (98.4375)  Acc@5: 100.0000 (100.0000)
Averaged stats: Lr: 0.000010  Loss: 0.0225  Acc@1: 98.4375 (98.4375)  Acc@5: 100.0000 (100.0000)
Averaged stats: Lr: 0.000009  Loss: 0.0237  Acc@1: 97.6562 (98.2812)  Acc@5: 100.0000 (100.0000)
Averaged stats: Lr: 0.000009  Loss: 0.0438  Acc@1: 98.4375 (98.2031)  Acc@5: 100.0000 (100.0000)
Averaged stats: Lr: 0.000009  Loss: 0.0407  Acc@1: 99.2188 (98.9844)  Acc@5: 100.0000 (100.0000)
Averaged stats: Lr: 0.000009  Loss: 0.0511  Acc@1: 99.2188 (98.7500)  Acc@5: 100.0000 (100.0000)
Averaged stats: Lr: 0.000009  Loss: 0.0273  Acc@1: 98.4375 (98.8281)  Acc@5: 100.0000 (100.0000)
Averaged stats: Lr: 0.000009  Loss: 0.0245  Acc@1: 99.2188 (98.6719)  Acc@5: 100.0000 (100.0000)
Averaged stats: Lr: 0.000008  Loss: 0.0217  Acc@1: 99.2188 (98.8281)  Acc@5: 100.0000 (100.0000)
Averaged stats: Lr: 0.000008  Loss: 0.0823  Acc@1: 98.4375 (98.4375)  Acc@5: 100.0000 (100.0000)
Averaged stats: Lr: 0.000008  Loss: 0.0289  Acc@1: 99.2188 (99.0625)  Acc@5: 100.0000 (100.0000)
Averaged stats: Lr: 0.000008  Loss: 0.0380  Acc@1: 99.2188 (98.9844)  Acc@5: 100.0000 (100.0000)
Averaged stats: Lr: 0.000007  Loss: 0.0465  Acc@1: 98.4375 (98.2031)  Acc@5: 100.0000 (100.0000)
Averaged stats: Lr: 0.000007  Loss: 0.0332  Acc@1: 98.4375 (98.9062)  Acc@5: 100.0000 (100.0000)
Averaged stats: Lr: 0.000007  Loss: 0.0347  Acc@1: 99.2188 (98.9062)  Acc@5: 100.0000 (100.0000)
Averaged stats: Lr: 0.000007  Loss: 0.0469  Acc@1: 98.4375 (98.7500)  Acc@5: 100.0000 (100.0000)
Averaged stats: Lr: 0.000006  Loss: 0.0351  Acc@1: 99.2188 (99.0625)  Acc@5: 100.0000 (100.0000)
Averaged stats: Lr: 0.000006  Loss: 0.0343  Acc@1: 98.4375 (98.5156)  Acc@5: 100.0000 (100.0000)
Averaged stats: Lr: 0.000006  Loss: 0.0296  Acc@1: 99.2188 (98.6719)  Acc@5: 100.0000 (100.0000)
Averaged stats: Lr: 0.000006  Loss: 0.0530  Acc@1: 98.4375 (98.7500)  Acc@5: 100.0000 (100.0000)
Averaged stats: Lr: 0.000005  Loss: 0.0655  Acc@1: 99.2188 (98.9062)  Acc@5: 100.0000 (100.0000)
Averaged stats: Lr: 0.000005  Loss: 0.0348  Acc@1: 97.6562 (97.8125)  Acc@5: 100.0000 (100.0000)
Averaged stats: Lr: 0.000005  Loss: 0.0532  Acc@1: 99.2188 (98.9062)  Acc@5: 100.0000 (100.0000)
Averaged stats: Lr: 0.000004  Loss: 0.0467  Acc@1: 98.4375 (98.9062)  Acc@5: 100.0000 (100.0000)
Averaged stats: Lr: 0.000004  Loss: 0.0564  Acc@1: 99.2188 (98.7500)  Acc@5: 100.0000 (100.0000)
Averaged stats: Lr: 0.000004  Loss: 0.0376  Acc@1: 98.4375 (98.5938)  Acc@5: 100.0000 (100.0000)
Averaged stats: Lr: 0.000004  Loss: 0.0776  Acc@1: 98.4375 (98.5156)  Acc@5: 100.0000 (100.0000)
Averaged stats: Lr: 0.000003  Loss: 0.0490  Acc@1: 99.2188 (98.8281)  Acc@5: 100.0000 (100.0000)
Averaged stats: Lr: 0.000003  Loss: 0.0256  Acc@1: 98.4375 (98.7500)  Acc@5: 100.0000 (100.0000)
Averaged stats: Lr: 0.000003  Loss: 0.0230  Acc@1: 98.4375 (98.7500)  Acc@5: 100.0000 (100.0000)
Averaged stats: Lr: 0.000003  Loss: 0.0466  Acc@1: 99.2188 (99.0625)  Acc@5: 100.0000 (100.0000)
Averaged stats: Lr: 0.000002  Loss: 0.0379  Acc@1: 99.2188 (99.0625)  Acc@5: 100.0000 (100.0000)
Averaged stats: Lr: 0.000002  Loss: 0.0356  Acc@1: 99.2188 (98.8281)  Acc@5: 100.0000 (100.0000)
Averaged stats: Lr: 0.000002  Loss: 0.0382  Acc@1: 98.4375 (98.4375)  Acc@5: 100.0000 (100.0000)
Averaged stats: Lr: 0.000002  Loss: 0.0510  Acc@1: 99.2188 (98.8281)  Acc@5: 100.0000 (100.0000)
Averaged stats: Lr: 0.000002  Loss: 0.0457  Acc@1: 98.4375 (98.6719)  Acc@5: 100.0000 (100.0000)
Averaged stats: Lr: 0.000002  Loss: 0.0257  Acc@1: 98.4375 (98.7500)  Acc@5: 100.0000 (100.0000)
Averaged stats: Lr: 0.000001  Loss: 0.0244  Acc@1: 98.4375 (98.7500)  Acc@5: 100.0000 (100.0000)
Averaged stats: Lr: 0.000001  Loss: 0.0476  Acc@1: 98.4375 (98.3594)  Acc@5: 100.0000 (100.0000)
Averaged stats: Lr: 0.000001  Loss: 0.0186  Acc@1: 99.2188 (99.1406)  Acc@5: 100.0000 (100.0000)
Averaged stats: Lr: 0.000001  Loss: 0.0271  Acc@1: 99.2188 (98.9062)  Acc@5: 100.0000 (100.0000)
Averaged stats: Lr: 0.000001  Loss: 0.0346  Acc@1: 99.2188 (98.9062)  Acc@5: 100.0000 (100.0000)
Averaged stats: Lr: 0.000001  Loss: 0.0437  Acc@1: 99.2188 (98.9062)  Acc@5: 100.0000 (100.0000)
Averaged stats: Lr: 0.000001  Loss: 0.0371  Acc@1: 99.2188 (98.9062)  Acc@5: 100.0000 (100.0000)
Averaged stats: Lr: 0.000001  Loss: 0.0459  Acc@1: 99.2188 (98.5938)  Acc@5: 100.0000 (100.0000)
=> Saving class model to: outputs/cifar-100/10-task/v5-capacity-old_union-nonstrict-topk16-rank8-alpha0.2/models/repeat-1/task-2/
=> Save Done
validation split name (local False): 1
 * Val Acc 96.800, Total time 3.32
validation split name (local False): 2
 * Val Acc 91.600, Total time 3.21
Averaged accuracy for task 2: 94.19999999999999
====================== 3 =======================
Incremental class: Old valid output dimension: 20
Incremental class: New Valid output dimension: 30
Saving old prompts
Optimizer is reset!
Total params: 86105956
Tune params: 307300
Tune ratio: 0.36
Prompt params: 230400
Prompt ratio: 0.27
Epoch:1/20  * Loss 1.428 | Train Acc 69.151
Epoch:2/20  * Loss 1.388 | Train Acc 71.194
Epoch:3/20  * Loss 0.416 | Train Acc 90.084
Epoch:4/20  * Loss 0.205 | Train Acc 94.271
Epoch:5/20  * Loss 0.179 | Train Acc 94.631
Epoch:6/20  * Loss 0.171 | Train Acc 94.792
Epoch:7/20  * Loss 0.156 | Train Acc 95.212
Epoch:8/20  * Loss 0.137 | Train Acc 96.054
Epoch:9/20  * Loss 0.141 | Train Acc 96.094
Epoch:10/20  * Loss 0.155 | Train Acc 95.333
Epoch:11/20  * Loss 0.143 | Train Acc 95.553
Epoch:12/20  * Loss 0.147 | Train Acc 95.913
Epoch:13/20  * Loss 0.145 | Train Acc 95.633
Epoch:14/20  * Loss 0.128 | Train Acc 96.154
Epoch:15/20  * Loss 0.131 | Train Acc 96.434
Epoch:16/20  * Loss 0.133 | Train Acc 96.094
Epoch:17/20  * Loss 0.126 | Train Acc 96.174
Epoch:18/20  * Loss 0.123 | Train Acc 96.294
Epoch:19/20  * Loss 0.136 | Train Acc 95.853
Epoch:20/20  * Loss 0.122 | Train Acc 96.595
----------
Selecting Experts...
----------
[v3] Saved e_pk snapshot: 1800 params
[v3] Saved e_pv snapshot: 1800 params
[v4-split-lite] Task 2 basis updated: {'e_pv': {'0': 8, '2': 8, '3': 8, '4': 8, '6': 8, '8': 8, '9': 8, '10': 8, '13': 8, '14': 8, '15': 8, '16': 8, '19': 8, '21': 8, '22': 8, '24': 8}}
[v3] Task 2 memory saved. Total old memories: 3
Averaged stats: Lr: 0.000010  Loss: 0.0872  Acc@1: 96.8750 (97.3828)  Acc@5: 100.0000 (100.0000)
Averaged stats: Lr: 0.000010  Loss: 0.0860  Acc@1: 97.6562 (98.0859)  Acc@5: 100.0000 (100.0000)
Averaged stats: Lr: 0.000010  Loss: 0.0727  Acc@1: 98.4375 (98.2422)  Acc@5: 100.0000 (100.0000)
Averaged stats: Lr: 0.000010  Loss: 0.0464  Acc@1: 98.4375 (98.2422)  Acc@5: 100.0000 (100.0000)
Averaged stats: Lr: 0.000010  Loss: 0.0621  Acc@1: 97.6562 (98.0078)  Acc@5: 100.0000 (100.0000)
Averaged stats: Lr: 0.000010  Loss: 0.0465  Acc@1: 98.4375 (98.6328)  Acc@5: 100.0000 (100.0000)
Averaged stats: Lr: 0.000010  Loss: 0.0371  Acc@1: 98.4375 (98.5547)  Acc@5: 100.0000 (100.0000)
Averaged stats: Lr: 0.000009  Loss: 0.0343  Acc@1: 99.2188 (99.0234)  Acc@5: 100.0000 (100.0000)
Averaged stats: Lr: 0.000009  Loss: 0.0391  Acc@1: 98.4375 (98.2031)  Acc@5: 100.0000 (100.0000)
Averaged stats: Lr: 0.000009  Loss: 0.0286  Acc@1: 98.4375 (98.8281)  Acc@5: 100.0000 (100.0000)
Averaged stats: Lr: 0.000009  Loss: 0.0718  Acc@1: 99.2188 (98.7500)  Acc@5: 100.0000 (100.0000)
Averaged stats: Lr: 0.000009  Loss: 0.0309  Acc@1: 99.2188 (98.7500)  Acc@5: 100.0000 (100.0000)
Averaged stats: Lr: 0.000009  Loss: 0.0318  Acc@1: 98.4375 (98.3984)  Acc@5: 100.0000 (100.0000)
Averaged stats: Lr: 0.000008  Loss: 0.0519  Acc@1: 99.2188 (99.0234)  Acc@5: 100.0000 (100.0000)
Averaged stats: Lr: 0.000008  Loss: 0.0269  Acc@1: 99.2188 (99.1797)  Acc@5: 100.0000 (100.0000)
Averaged stats: Lr: 0.000008  Loss: 0.0232  Acc@1: 99.2188 (99.2188)  Acc@5: 100.0000 (100.0000)
Averaged stats: Lr: 0.000008  Loss: 0.0384  Acc@1: 99.2188 (98.9062)  Acc@5: 100.0000 (100.0000)
Averaged stats: Lr: 0.000007  Loss: 0.0329  Acc@1: 99.2188 (99.1016)  Acc@5: 100.0000 (100.0000)
Averaged stats: Lr: 0.000007  Loss: 0.0318  Acc@1: 99.2188 (99.2188)  Acc@5: 100.0000 (100.0000)
Averaged stats: Lr: 0.000007  Loss: 0.0474  Acc@1: 99.2188 (99.0234)  Acc@5: 100.0000 (100.0000)
Averaged stats: Lr: 0.000007  Loss: 0.0236  Acc@1: 99.2188 (99.3359)  Acc@5: 100.0000 (100.0000)
Averaged stats: Lr: 0.000006  Loss: 0.0280  Acc@1: 99.2188 (99.0234)  Acc@5: 100.0000 (100.0000)
Averaged stats: Lr: 0.000006  Loss: 0.0422  Acc@1: 99.2188 (99.2188)  Acc@5: 100.0000 (100.0000)
Averaged stats: Lr: 0.000006  Loss: 0.0397  Acc@1: 99.2188 (99.3750)  Acc@5: 100.0000 (100.0000)
Averaged stats: Lr: 0.000006  Loss: 0.0265  Acc@1: 99.2188 (99.2969)  Acc@5: 100.0000 (100.0000)
Averaged stats: Lr: 0.000005  Loss: 0.0592  Acc@1: 99.2188 (98.9844)  Acc@5: 100.0000 (100.0000)
Averaged stats: Lr: 0.000005  Loss: 0.0357  Acc@1: 99.2188 (98.7891)  Acc@5: 100.0000 (100.0000)
Averaged stats: Lr: 0.000005  Loss: 0.0293  Acc@1: 99.2188 (98.9453)  Acc@5: 100.0000 (100.0000)
Averaged stats: Lr: 0.000004  Loss: 0.0326  Acc@1: 99.2188 (99.2578)  Acc@5: 100.0000 (100.0000)
Averaged stats: Lr: 0.000004  Loss: 0.0365  Acc@1: 99.2188 (99.2578)  Acc@5: 100.0000 (100.0000)
Averaged stats: Lr: 0.000004  Loss: 0.0352  Acc@1: 100.0000 (99.8047)  Acc@5: 100.0000 (100.0000)
Averaged stats: Lr: 0.000004  Loss: 0.0502  Acc@1: 100.0000 (99.4922)  Acc@5: 100.0000 (100.0000)
Averaged stats: Lr: 0.000003  Loss: 0.0200  Acc@1: 99.2188 (99.3359)  Acc@5: 100.0000 (100.0000)
Averaged stats: Lr: 0.000003  Loss: 0.0440  Acc@1: 99.2188 (99.2578)  Acc@5: 100.0000 (100.0000)
Averaged stats: Lr: 0.000003  Loss: 0.0306  Acc@1: 100.0000 (99.5703)  Acc@5: 100.0000 (100.0000)
Averaged stats: Lr: 0.000003  Loss: 0.0390  Acc@1: 99.2188 (99.0625)  Acc@5: 100.0000 (100.0000)
Averaged stats: Lr: 0.000002  Loss: 0.0406  Acc@1: 99.2188 (99.5312)  Acc@5: 100.0000 (100.0000)
Averaged stats: Lr: 0.000002  Loss: 0.0265  Acc@1: 99.2188 (99.3750)  Acc@5: 100.0000 (100.0000)
Averaged stats: Lr: 0.000002  Loss: 0.0334  Acc@1: 99.2188 (98.9844)  Acc@5: 100.0000 (100.0000)
Averaged stats: Lr: 0.000002  Loss: 0.0347  Acc@1: 99.2188 (99.0625)  Acc@5: 100.0000 (100.0000)
Averaged stats: Lr: 0.000002  Loss: 0.0273  Acc@1: 99.2188 (99.4141)  Acc@5: 100.0000 (100.0000)
Averaged stats: Lr: 0.000002  Loss: 0.0674  Acc@1: 99.2188 (99.2188)  Acc@5: 100.0000 (100.0000)
Averaged stats: Lr: 0.000001  Loss: 0.0359  Acc@1: 99.2188 (99.3750)  Acc@5: 100.0000 (100.0000)
Averaged stats: Lr: 0.000001  Loss: 0.0414  Acc@1: 99.2188 (99.2188)  Acc@5: 100.0000 (100.0000)
Averaged stats: Lr: 0.000001  Loss: 0.0172  Acc@1: 99.2188 (99.4531)  Acc@5: 100.0000 (100.0000)
Averaged stats: Lr: 0.000001  Loss: 0.0325  Acc@1: 99.2188 (99.3750)  Acc@5: 100.0000 (100.0000)
Averaged stats: Lr: 0.000001  Loss: 0.0317  Acc@1: 99.2188 (98.8672)  Acc@5: 100.0000 (100.0000)
Averaged stats: Lr: 0.000001  Loss: 0.0333  Acc@1: 99.2188 (99.0234)  Acc@5: 100.0000 (100.0000)
Averaged stats: Lr: 0.000001  Loss: 0.0237  Acc@1: 99.2188 (99.1406)  Acc@5: 100.0000 (100.0000)
Averaged stats: Lr: 0.000001  Loss: 0.0725  Acc@1: 99.2188 (99.3359)  Acc@5: 100.0000 (100.0000)
=> Saving class model to: outputs/cifar-100/10-task/v5-capacity-old_union-nonstrict-topk16-rank8-alpha0.2/models/repeat-1/task-3/
=> Save Done
validation split name (local False): 1
 * Val Acc 96.000, Total time 3.24
validation split name (local False): 2
 * Val Acc 89.600, Total time 3.17
validation split name (local False): 3
 * Val Acc 95.700, Total time 3.21
Averaged accuracy for task 3: 93.76666666666667
====================== 4 =======================
Incremental class: Old valid output dimension: 30
Incremental class: New Valid output dimension: 40
Saving old prompts
Optimizer is reset!
Total params: 86105956
Tune params: 307300
Tune ratio: 0.36
Prompt params: 230400
Prompt ratio: 0.27
Epoch:1/20  * Loss 1.390 | Train Acc 62.620
Epoch:2/20  * Loss 1.361 | Train Acc 64.103
Epoch:3/20  * Loss 0.456 | Train Acc 88.782
Epoch:4/20  * Loss 0.255 | Train Acc 93.089
Epoch:5/20  * Loss 0.227 | Train Acc 93.149
Epoch:6/20  * Loss 0.205 | Train Acc 93.530
Epoch:7/20  * Loss 0.195 | Train Acc 94.291
Epoch:8/20  * Loss 0.177 | Train Acc 94.471
Epoch:9/20  * Loss 0.198 | Train Acc 93.910
Epoch:10/20  * Loss 0.182 | Train Acc 94.611
Epoch:11/20  * Loss 0.184 | Train Acc 94.351
Epoch:12/20  * Loss 0.158 | Train Acc 95.172
Epoch:13/20  * Loss 0.178 | Train Acc 94.331
Epoch:14/20  * Loss 0.154 | Train Acc 95.172
Epoch:15/20  * Loss 0.153 | Train Acc 95.353
Epoch:16/20  * Loss 0.162 | Train Acc 94.992
Epoch:17/20  * Loss 0.166 | Train Acc 94.972
Epoch:18/20  * Loss 0.167 | Train Acc 94.551
Epoch:19/20  * Loss 0.142 | Train Acc 95.913
Epoch:20/20  * Loss 0.144 | Train Acc 95.393
----------
Selecting Experts...
----------
[v3] Saved e_pk snapshot: 1800 params
[v3] Saved e_pv snapshot: 1800 params
[v4-split-lite] Task 3 basis updated: {'e_pv': {'0': 8, '2': 8, '3': 8, '4': 8, '6': 8, '8': 8, '9': 8, '10': 8, '11': 8, '13': 8, '14': 8, '15': 8, '19': 8, '21': 8, '22': 8, '24': 8}}
[v3] Task 3 memory saved. Total old memories: 4
Averaged stats: Lr: 0.000010  Loss: 0.0367  Acc@1: 100.0000 (99.5573)  Acc@5: 100.0000 (100.0000)
Averaged stats: Lr: 0.000010  Loss: 0.0251  Acc@1: 100.0000 (99.5573)  Acc@5: 100.0000 (100.0000)
Averaged stats: Lr: 0.000010  Loss: 0.0244  Acc@1: 100.0000 (99.4792)  Acc@5: 100.0000 (100.0000)
Averaged stats: Lr: 0.000010  Loss: 0.0460  Acc@1: 100.0000 (99.5312)  Acc@5: 100.0000 (100.0000)
Averaged stats: Lr: 0.000010  Loss: 0.0341  Acc@1: 99.2188 (99.4531)  Acc@5: 100.0000 (100.0000)
Averaged stats: Lr: 0.000010  Loss: 0.0365  Acc@1: 99.2188 (99.4531)  Acc@5: 100.0000 (100.0000)
Averaged stats: Lr: 0.000010  Loss: 0.0248  Acc@1: 100.0000 (99.5833)  Acc@5: 100.0000 (100.0000)
Averaged stats: Lr: 0.000009  Loss: 0.0215  Acc@1: 100.0000 (99.6354)  Acc@5: 100.0000 (100.0000)
Averaged stats: Lr: 0.000009  Loss: 0.0158  Acc@1: 100.0000 (99.7396)  Acc@5: 100.0000 (100.0000)
Averaged stats: Lr: 0.000009  Loss: 0.0183  Acc@1: 100.0000 (99.5833)  Acc@5: 100.0000 (100.0000)
Averaged stats: Lr: 0.000009  Loss: 0.0280  Acc@1: 100.0000 (99.6875)  Acc@5: 100.0000 (100.0000)
Averaged stats: Lr: 0.000009  Loss: 0.0335  Acc@1: 100.0000 (99.5052)  Acc@5: 100.0000 (100.0000)
Averaged stats: Lr: 0.000009  Loss: 0.0232  Acc@1: 100.0000 (99.7135)  Acc@5: 100.0000 (100.0000)
Averaged stats: Lr: 0.000008  Loss: 0.0302  Acc@1: 100.0000 (99.5312)  Acc@5: 100.0000 (100.0000)
Averaged stats: Lr: 0.000008  Loss: 0.0376  Acc@1: 100.0000 (99.6615)  Acc@5: 100.0000 (100.0000)
Averaged stats: Lr: 0.000008  Loss: 0.0240  Acc@1: 100.0000 (99.5573)  Acc@5: 100.0000 (100.0000)
Averaged stats: Lr: 0.000008  Loss: 0.0263  Acc@1: 100.0000 (99.7135)  Acc@5: 100.0000 (100.0000)
Averaged stats: Lr: 0.000007  Loss: 0.0303  Acc@1: 100.0000 (99.7656)  Acc@5: 100.0000 (100.0000)
Averaged stats: Lr: 0.000007  Loss: 0.0137  Acc@1: 100.0000 (99.6354)  Acc@5: 100.0000 (100.0000)
Averaged stats: Lr: 0.000007  Loss: 0.0379  Acc@1: 100.0000 (99.6615)  Acc@5: 100.0000 (100.0000)
Averaged stats: Lr: 0.000007  Loss: 0.0361  Acc@1: 99.2188 (99.5312)  Acc@5: 100.0000 (100.0000)
Averaged stats: Lr: 0.000006  Loss: 0.0129  Acc@1: 100.0000 (99.6615)  Acc@5: 100.0000 (100.0000)
Averaged stats: Lr: 0.000006  Loss: 0.0143  Acc@1: 100.0000 (99.8177)  Acc@5: 100.0000 (100.0000)
Averaged stats: Lr: 0.000006  Loss: 0.0228  Acc@1: 100.0000 (99.7396)  Acc@5: 100.0000 (100.0000)
Averaged stats: Lr: 0.000006  Loss: 0.0194  Acc@1: 100.0000 (99.7135)  Acc@5: 100.0000 (100.0000)
Averaged stats: Lr: 0.000005  Loss: 0.0183  Acc@1: 99.2188 (99.5052)  Acc@5: 100.0000 (100.0000)
Averaged stats: Lr: 0.000005  Loss: 0.0282  Acc@1: 100.0000 (99.5833)  Acc@5: 100.0000 (100.0000)
Averaged stats: Lr: 0.000005  Loss: 0.0181  Acc@1: 100.0000 (99.7917)  Acc@5: 100.0000 (100.0000)
Averaged stats: Lr: 0.000004  Loss: 0.0162  Acc@1: 100.0000 (99.5573)  Acc@5: 100.0000 (100.0000)
Averaged stats: Lr: 0.000004  Loss: 0.0268  Acc@1: 100.0000 (99.6354)  Acc@5: 100.0000 (100.0000)
Averaged stats: Lr: 0.000004  Loss: 0.0196  Acc@1: 100.0000 (99.7917)  Acc@5: 100.0000 (100.0000)
Averaged stats: Lr: 0.000004  Loss: 0.0161  Acc@1: 100.0000 (99.5052)  Acc@5: 100.0000 (100.0000)
Averaged stats: Lr: 0.000003  Loss: 0.0343  Acc@1: 100.0000 (99.6615)  Acc@5: 100.0000 (100.0000)
Averaged stats: Lr: 0.000003  Loss: 0.0229  Acc@1: 100.0000 (99.6094)  Acc@5: 100.0000 (100.0000)
Averaged stats: Lr: 0.000003  Loss: 0.0255  Acc@1: 100.0000 (99.6354)  Acc@5: 100.0000 (100.0000)
Averaged stats: Lr: 0.000003  Loss: 0.0328  Acc@1: 99.2188 (99.5312)  Acc@5: 100.0000 (100.0000)
Averaged stats: Lr: 0.000002  Loss: 0.0330  Acc@1: 100.0000 (99.6615)  Acc@5: 100.0000 (100.0000)
Averaged stats: Lr: 0.000002  Loss: 0.0152  Acc@1: 100.0000 (99.6094)  Acc@5: 100.0000 (100.0000)
Averaged stats: Lr: 0.000002  Loss: 0.0216  Acc@1: 100.0000 (99.7135)  Acc@5: 100.0000 (100.0000)
Averaged stats: Lr: 0.000002  Loss: 0.0201  Acc@1: 100.0000 (99.6615)  Acc@5: 100.0000 (100.0000)
Averaged stats: Lr: 0.000002  Loss: 0.0277  Acc@1: 99.2188 (99.5833)  Acc@5: 100.0000 (100.0000)
Averaged stats: Lr: 0.000002  Loss: 0.0183  Acc@1: 100.0000 (99.5833)  Acc@5: 100.0000 (100.0000)
Averaged stats: Lr: 0.000001  Loss: 0.0120  Acc@1: 100.0000 (99.6875)  Acc@5: 100.0000 (100.0000)
Averaged stats: Lr: 0.000001  Loss: 0.0248  Acc@1: 100.0000 (99.7135)  Acc@5: 100.0000 (100.0000)
Averaged stats: Lr: 0.000001  Loss: 0.0291  Acc@1: 100.0000 (99.7396)  Acc@5: 100.0000 (100.0000)
Averaged stats: Lr: 0.000001  Loss: 0.0133  Acc@1: 100.0000 (99.6615)  Acc@5: 100.0000 (100.0000)
Averaged stats: Lr: 0.000001  Loss: 0.0127  Acc@1: 100.0000 (99.6615)  Acc@5: 100.0000 (100.0000)
Averaged stats: Lr: 0.000001  Loss: 0.0145  Acc@1: 100.0000 (99.7656)  Acc@5: 100.0000 (100.0000)
Averaged stats: Lr: 0.000001  Loss: 0.0271  Acc@1: 99.2188 (99.5312)  Acc@5: 100.0000 (100.0000)
Averaged stats: Lr: 0.000001  Loss: 0.0220  Acc@1: 100.0000 (99.6615)  Acc@5: 100.0000 (100.0000)
=> Saving class model to: outputs/cifar-100/10-task/v5-capacity-old_union-nonstrict-topk16-rank8-alpha0.2/models/repeat-1/task-4/
=> Save Done
validation split name (local False): 1
 * Val Acc 94.400, Total time 3.28
validation split name (local False): 2
 * Val Acc 88.800, Total time 3.15
validation split name (local False): 3
 * Val Acc 93.900, Total time 3.19
validation split name (local False): 4
 * Val Acc 95.400, Total time 3.20
Averaged accuracy for task 4: 93.125
====================== 5 =======================
Incremental class: Old valid output dimension: 40
Incremental class: New Valid output dimension: 50
Saving old prompts
Optimizer is reset!
Total params: 86105956
Tune params: 307300
Tune ratio: 0.36
Prompt params: 230400
Prompt ratio: 0.27
Epoch:1/20  * Loss 1.405 | Train Acc 66.627
Epoch:2/20  * Loss 1.351 | Train Acc 69.952
Epoch:3/20  * Loss 0.407 | Train Acc 89.944
Epoch:4/20  * Loss 0.240 | Train Acc 93.389
Epoch:5/20  * Loss 0.196 | Train Acc 94.271
Epoch:6/20  * Loss 0.174 | Train Acc 94.812
Epoch:7/20  * Loss 0.177 | Train Acc 94.531
Epoch:8/20  * Loss 0.171 | Train Acc 95.012
Epoch:9/20  * Loss 0.183 | Train Acc 94.371
Epoch:10/20  * Loss 0.173 | Train Acc 94.611
Epoch:11/20  * Loss 0.165 | Train Acc 95.112
Epoch:12/20  * Loss 0.170 | Train Acc 94.752
Epoch:13/20  * Loss 0.154 | Train Acc 94.912
Epoch:14/20  * Loss 0.149 | Train Acc 95.413
Epoch:15/20  * Loss 0.156 | Train Acc 95.513
Epoch:16/20  * Loss 0.146 | Train Acc 95.493
Epoch:17/20  * Loss 0.143 | Train Acc 95.633
Epoch:18/20  * Loss 0.147 | Train Acc 95.833
Epoch:19/20  * Loss 0.137 | Train Acc 95.974
Epoch:20/20  * Loss 0.142 | Train Acc 95.553
----------
Selecting Experts...
----------
[v3] Saved e_pk snapshot: 1800 params
[v3] Saved e_pv snapshot: 1800 params
[v4-split-lite] Task 4 basis updated: {'e_pv': {'0': 8, '2': 8, '3': 8, '4': 8, '6': 8, '7': 8, '8': 8, '9': 8, '10': 8, '11': 8, '14': 8, '15': 8, '19': 8, '21': 8, '22': 8, '24': 8}}
[v3] Task 4 memory saved. Total old memories: 5
Averaged stats: Lr: 0.000010  Loss: 0.0225  Acc@1: 100.0000 (99.6484)  Acc@5: 100.0000 (100.0000)
Averaged stats: Lr: 0.000010  Loss: 0.0139  Acc@1: 100.0000 (99.7461)  Acc@5: 100.0000 (100.0000)
Averaged stats: Lr: 0.000010  Loss: 0.0087  Acc@1: 100.0000 (99.9023)  Acc@5: 100.0000 (100.0000)
Averaged stats: Lr: 0.000010  Loss: 0.0166  Acc@1: 100.0000 (99.8242)  Acc@5: 100.0000 (100.0000)
Averaged stats: Lr: 0.000010  Loss: 0.0248  Acc@1: 100.0000 (99.8828)  Acc@5: 100.0000 (100.0000)
Averaged stats: Lr: 0.000010  Loss: 0.0289  Acc@1: 100.0000 (99.7852)  Acc@5: 100.0000 (100.0000)
Averaged stats: Lr: 0.000010  Loss: 0.0207  Acc@1: 100.0000 (99.7266)  Acc@5: 100.0000 (100.0000)
Averaged stats: Lr: 0.000009  Loss: 0.0089  Acc@1: 100.0000 (99.7266)  Acc@5: 100.0000 (100.0000)
Averaged stats: Lr: 0.000009  Loss: 0.0106  Acc@1: 100.0000 (99.9023)  Acc@5: 100.0000 (100.0000)
Averaged stats: Lr: 0.000009  Loss: 0.0045  Acc@1: 100.0000 (99.8633)  Acc@5: 100.0000 (100.0000)
Averaged stats: Lr: 0.000009  Loss: 0.0145  Acc@1: 100.0000 (99.8047)  Acc@5: 100.0000 (100.0000)
Averaged stats: Lr: 0.000009  Loss: 0.0189  Acc@1: 100.0000 (99.8438)  Acc@5: 100.0000 (100.0000)
Averaged stats: Lr: 0.000009  Loss: 0.0113  Acc@1: 100.0000 (99.7852)  Acc@5: 100.0000 (100.0000)
Averaged stats: Lr: 0.000008  Loss: 0.0109  Acc@1: 100.0000 (99.7656)  Acc@5: 100.0000 (100.0000)
Averaged stats: Lr: 0.000008  Loss: 0.0285  Acc@1: 100.0000 (99.7852)  Acc@5: 100.0000 (100.0000)
Averaged stats: Lr: 0.000008  Loss: 0.0060  Acc@1: 100.0000 (99.8438)  Acc@5: 100.0000 (100.0000)
Averaged stats: Lr: 0.000008  Loss: 0.0131  Acc@1: 100.0000 (99.8047)  Acc@5: 100.0000 (100.0000)
Averaged stats: Lr: 0.000007  Loss: 0.0061  Acc@1: 100.0000 (99.8633)  Acc@5: 100.0000 (100.0000)
Averaged stats: Lr: 0.000007  Loss: 0.0111  Acc@1: 100.0000 (99.8633)  Acc@5: 100.0000 (100.0000)
Averaged stats: Lr: 0.000007  Loss: 0.0184  Acc@1: 100.0000 (99.7461)  Acc@5: 100.0000 (100.0000)
Averaged stats: Lr: 0.000007  Loss: 0.0091  Acc@1: 100.0000 (99.8438)  Acc@5: 100.0000 (100.0000)
Averaged stats: Lr: 0.000006  Loss: 0.0189  Acc@1: 100.0000 (99.8242)  Acc@5: 100.0000 (100.0000)
Averaged stats: Lr: 0.000006  Loss: 0.0119  Acc@1: 100.0000 (99.9219)  Acc@5: 100.0000 (100.0000)
Averaged stats: Lr: 0.000006  Loss: 0.0146  Acc@1: 100.0000 (99.8828)  Acc@5: 100.0000 (100.0000)
Averaged stats: Lr: 0.000006  Loss: 0.0079  Acc@1: 100.0000 (99.8633)  Acc@5: 100.0000 (100.0000)
Averaged stats: Lr: 0.000005  Loss: 0.0072  Acc@1: 100.0000 (99.8242)  Acc@5: 100.0000 (100.0000)
Averaged stats: Lr: 0.000005  Loss: 0.0063  Acc@1: 100.0000 (99.8828)  Acc@5: 100.0000 (100.0000)
Averaged stats: Lr: 0.000005  Loss: 0.0151  Acc@1: 100.0000 (99.8828)  Acc@5: 100.0000 (100.0000)
Averaged stats: Lr: 0.000004  Loss: 0.0087  Acc@1: 100.0000 (99.8242)  Acc@5: 100.0000 (100.0000)
Averaged stats: Lr: 0.000004  Loss: 0.0075  Acc@1: 100.0000 (99.9023)  Acc@5: 100.0000 (100.0000)
Averaged stats: Lr: 0.000004  Loss: 0.0215  Acc@1: 100.0000 (99.9023)  Acc@5: 100.0000 (100.0000)
Averaged stats: Lr: 0.000004  Loss: 0.0066  Acc@1: 100.0000 (99.9609)  Acc@5: 100.0000 (100.0000)
Averaged stats: Lr: 0.000003  Loss: 0.0124  Acc@1: 100.0000 (99.8047)  Acc@5: 100.0000 (100.0000)
Averaged stats: Lr: 0.000003  Loss: 0.0123  Acc@1: 100.0000 (99.8828)  Acc@5: 100.0000 (100.0000)
Averaged stats: Lr: 0.000003  Loss: 0.0084  Acc@1: 100.0000 (99.8633)  Acc@5: 100.0000 (100.0000)
Averaged stats: Lr: 0.000003  Loss: 0.0174  Acc@1: 100.0000 (99.7852)  Acc@5: 100.0000 (100.0000)
Averaged stats: Lr: 0.000002  Loss: 0.0156  Acc@1: 100.0000 (99.8438)  Acc@5: 100.0000 (100.0000)
Averaged stats: Lr: 0.000002  Loss: 0.0079  Acc@1: 100.0000 (99.9023)  Acc@5: 100.0000 (100.0000)
Averaged stats: Lr: 0.000002  Loss: 0.0104  Acc@1: 100.0000 (99.9219)  Acc@5: 100.0000 (100.0000)
Averaged stats: Lr: 0.000002  Loss: 0.0124  Acc@1: 100.0000 (99.9023)  Acc@5: 100.0000 (100.0000)
Averaged stats: Lr: 0.000002  Loss: 0.0081  Acc@1: 100.0000 (99.8633)  Acc@5: 100.0000 (100.0000)
Averaged stats: Lr: 0.000002  Loss: 0.0106  Acc@1: 100.0000 (99.8828)  Acc@5: 100.0000 (100.0000)
Averaged stats: Lr: 0.000001  Loss: 0.0053  Acc@1: 100.0000 (99.8828)  Acc@5: 100.0000 (100.0000)
Averaged stats: Lr: 0.000001  Loss: 0.0156  Acc@1: 100.0000 (99.9414)  Acc@5: 100.0000 (100.0000)
Averaged stats: Lr: 0.000001  Loss: 0.0095  Acc@1: 100.0000 (99.8047)  Acc@5: 100.0000 (100.0000)
Averaged stats: Lr: 0.000001  Loss: 0.0059  Acc@1: 100.0000 (99.9023)  Acc@5: 100.0000 (100.0000)
Averaged stats: Lr: 0.000001  Loss: 0.0156  Acc@1: 100.0000 (99.9219)  Acc@5: 100.0000 (100.0000)
Averaged stats: Lr: 0.000001  Loss: 0.0075  Acc@1: 100.0000 (99.9219)  Acc@5: 100.0000 (100.0000)
Averaged stats: Lr: 0.000001  Loss: 0.0130  Acc@1: 100.0000 (99.8633)  Acc@5: 100.0000 (100.0000)
Averaged stats: Lr: 0.000001  Loss: 0.0089  Acc@1: 100.0000 (99.8242)  Acc@5: 100.0000 (100.0000)
=> Saving class model to: outputs/cifar-100/10-task/v5-capacity-old_union-nonstrict-topk16-rank8-alpha0.2/models/repeat-1/task-5/
=> Save Done
validation split name (local False): 1
 * Val Acc 94.000, Total time 3.26
validation split name (local False): 2
 * Val Acc 87.700, Total time 3.17
validation split name (local False): 3
 * Val Acc 92.900, Total time 3.20
validation split name (local False): 4
 * Val Acc 94.700, Total time 3.18
validation split name (local False): 5
 * Val Acc 96.400, Total time 3.20
Averaged accuracy for task 5: 93.14000000000001
====================== 6 =======================
Incremental class: Old valid output dimension: 50
Incremental class: New Valid output dimension: 60
Saving old prompts
Optimizer is reset!
Total params: 86105956
Tune params: 307300
Tune ratio: 0.36
Prompt params: 230400
Prompt ratio: 0.27
Epoch:1/20  * Loss 1.509 | Train Acc 62.079
Epoch:2/20  * Loss 1.465 | Train Acc 63.942
Epoch:3/20  * Loss 0.537 | Train Acc 85.016
Epoch:4/20  * Loss 0.347 | Train Acc 89.283
Epoch:5/20  * Loss 0.316 | Train Acc 89.704
Epoch:6/20  * Loss 0.283 | Train Acc 90.745
Epoch:7/20  * Loss 0.278 | Train Acc 90.625
Epoch:8/20  * Loss 0.258 | Train Acc 91.386
Epoch:9/20  * Loss 0.231 | Train Acc 92.428
Epoch:10/20  * Loss 0.241 | Train Acc 91.867
Epoch:11/20  * Loss 0.252 | Train Acc 91.967
Epoch:12/20  * Loss 0.240 | Train Acc 92.328
Epoch:13/20  * Loss 0.232 | Train Acc 92.408
Epoch:14/20  * Loss 0.235 | Train Acc 92.448
Epoch:15/20  * Loss 0.212 | Train Acc 93.109
Epoch:16/20  * Loss 0.220 | Train Acc 92.849
Epoch:17/20  * Loss 0.222 | Train Acc 92.648
Epoch:18/20  * Loss 0.221 | Train Acc 92.909
Epoch:19/20  * Loss 0.211 | Train Acc 93.189
Epoch:20/20  * Loss 0.201 | Train Acc 93.309
----------
Selecting Experts...
----------
[v3] Saved e_pk snapshot: 1800 params
[v3] Saved e_pv snapshot: 1800 params
[v4-split-lite] Task 5 basis updated: {'e_pv': {'0': 8, '2': 8, '3': 8, '4': 8, '6': 8, '7': 8, '8': 8, '9': 8, '10': 8, '11': 8, '14': 8, '15': 8, '19': 8, '20': 8, '21': 8, '24': 8}}
[v3] Task 5 memory saved. Total old memories: 6
Averaged stats: Lr: 0.000010  Loss: 0.0853  Acc@1: 96.8750 (97.0469)  Acc@5: 100.0000 (100.0000)
Averaged stats: Lr: 0.000010  Loss: 0.0908  Acc@1: 96.8750 (97.2344)  Acc@5: 100.0000 (100.0000)
Averaged stats: Lr: 0.000010  Loss: 0.0619  Acc@1: 97.6562 (97.7344)  Acc@5: 100.0000 (100.0000)
Averaged stats: Lr: 0.000010  Loss: 0.0687  Acc@1: 97.6562 (97.5000)  Acc@5: 100.0000 (100.0000)
Averaged stats: Lr: 0.000010  Loss: 0.0533  Acc@1: 97.6562 (97.6719)  Acc@5: 100.0000 (100.0000)
Averaged stats: Lr: 0.000010  Loss: 0.0619  Acc@1: 98.4375 (98.2031)  Acc@5: 100.0000 (100.0000)
Averaged stats: Lr: 0.000010  Loss: 0.0956  Acc@1: 97.6562 (97.8750)  Acc@5: 100.0000 (100.0000)
Averaged stats: Lr: 0.000009  Loss: 0.0577  Acc@1: 97.6562 (98.0938)  Acc@5: 100.0000 (100.0000)
Averaged stats: Lr: 0.000009  Loss: 0.0795  Acc@1: 97.6562 (97.9844)  Acc@5: 100.0000 (100.0000)
Averaged stats: Lr: 0.000009  Loss: 0.0345  Acc@1: 99.2188 (98.4219)  Acc@5: 100.0000 (100.0000)
Averaged stats: Lr: 0.000009  Loss: 0.0671  Acc@1: 98.4375 (98.5469)  Acc@5: 100.0000 (100.0000)
Averaged stats: Lr: 0.000009  Loss: 0.0516  Acc@1: 98.4375 (98.6094)  Acc@5: 100.0000 (100.0000)
Averaged stats: Lr: 0.000009  Loss: 0.0378  Acc@1: 99.2188 (98.7656)  Acc@5: 100.0000 (100.0000)
Averaged stats: Lr: 0.000008  Loss: 0.0736  Acc@1: 99.2188 (98.9844)  Acc@5: 100.0000 (100.0000)
Averaged stats: Lr: 0.000008  Loss: 0.0180  Acc@1: 98.4375 (98.7344)  Acc@5: 100.0000 (100.0000)
Averaged stats: Lr: 0.000008  Loss: 0.0555  Acc@1: 98.4375 (98.7656)  Acc@5: 100.0000 (100.0000)
Averaged stats: Lr: 0.000008  Loss: 0.0409  Acc@1: 99.2188 (99.0156)  Acc@5: 100.0000 (100.0000)
Averaged stats: Lr: 0.000007  Loss: 0.0285  Acc@1: 99.2188 (99.1875)  Acc@5: 100.0000 (100.0000)
Averaged stats: Lr: 0.000007  Loss: 0.0337  Acc@1: 99.2188 (99.0312)  Acc@5: 100.0000 (100.0000)
Averaged stats: Lr: 0.000007  Loss: 0.0614  Acc@1: 99.2188 (99.0000)  Acc@5: 100.0000 (100.0000)
Averaged stats: Lr: 0.000007  Loss: 0.0315  Acc@1: 99.2188 (99.0312)  Acc@5: 100.0000 (100.0000)
Averaged stats: Lr: 0.000006  Loss: 0.0373  Acc@1: 99.2188 (98.9844)  Acc@5: 100.0000 (100.0000)
Averaged stats: Lr: 0.000006  Loss: 0.0430  Acc@1: 99.2188 (99.2031)  Acc@5: 100.0000 (100.0000)
Averaged stats: Lr: 0.000006  Loss: 0.0335  Acc@1: 99.2188 (99.2656)  Acc@5: 100.0000 (100.0000)
Averaged stats: Lr: 0.000006  Loss: 0.0190  Acc@1: 99.2188 (99.1562)  Acc@5: 100.0000 (100.0000)
Averaged stats: Lr: 0.000005  Loss: 0.0343  Acc@1: 99.2188 (99.2188)  Acc@5: 100.0000 (100.0000)
Averaged stats: Lr: 0.000005  Loss: 0.0342  Acc@1: 99.2188 (99.1875)  Acc@5: 100.0000 (100.0000)
Averaged stats: Lr: 0.000005  Loss: 0.0177  Acc@1: 99.2188 (99.2656)  Acc@5: 100.0000 (100.0000)
Averaged stats: Lr: 0.000004  Loss: 0.0291  Acc@1: 99.2188 (99.3594)  Acc@5: 100.0000 (100.0000)
Averaged stats: Lr: 0.000004  Loss: 0.0329  Acc@1: 99.2188 (99.2188)  Acc@5: 100.0000 (100.0000)
Averaged stats: Lr: 0.000004  Loss: 0.0429  Acc@1: 99.2188 (99.3281)  Acc@5: 100.0000 (100.0000)
Averaged stats: Lr: 0.000004  Loss: 0.0333  Acc@1: 99.2188 (99.2812)  Acc@5: 100.0000 (100.0000)
Averaged stats: Lr: 0.000003  Loss: 0.0353  Acc@1: 99.2188 (99.2656)  Acc@5: 100.0000 (100.0000)
Averaged stats: Lr: 0.000003  Loss: 0.0259  Acc@1: 100.0000 (99.4219)  Acc@5: 100.0000 (100.0000)
Averaged stats: Lr: 0.000003  Loss: 0.0266  Acc@1: 99.2188 (99.3125)  Acc@5: 100.0000 (100.0000)
Averaged stats: Lr: 0.000003  Loss: 0.0462  Acc@1: 99.2188 (99.2344)  Acc@5: 100.0000 (100.0000)
Averaged stats: Lr: 0.000002  Loss: 0.0408  Acc@1: 99.2188 (99.2500)  Acc@5: 100.0000 (100.0000)
Averaged stats: Lr: 0.000002  Loss: 0.0269  Acc@1: 99.2188 (99.4531)  Acc@5: 100.0000 (100.0000)
Averaged stats: Lr: 0.000002  Loss: 0.0389  Acc@1: 99.2188 (99.3438)  Acc@5: 100.0000 (100.0000)
Averaged stats: Lr: 0.000002  Loss: 0.0370  Acc@1: 99.2188 (99.3750)  Acc@5: 100.0000 (100.0000)
Averaged stats: Lr: 0.000002  Loss: 0.0403  Acc@1: 99.2188 (99.2188)  Acc@5: 100.0000 (100.0000)
Averaged stats: Lr: 0.000002  Loss: 0.0437  Acc@1: 99.2188 (99.3906)  Acc@5: 100.0000 (100.0000)
Averaged stats: Lr: 0.000001  Loss: 0.0289  Acc@1: 100.0000 (99.4688)  Acc@5: 100.0000 (100.0000)
Averaged stats: Lr: 0.000001  Loss: 0.0249  Acc@1: 99.2188 (99.3125)  Acc@5: 100.0000 (100.0000)
Averaged stats: Lr: 0.000001  Loss: 0.0274  Acc@1: 100.0000 (99.5625)  Acc@5: 100.0000 (100.0000)
Averaged stats: Lr: 0.000001  Loss: 0.0630  Acc@1: 99.2188 (99.2344)  Acc@5: 100.0000 (100.0000)
Averaged stats: Lr: 0.000001  Loss: 0.0183  Acc@1: 99.2188 (99.2969)  Acc@5: 100.0000 (100.0000)
Averaged stats: Lr: 0.000001  Loss: 0.0336  Acc@1: 99.2188 (99.3438)  Acc@5: 100.0000 (100.0000)
Averaged stats: Lr: 0.000001  Loss: 0.0407  Acc@1: 99.2188 (99.1250)  Acc@5: 100.0000 (100.0000)
Averaged stats: Lr: 0.000001  Loss: 0.0405  Acc@1: 99.2188 (99.4688)  Acc@5: 100.0000 (100.0000)
=> Saving class model to: outputs/cifar-100/10-task/v5-capacity-old_union-nonstrict-topk16-rank8-alpha0.2/models/repeat-1/task-6/
=> Save Done
validation split name (local False): 1
 * Val Acc 91.600, Total time 3.26
validation split name (local False): 2
 * Val Acc 87.100, Total time 3.18
validation split name (local False): 3
 * Val Acc 92.600, Total time 3.19
validation split name (local False): 4
 * Val Acc 93.900, Total time 3.15
validation split name (local False): 5
 * Val Acc 95.300, Total time 3.19
validation split name (local False): 6
 * Val Acc 84.000, Total time 3.19
Averaged accuracy for task 6: 90.75
====================== 7 =======================
Incremental class: Old valid output dimension: 60
Incremental class: New Valid output dimension: 70
Saving old prompts
Optimizer is reset!
Total params: 86105956
Tune params: 307300
Tune ratio: 0.36
Prompt params: 230400
Prompt ratio: 0.27
Epoch:1/20  * Loss 1.411 | Train Acc 66.807
Epoch:2/20  * Loss 1.372 | Train Acc 69.591
Epoch:3/20  * Loss 0.443 | Train Acc 88.442
Epoch:4/20  * Loss 0.266 | Train Acc 92.468
Epoch:5/20  * Loss 0.211 | Train Acc 93.089
Epoch:6/20  * Loss 0.197 | Train Acc 93.850
Epoch:7/20  * Loss 0.194 | Train Acc 94.030
Epoch:8/20  * Loss 0.175 | Train Acc 94.291
Epoch:9/20  * Loss 0.179 | Train Acc 94.531
Epoch:10/20  * Loss 0.199 | Train Acc 93.770
Epoch:11/20  * Loss 0.185 | Train Acc 94.211
Epoch:12/20  * Loss 0.182 | Train Acc 94.311
Epoch:13/20  * Loss 0.179 | Train Acc 94.371
Epoch:14/20  * Loss 0.182 | Train Acc 94.211
Epoch:15/20  * Loss 0.157 | Train Acc 94.551
Epoch:16/20  * Loss 0.162 | Train Acc 95.393
Epoch:17/20  * Loss 0.160 | Train Acc 94.752
Epoch:18/20  * Loss 0.161 | Train Acc 95.112
Epoch:19/20  * Loss 0.164 | Train Acc 94.872
Epoch:20/20  * Loss 0.157 | Train Acc 94.932
----------
Selecting Experts...
----------
[v3] Saved e_pk snapshot: 1800 params
[v3] Saved e_pv snapshot: 1800 params
[v4-split-lite] Task 6 basis updated: {'e_pv': {'0': 8, '2': 8, '3': 8, '4': 8, '6': 8, '7': 8, '8': 8, '9': 8, '10': 8, '11': 8, '12': 8, '14': 8, '15': 8, '19': 8, '20': 8, '21': 8}}
[v3] Task 6 memory saved. Total old memories: 7
Averaged stats: Lr: 0.000010  Loss: 0.0425  Acc@1: 99.2188 (99.0104)  Acc@5: 100.0000 (100.0000)
Averaged stats: Lr: 0.000010  Loss: 0.0250  Acc@1: 99.2188 (99.1276)  Acc@5: 100.0000 (100.0000)
Averaged stats: Lr: 0.000010  Loss: 0.0290  Acc@1: 99.2188 (99.1927)  Acc@5: 100.0000 (100.0000)
Averaged stats: Lr: 0.000010  Loss: 0.0421  Acc@1: 99.2188 (99.3490)  Acc@5: 100.0000 (100.0000)
Averaged stats: Lr: 0.000010  Loss: 0.0469  Acc@1: 99.2188 (99.3620)  Acc@5: 100.0000 (100.0000)
Averaged stats: Lr: 0.000010  Loss: 0.0284  Acc@1: 99.2188 (99.3490)  Acc@5: 100.0000 (100.0000)
Averaged stats: Lr: 0.000010  Loss: 0.0224  Acc@1: 100.0000 (99.4531)  Acc@5: 100.0000 (100.0000)
Averaged stats: Lr: 0.000009  Loss: 0.0234  Acc@1: 100.0000 (99.4922)  Acc@5: 100.0000 (100.0000)
Averaged stats: Lr: 0.000009  Loss: 0.0399  Acc@1: 99.2188 (99.4401)  Acc@5: 100.0000 (100.0000)
Averaged stats: Lr: 0.000009  Loss: 0.0271  Acc@1: 100.0000 (99.6094)  Acc@5: 100.0000 (100.0000)
Averaged stats: Lr: 0.000009  Loss: 0.0688  Acc@1: 100.0000 (99.4141)  Acc@5: 100.0000 (100.0000)
Averaged stats: Lr: 0.000009  Loss: 0.0227  Acc@1: 100.0000 (99.5703)  Acc@5: 100.0000 (100.0000)
Averaged stats: Lr: 0.000009  Loss: 0.0280  Acc@1: 100.0000 (99.4531)  Acc@5: 100.0000 (100.0000)
Averaged stats: Lr: 0.000008  Loss: 0.0199  Acc@1: 100.0000 (99.6354)  Acc@5: 100.0000 (100.0000)
Averaged stats: Lr: 0.000008  Loss: 0.0540  Acc@1: 100.0000 (99.6484)  Acc@5: 100.0000 (100.0000)
Averaged stats: Lr: 0.000008  Loss: 0.0324  Acc@1: 99.2188 (99.5182)  Acc@5: 100.0000 (100.0000)
Averaged stats: Lr: 0.000008  Loss: 0.0355  Acc@1: 99.2188 (99.5182)  Acc@5: 100.0000 (100.0000)
Averaged stats: Lr: 0.000007  Loss: 0.0296  Acc@1: 100.0000 (99.6354)  Acc@5: 100.0000 (100.0000)
Averaged stats: Lr: 0.000007  Loss: 0.0254  Acc@1: 99.2188 (99.5443)  Acc@5: 100.0000 (100.0000)
Averaged stats: Lr: 0.000007  Loss: 0.0416  Acc@1: 100.0000 (99.6745)  Acc@5: 100.0000 (100.0000)
Averaged stats: Lr: 0.000007  Loss: 0.0273  Acc@1: 99.2188 (99.5573)  Acc@5: 100.0000 (100.0000)
Averaged stats: Lr: 0.000006  Loss: 0.0457  Acc@1: 100.0000 (99.6875)  Acc@5: 100.0000 (100.0000)
Averaged stats: Lr: 0.000006  Loss: 0.0301  Acc@1: 99.2188 (99.5833)  Acc@5: 100.0000 (100.0000)
Averaged stats: Lr: 0.000006  Loss: 0.0212  Acc@1: 100.0000 (99.6875)  Acc@5: 100.0000 (100.0000)
Averaged stats: Lr: 0.000006  Loss: 0.0232  Acc@1: 100.0000 (99.6094)  Acc@5: 100.0000 (100.0000)
Averaged stats: Lr: 0.000005  Loss: 0.0235  Acc@1: 100.0000 (99.6354)  Acc@5: 100.0000 (100.0000)
Averaged stats: Lr: 0.000005  Loss: 0.0122  Acc@1: 99.2188 (99.5833)  Acc@5: 100.0000 (100.0000)
Averaged stats: Lr: 0.000005  Loss: 0.0208  Acc@1: 100.0000 (99.6615)  Acc@5: 100.0000 (100.0000)
Averaged stats: Lr: 0.000004  Loss: 0.0145  Acc@1: 99.2188 (99.6354)  Acc@5: 100.0000 (100.0000)
Averaged stats: Lr: 0.000004  Loss: 0.0389  Acc@1: 100.0000 (99.7135)  Acc@5: 100.0000 (100.0000)
Averaged stats: Lr: 0.000004  Loss: 0.0179  Acc@1: 100.0000 (99.7005)  Acc@5: 100.0000 (100.0000)
Averaged stats: Lr: 0.000004  Loss: 0.0191  Acc@1: 100.0000 (99.6224)  Acc@5: 100.0000 (100.0000)
Averaged stats: Lr: 0.000003  Loss: 0.0257  Acc@1: 100.0000 (99.7266)  Acc@5: 100.0000 (100.0000)
Averaged stats: Lr: 0.000003  Loss: 0.0086  Acc@1: 100.0000 (99.6484)  Acc@5: 100.0000 (100.0000)
Averaged stats: Lr: 0.000003  Loss: 0.0150  Acc@1: 100.0000 (99.6875)  Acc@5: 100.0000 (100.0000)
Averaged stats: Lr: 0.000003  Loss: 0.0191  Acc@1: 100.0000 (99.5312)  Acc@5: 100.0000 (100.0000)
Averaged stats: Lr: 0.000002  Loss: 0.0122  Acc@1: 100.0000 (99.6875)  Acc@5: 100.0000 (100.0000)
Averaged stats: Lr: 0.000002  Loss: 0.0395  Acc@1: 100.0000 (99.6224)  Acc@5: 100.0000 (100.0000)
Averaged stats: Lr: 0.000002  Loss: 0.0258  Acc@1: 100.0000 (99.6094)  Acc@5: 100.0000 (100.0000)
Averaged stats: Lr: 0.000002  Loss: 0.0185  Acc@1: 100.0000 (99.7005)  Acc@5: 100.0000 (100.0000)
Averaged stats: Lr: 0.000002  Loss: 0.0212  Acc@1: 99.2188 (99.6745)  Acc@5: 100.0000 (100.0000)
Averaged stats: Lr: 0.000002  Loss: 0.0191  Acc@1: 100.0000 (99.7526)  Acc@5: 100.0000 (100.0000)
Averaged stats: Lr: 0.000001  Loss: 0.0231  Acc@1: 100.0000 (99.7005)  Acc@5: 100.0000 (100.0000)
Averaged stats: Lr: 0.000001  Loss: 0.0263  Acc@1: 99.2188 (99.6354)  Acc@5: 100.0000 (100.0000)
Averaged stats: Lr: 0.000001  Loss: 0.0139  Acc@1: 100.0000 (99.6354)  Acc@5: 100.0000 (100.0000)
Averaged stats: Lr: 0.000001  Loss: 0.0324  Acc@1: 100.0000 (99.6484)  Acc@5: 100.0000 (100.0000)
Averaged stats: Lr: 0.000001  Loss: 0.0434  Acc@1: 100.0000 (99.6615)  Acc@5: 100.0000 (100.0000)
Averaged stats: Lr: 0.000001  Loss: 0.0390  Acc@1: 99.2188 (99.5703)  Acc@5: 100.0000 (100.0000)
Averaged stats: Lr: 0.000001  Loss: 0.0234  Acc@1: 100.0000 (99.6745)  Acc@5: 100.0000 (100.0000)
Averaged stats: Lr: 0.000001  Loss: 0.0158  Acc@1: 100.0000 (99.6484)  Acc@5: 100.0000 (100.0000)
=> Saving class model to: outputs/cifar-100/10-task/v5-capacity-old_union-nonstrict-topk16-rank8-alpha0.2/models/repeat-1/task-7/
=> Save Done
validation split name (local False): 1
 * Val Acc 90.400, Total time 3.26
validation split name (local False): 2
 * Val Acc 85.900, Total time 3.18
validation split name (local False): 3
 * Val Acc 90.900, Total time 3.16
validation split name (local False): 4
 * Val Acc 93.200, Total time 3.16
validation split name (local False): 5
 * Val Acc 93.800, Total time 3.14
validation split name (local False): 6
 * Val Acc 84.500, Total time 3.15
validation split name (local False): 7
 * Val Acc 91.500, Total time 3.15
Averaged accuracy for task 7: 90.02857142857144
====================== 8 =======================
Incremental class: Old valid output dimension: 70
Incremental class: New Valid output dimension: 80
Saving old prompts
Optimizer is reset!
Total params: 86105956
Tune params: 307300
Tune ratio: 0.36
Prompt params: 230400
Prompt ratio: 0.27
Epoch:1/20  * Loss 1.295 | Train Acc 69.471
Epoch:2/20  * Loss 1.252 | Train Acc 72.636
Epoch:3/20  * Loss 0.390 | Train Acc 90.044
Epoch:4/20  * Loss 0.220 | Train Acc 93.930
Epoch:5/20  * Loss 0.189 | Train Acc 93.930
Epoch:6/20  * Loss 0.190 | Train Acc 93.990
Epoch:7/20  * Loss 0.175 | Train Acc 94.571
Epoch:8/20  * Loss 0.151 | Train Acc 95.653
Epoch:9/20  * Loss 0.165 | Train Acc 94.611
Epoch:10/20  * Loss 0.155 | Train Acc 95.292
Epoch:11/20  * Loss 0.139 | Train Acc 95.673
Epoch:12/20  * Loss 0.145 | Train Acc 95.753
Epoch:13/20  * Loss 0.140 | Train Acc 95.633
Epoch:14/20  * Loss 0.137 | Train Acc 95.733
Epoch:15/20  * Loss 0.146 | Train Acc 95.312
Epoch:16/20  * Loss 0.128 | Train Acc 96.094
Epoch:17/20  * Loss 0.126 | Train Acc 95.773
Epoch:18/20  * Loss 0.131 | Train Acc 95.693
Epoch:19/20  * Loss 0.120 | Train Acc 96.354
Epoch:20/20  * Loss 0.131 | Train Acc 95.933
----------
Selecting Experts...
----------
[v3] Saved e_pk snapshot: 1800 params
[v3] Saved e_pv snapshot: 1800 params
[v4-split-lite] Task 7 basis updated: {'e_pv': {'0': 8, '2': 8, '3': 8, '4': 8, '6': 8, '7': 8, '8': 8, '9': 8, '10': 8, '11': 8, '12': 8, '14': 8, '15': 8, '19': 8, '20': 8, '21': 8}}
[v3] Task 7 memory saved. Total old memories: 8
Averaged stats: Lr: 0.000010  Loss: 0.0515  Acc@1: 98.4375 (98.7946)  Acc@5: 100.0000 (100.0000)
Averaged stats: Lr: 0.000010  Loss: 0.0247  Acc@1: 99.2188 (99.0290)  Acc@5: 100.0000 (100.0000)
Averaged stats: Lr: 0.000010  Loss: 0.0279  Acc@1: 99.2188 (99.1741)  Acc@5: 100.0000 (100.0000)
Averaged stats: Lr: 0.000010  Loss: 0.0418  Acc@1: 100.0000 (99.1741)  Acc@5: 100.0000 (100.0000)
Averaged stats: Lr: 0.000010  Loss: 0.0106  Acc@1: 100.0000 (99.3862)  Acc@5: 100.0000 (100.0000)
Averaged stats: Lr: 0.000010  Loss: 0.0252  Acc@1: 99.2188 (99.3080)  Acc@5: 100.0000 (100.0000)
Averaged stats: Lr: 0.000010  Loss: 0.0177  Acc@1: 99.2188 (99.4420)  Acc@5: 100.0000 (100.0000)
Averaged stats: Lr: 0.000009  Loss: 0.0206  Acc@1: 100.0000 (99.5536)  Acc@5: 100.0000 (100.0000)
Averaged stats: Lr: 0.000009  Loss: 0.0159  Acc@1: 100.0000 (99.5647)  Acc@5: 100.0000 (100.0000)
Averaged stats: Lr: 0.000009  Loss: 0.0161  Acc@1: 100.0000 (99.5871)  Acc@5: 100.0000 (100.0000)
Averaged stats: Lr: 0.000009  Loss: 0.0199  Acc@1: 100.0000 (99.7545)  Acc@5: 100.0000 (100.0000)
Averaged stats: Lr: 0.000009  Loss: 0.0295  Acc@1: 100.0000 (99.6317)  Acc@5: 100.0000 (100.0000)
Averaged stats: Lr: 0.000009  Loss: 0.0101  Acc@1: 100.0000 (99.6875)  Acc@5: 100.0000 (100.0000)
Averaged stats: Lr: 0.000008  Loss: 0.0163  Acc@1: 100.0000 (99.8214)  Acc@5: 100.0000 (100.0000)
Averaged stats: Lr: 0.000008  Loss: 0.0144  Acc@1: 100.0000 (99.7210)  Acc@5: 100.0000 (100.0000)
Averaged stats: Lr: 0.000008  Loss: 0.0366  Acc@1: 99.2188 (99.6317)  Acc@5: 100.0000 (100.0000)
Averaged stats: Lr: 0.000008  Loss: 0.0097  Acc@1: 100.0000 (99.7879)  Acc@5: 100.0000 (100.0000)
Averaged stats: Lr: 0.000007  Loss: 0.0100  Acc@1: 100.0000 (99.7210)  Acc@5: 100.0000 (100.0000)
Averaged stats: Lr: 0.000007  Loss: 0.0310  Acc@1: 100.0000 (99.8326)  Acc@5: 100.0000 (100.0000)
Averaged stats: Lr: 0.000007  Loss: 0.0365  Acc@1: 100.0000 (99.7433)  Acc@5: 100.0000 (100.0000)
Averaged stats: Lr: 0.000007  Loss: 0.0135  Acc@1: 100.0000 (99.7545)  Acc@5: 100.0000 (100.0000)
Averaged stats: Lr: 0.000006  Loss: 0.0148  Acc@1: 100.0000 (99.7545)  Acc@5: 100.0000 (100.0000)
Averaged stats: Lr: 0.000006  Loss: 0.0157  Acc@1: 100.0000 (99.7210)  Acc@5: 100.0000 (100.0000)
Averaged stats: Lr: 0.000006  Loss: 0.0226  Acc@1: 100.0000 (99.8326)  Acc@5: 100.0000 (100.0000)
Averaged stats: Lr: 0.000006  Loss: 0.0181  Acc@1: 100.0000 (99.8103)  Acc@5: 100.0000 (100.0000)
Averaged stats: Lr: 0.000005  Loss: 0.0197  Acc@1: 100.0000 (99.7991)  Acc@5: 100.0000 (100.0000)
Averaged stats: Lr: 0.000005  Loss: 0.0122  Acc@1: 100.0000 (99.7321)  Acc@5: 100.0000 (100.0000)
Averaged stats: Lr: 0.000005  Loss: 0.0191  Acc@1: 100.0000 (99.7879)  Acc@5: 100.0000 (100.0000)
Averaged stats: Lr: 0.000004  Loss: 0.0104  Acc@1: 100.0000 (99.7656)  Acc@5: 100.0000 (100.0000)
Averaged stats: Lr: 0.000004  Loss: 0.0135  Acc@1: 100.0000 (99.8326)  Acc@5: 100.0000 (100.0000)
Averaged stats: Lr: 0.000004  Loss: 0.0196  Acc@1: 100.0000 (99.8884)  Acc@5: 100.0000 (100.0000)
Averaged stats: Lr: 0.000004  Loss: 0.0139  Acc@1: 100.0000 (99.7991)  Acc@5: 100.0000 (100.0000)
Averaged stats: Lr: 0.000003  Loss: 0.0118  Acc@1: 100.0000 (99.8661)  Acc@5: 100.0000 (100.0000)
Averaged stats: Lr: 0.000003  Loss: 0.0109  Acc@1: 100.0000 (99.7321)  Acc@5: 100.0000 (100.0000)
Averaged stats: Lr: 0.000003  Loss: 0.0116  Acc@1: 100.0000 (99.8326)  Acc@5: 100.0000 (100.0000)
Averaged stats: Lr: 0.000003  Loss: 0.0288  Acc@1: 100.0000 (99.8438)  Acc@5: 100.0000 (100.0000)
Averaged stats: Lr: 0.000002  Loss: 0.0190  Acc@1: 100.0000 (99.8661)  Acc@5: 100.0000 (100.0000)
Averaged stats: Lr: 0.000002  Loss: 0.0125  Acc@1: 100.0000 (99.7991)  Acc@5: 100.0000 (100.0000)
Averaged stats: Lr: 0.000002  Loss: 0.0080  Acc@1: 100.0000 (99.7210)  Acc@5: 100.0000 (100.0000)
Averaged stats: Lr: 0.000002  Loss: 0.0119  Acc@1: 100.0000 (99.8214)  Acc@5: 100.0000 (100.0000)
Averaged stats: Lr: 0.000002  Loss: 0.0061  Acc@1: 100.0000 (99.8438)  Acc@5: 100.0000 (100.0000)
Averaged stats: Lr: 0.000002  Loss: 0.0135  Acc@1: 100.0000 (99.8661)  Acc@5: 100.0000 (100.0000)
Averaged stats: Lr: 0.000001  Loss: 0.0122  Acc@1: 100.0000 (99.8103)  Acc@5: 100.0000 (100.0000)
Averaged stats: Lr: 0.000001  Loss: 0.0210  Acc@1: 100.0000 (99.7991)  Acc@5: 100.0000 (100.0000)
Averaged stats: Lr: 0.000001  Loss: 0.0297  Acc@1: 100.0000 (99.7991)  Acc@5: 100.0000 (100.0000)
Averaged stats: Lr: 0.000001  Loss: 0.0119  Acc@1: 100.0000 (99.8326)  Acc@5: 100.0000 (100.0000)
Averaged stats: Lr: 0.000001  Loss: 0.0077  Acc@1: 100.0000 (99.7879)  Acc@5: 100.0000 (100.0000)
Averaged stats: Lr: 0.000001  Loss: 0.0120  Acc@1: 100.0000 (99.8549)  Acc@5: 100.0000 (100.0000)
Averaged stats: Lr: 0.000001  Loss: 0.0110  Acc@1: 100.0000 (99.7321)  Acc@5: 100.0000 (100.0000)
Averaged stats: Lr: 0.000001  Loss: 0.0185  Acc@1: 100.0000 (99.8661)  Acc@5: 100.0000 (100.0000)
=> Saving class model to: outputs/cifar-100/10-task/v5-capacity-old_union-nonstrict-topk16-rank8-alpha0.2/models/repeat-1/task-8/
=> Save Done
validation split name (local False): 1
 * Val Acc 88.100, Total time 3.28
validation split name (local False): 2
 * Val Acc 85.500, Total time 3.16
validation split name (local False): 3
 * Val Acc 90.200, Total time 3.18
validation split name (local False): 4
 * Val Acc 92.500, Total time 3.18
validation split name (local False): 5
 * Val Acc 93.800, Total time 3.14
validation split name (local False): 6
 * Val Acc 84.500, Total time 3.31
validation split name (local False): 7
 * Val Acc 91.400, Total time 3.15
validation split name (local False): 8
 * Val Acc 93.500, Total time 3.15
Averaged accuracy for task 8: 89.9375
====================== 9 =======================
Incremental class: Old valid output dimension: 80
Incremental class: New Valid output dimension: 90
Saving old prompts
Optimizer is reset!
Total params: 86105956
Tune params: 307300
Tune ratio: 0.36
Prompt params: 230400
Prompt ratio: 0.27
Epoch:1/20  * Loss 1.477 | Train Acc 57.552
Epoch:2/20  * Loss 1.434 | Train Acc 60.036
Epoch:3/20  * Loss 0.534 | Train Acc 85.437
Epoch:4/20  * Loss 0.337 | Train Acc 90.385
Epoch:5/20  * Loss 0.277 | Train Acc 91.546
Epoch:6/20  * Loss 0.293 | Train Acc 90.986
Epoch:7/20  * Loss 0.260 | Train Acc 91.907
Epoch:8/20  * Loss 0.272 | Train Acc 91.246
Epoch:9/20  * Loss 0.245 | Train Acc 92.308
Epoch:10/20  * Loss 0.232 | Train Acc 92.468
Epoch:11/20  * Loss 0.227 | Train Acc 92.708
Epoch:12/20  * Loss 0.231 | Train Acc 92.808
Epoch:13/20  * Loss 0.236 | Train Acc 92.849
Epoch:14/20  * Loss 0.226 | Train Acc 93.069
Epoch:15/20  * Loss 0.217 | Train Acc 93.129
Epoch:16/20  * Loss 0.214 | Train Acc 93.029
Epoch:17/20  * Loss 0.207 | Train Acc 93.249
Epoch:18/20  * Loss 0.212 | Train Acc 93.429
Epoch:19/20  * Loss 0.212 | Train Acc 93.249
Epoch:20/20  * Loss 0.207 | Train Acc 93.269
----------
Selecting Experts...
----------
[v3] Saved e_pk snapshot: 1800 params
[v3] Saved e_pv snapshot: 1800 params
[v4-split-lite] Task 8 basis updated: {'e_pv': {'0': 8, '2': 8, '3': 8, '4': 8, '6': 8, '7': 8, '8': 8, '9': 8, '10': 8, '11': 8, '12': 8, '14': 8, '15': 8, '19': 8, '20': 8, '21': 8}}
[v3] Task 8 memory saved. Total old memories: 9
Averaged stats: Lr: 0.000010  Loss: 0.0293  Acc@1: 99.2188 (99.2773)  Acc@5: 100.0000 (100.0000)
Averaged stats: Lr: 0.000010  Loss: 0.0176  Acc@1: 99.2188 (99.2871)  Acc@5: 100.0000 (100.0000)
Averaged stats: Lr: 0.000010  Loss: 0.0284  Acc@1: 100.0000 (99.4727)  Acc@5: 100.0000 (100.0000)
Averaged stats: Lr: 0.000010  Loss: 0.0327  Acc@1: 100.0000 (99.6582)  Acc@5: 100.0000 (100.0000)
Averaged stats: Lr: 0.000010  Loss: 0.0253  Acc@1: 100.0000 (99.6289)  Acc@5: 100.0000 (100.0000)
Averaged stats: Lr: 0.000010  Loss: 0.0428  Acc@1: 100.0000 (99.7461)  Acc@5: 100.0000 (100.0000)
Averaged stats: Lr: 0.000010  Loss: 0.0235  Acc@1: 100.0000 (99.7852)  Acc@5: 100.0000 (100.0000)
Averaged stats: Lr: 0.000009  Loss: 0.0234  Acc@1: 100.0000 (99.7754)  Acc@5: 100.0000 (100.0000)
Averaged stats: Lr: 0.000009  Loss: 0.0160  Acc@1: 100.0000 (99.8730)  Acc@5: 100.0000 (100.0000)
Averaged stats: Lr: 0.000009  Loss: 0.0093  Acc@1: 100.0000 (99.8340)  Acc@5: 100.0000 (100.0000)
Averaged stats: Lr: 0.000009  Loss: 0.0252  Acc@1: 100.0000 (99.8340)  Acc@5: 100.0000 (100.0000)
Averaged stats: Lr: 0.000009  Loss: 0.0127  Acc@1: 100.0000 (99.8438)  Acc@5: 100.0000 (100.0000)
Averaged stats: Lr: 0.000009  Loss: 0.0228  Acc@1: 100.0000 (99.8730)  Acc@5: 100.0000 (100.0000)
Averaged stats: Lr: 0.000008  Loss: 0.0122  Acc@1: 100.0000 (99.8242)  Acc@5: 100.0000 (100.0000)
Averaged stats: Lr: 0.000008  Loss: 0.0311  Acc@1: 100.0000 (99.8926)  Acc@5: 100.0000 (100.0000)
Averaged stats: Lr: 0.000008  Loss: 0.0129  Acc@1: 100.0000 (99.8438)  Acc@5: 100.0000 (100.0000)
Averaged stats: Lr: 0.000008  Loss: 0.0214  Acc@1: 100.0000 (99.8438)  Acc@5: 100.0000 (100.0000)
Averaged stats: Lr: 0.000007  Loss: 0.0203  Acc@1: 100.0000 (99.7949)  Acc@5: 100.0000 (100.0000)
Averaged stats: Lr: 0.000007  Loss: 0.0135  Acc@1: 100.0000 (99.9023)  Acc@5: 100.0000 (100.0000)
Averaged stats: Lr: 0.000007  Loss: 0.0130  Acc@1: 100.0000 (99.8828)  Acc@5: 100.0000 (100.0000)
Averaged stats: Lr: 0.000007  Loss: 0.0096  Acc@1: 100.0000 (99.9512)  Acc@5: 100.0000 (100.0000)
Averaged stats: Lr: 0.000006  Loss: 0.0096  Acc@1: 100.0000 (99.8145)  Acc@5: 100.0000 (100.0000)
Averaged stats: Lr: 0.000006  Loss: 0.0159  Acc@1: 100.0000 (99.9219)  Acc@5: 100.0000 (100.0000)
Averaged stats: Lr: 0.000006  Loss: 0.0050  Acc@1: 100.0000 (99.9023)  Acc@5: 100.0000 (100.0000)
Averaged stats: Lr: 0.000006  Loss: 0.0103  Acc@1: 100.0000 (99.8828)  Acc@5: 100.0000 (100.0000)
Averaged stats: Lr: 0.000005  Loss: 0.0103  Acc@1: 100.0000 (99.8828)  Acc@5: 100.0000 (100.0000)
Averaged stats: Lr: 0.000005  Loss: 0.0168  Acc@1: 100.0000 (99.9316)  Acc@5: 100.0000 (100.0000)
Averaged stats: Lr: 0.000005  Loss: 0.0135  Acc@1: 100.0000 (99.9316)  Acc@5: 100.0000 (100.0000)
Averaged stats: Lr: 0.000004  Loss: 0.0081  Acc@1: 100.0000 (99.9023)  Acc@5: 100.0000 (100.0000)
Averaged stats: Lr: 0.000004  Loss: 0.0136  Acc@1: 100.0000 (99.9414)  Acc@5: 100.0000 (100.0000)
Averaged stats: Lr: 0.000004  Loss: 0.0054  Acc@1: 100.0000 (99.9023)  Acc@5: 100.0000 (100.0000)
Averaged stats: Lr: 0.000004  Loss: 0.0060  Acc@1: 100.0000 (99.8828)  Acc@5: 100.0000 (100.0000)
Averaged stats: Lr: 0.000003  Loss: 0.0073  Acc@1: 100.0000 (99.8438)  Acc@5: 100.0000 (100.0000)
Averaged stats: Lr: 0.000003  Loss: 0.0083  Acc@1: 100.0000 (99.9414)  Acc@5: 100.0000 (100.0000)
Averaged stats: Lr: 0.000003  Loss: 0.0122  Acc@1: 100.0000 (99.9121)  Acc@5: 100.0000 (100.0000)
Averaged stats: Lr: 0.000003  Loss: 0.0096  Acc@1: 100.0000 (99.9023)  Acc@5: 100.0000 (100.0000)
Averaged stats: Lr: 0.000002  Loss: 0.0131  Acc@1: 100.0000 (99.9121)  Acc@5: 100.0000 (100.0000)
Averaged stats: Lr: 0.000002  Loss: 0.0102  Acc@1: 100.0000 (99.9316)  Acc@5: 100.0000 (100.0000)
Averaged stats: Lr: 0.000002  Loss: 0.0052  Acc@1: 100.0000 (99.9219)  Acc@5: 100.0000 (100.0000)
Averaged stats: Lr: 0.000002  Loss: 0.0051  Acc@1: 100.0000 (99.9219)  Acc@5: 100.0000 (100.0000)
Averaged stats: Lr: 0.000002  Loss: 0.0133  Acc@1: 100.0000 (99.9414)  Acc@5: 100.0000 (100.0000)
Averaged stats: Lr: 0.000002  Loss: 0.0056  Acc@1: 100.0000 (99.9219)  Acc@5: 100.0000 (100.0000)
Averaged stats: Lr: 0.000001  Loss: 0.0080  Acc@1: 100.0000 (99.8828)  Acc@5: 100.0000 (100.0000)
Averaged stats: Lr: 0.000001  Loss: 0.0136  Acc@1: 100.0000 (99.9414)  Acc@5: 100.0000 (100.0000)
Averaged stats: Lr: 0.000001  Loss: 0.0065  Acc@1: 100.0000 (99.9414)  Acc@5: 100.0000 (100.0000)
Averaged stats: Lr: 0.000001  Loss: 0.0192  Acc@1: 100.0000 (99.9219)  Acc@5: 100.0000 (100.0000)
Averaged stats: Lr: 0.000001  Loss: 0.0085  Acc@1: 100.0000 (99.9023)  Acc@5: 100.0000 (100.0000)
Averaged stats: Lr: 0.000001  Loss: 0.0081  Acc@1: 100.0000 (99.9512)  Acc@5: 100.0000 (100.0000)
Averaged stats: Lr: 0.000001  Loss: 0.0130  Acc@1: 100.0000 (99.9414)  Acc@5: 100.0000 (100.0000)
Averaged stats: Lr: 0.000001  Loss: 0.0061  Acc@1: 100.0000 (99.8926)  Acc@5: 100.0000 (100.0000)
=> Saving class model to: outputs/cifar-100/10-task/v5-capacity-old_union-nonstrict-topk16-rank8-alpha0.2/models/repeat-1/task-9/
=> Save Done
validation split name (local False): 1
 * Val Acc 86.000, Total time 3.27
validation split name (local False): 2
 * Val Acc 85.700, Total time 3.19
validation split name (local False): 3
 * Val Acc 89.500, Total time 3.19
validation split name (local False): 4
 * Val Acc 92.200, Total time 3.15
validation split name (local False): 5
 * Val Acc 93.000, Total time 3.19
validation split name (local False): 6
 * Val Acc 84.600, Total time 3.19
validation split name (local False): 7
 * Val Acc 91.000, Total time 3.14
validation split name (local False): 8
 * Val Acc 94.500, Total time 3.15
validation split name (local False): 9
 * Val Acc 88.000, Total time 3.15
Averaged accuracy for task 9: 89.38888888888889
====================== 10 =======================
Incremental class: Old valid output dimension: 90
Incremental class: New Valid output dimension: 100
Saving old prompts
Optimizer is reset!
Total params: 86105956
Tune params: 307300
Tune ratio: 0.36
Prompt params: 230400
Prompt ratio: 0.27
Epoch:1/20  * Loss 1.394 | Train Acc 65.925
Epoch:2/20  * Loss 1.341 | Train Acc 68.630
Epoch:3/20  * Loss 0.401 | Train Acc 89.463
Epoch:4/20  * Loss 0.210 | Train Acc 94.451
Epoch:5/20  * Loss 0.188 | Train Acc 94.511
Epoch:6/20  * Loss 0.195 | Train Acc 94.251
Epoch:7/20  * Loss 0.169 | Train Acc 95.052
Epoch:8/20  * Loss 0.161 | Train Acc 94.812
Epoch:9/20  * Loss 0.162 | Train Acc 95.112
Epoch:10/20  * Loss 0.161 | Train Acc 95.553
Epoch:11/20  * Loss 0.150 | Train Acc 95.453
Epoch:12/20  * Loss 0.150 | Train Acc 95.092
Epoch:13/20  * Loss 0.152 | Train Acc 95.353
Epoch:14/20  * Loss 0.134 | Train Acc 95.793
Epoch:15/20  * Loss 0.139 | Train Acc 95.353
Epoch:16/20  * Loss 0.139 | Train Acc 95.493
Epoch:17/20  * Loss 0.143 | Train Acc 95.593
Epoch:18/20  * Loss 0.127 | Train Acc 96.174
Epoch:19/20  * Loss 0.136 | Train Acc 95.693
Epoch:20/20  * Loss 0.143 | Train Acc 95.613
----------
Selecting Experts...
----------
[v3] Saved e_pk snapshot: 1800 params
[v3] Saved e_pv snapshot: 1800 params
[v4-split-lite] Task 9 basis updated: {'e_pv': {'0': 8, '2': 8, '3': 8, '4': 8, '6': 8, '7': 8, '8': 8, '9': 8, '10': 8, '11': 8, '12': 8, '14': 8, '15': 8, '19': 8, '20': 8, '21': 8}}
[v3] Task 9 memory saved. Total old memories: 10
Averaged stats: Lr: 0.000010  Loss: 0.0162  Acc@1: 100.0000 (99.8003)  Acc@5: 100.0000 (100.0000)
Averaged stats: Lr: 0.000010  Loss: 0.0125  Acc@1: 100.0000 (99.8351)  Acc@5: 100.0000 (100.0000)
Averaged stats: Lr: 0.000010  Loss: 0.0119  Acc@1: 100.0000 (99.8438)  Acc@5: 100.0000 (100.0000)
Averaged stats: Lr: 0.000010  Loss: 0.0131  Acc@1: 100.0000 (99.8698)  Acc@5: 100.0000 (100.0000)
Averaged stats: Lr: 0.000010  Loss: 0.0091  Acc@1: 100.0000 (99.8958)  Acc@5: 100.0000 (100.0000)
Averaged stats: Lr: 0.000010  Loss: 0.0102  Acc@1: 100.0000 (99.8611)  Acc@5: 100.0000 (100.0000)
Averaged stats: Lr: 0.000010  Loss: 0.0098  Acc@1: 100.0000 (99.9045)  Acc@5: 100.0000 (100.0000)
Averaged stats: Lr: 0.000009  Loss: 0.0162  Acc@1: 100.0000 (99.8872)  Acc@5: 100.0000 (100.0000)
Averaged stats: Lr: 0.000009  Loss: 0.0060  Acc@1: 100.0000 (99.9219)  Acc@5: 100.0000 (100.0000)
Averaged stats: Lr: 0.000009  Loss: 0.0123  Acc@1: 100.0000 (99.9392)  Acc@5: 100.0000 (100.0000)
Averaged stats: Lr: 0.000009  Loss: 0.0141  Acc@1: 100.0000 (99.9566)  Acc@5: 100.0000 (100.0000)
Averaged stats: Lr: 0.000009  Loss: 0.0060  Acc@1: 100.0000 (99.9219)  Acc@5: 100.0000 (100.0000)
Averaged stats: Lr: 0.000009  Loss: 0.0065  Acc@1: 100.0000 (99.8958)  Acc@5: 100.0000 (100.0000)
Averaged stats: Lr: 0.000008  Loss: 0.0246  Acc@1: 100.0000 (99.9479)  Acc@5: 100.0000 (100.0000)
Averaged stats: Lr: 0.000008  Loss: 0.0063  Acc@1: 100.0000 (99.9479)  Acc@5: 100.0000 (100.0000)
Averaged stats: Lr: 0.000008  Loss: 0.0076  Acc@1: 100.0000 (99.9045)  Acc@5: 100.0000 (100.0000)
Averaged stats: Lr: 0.000008  Loss: 0.0055  Acc@1: 100.0000 (99.9132)  Acc@5: 100.0000 (100.0000)
Averaged stats: Lr: 0.000007  Loss: 0.0083  Acc@1: 100.0000 (99.9566)  Acc@5: 100.0000 (100.0000)
Averaged stats: Lr: 0.000007  Loss: 0.0109  Acc@1: 100.0000 (99.9566)  Acc@5: 100.0000 (100.0000)
Averaged stats: Lr: 0.000007  Loss: 0.0085  Acc@1: 100.0000 (99.8958)  Acc@5: 100.0000 (100.0000)
Averaged stats: Lr: 0.000007  Loss: 0.0101  Acc@1: 100.0000 (99.9392)  Acc@5: 100.0000 (100.0000)
Averaged stats: Lr: 0.000006  Loss: 0.0027  Acc@1: 100.0000 (99.9479)  Acc@5: 100.0000 (100.0000)
Averaged stats: Lr: 0.000006  Loss: 0.0057  Acc@1: 100.0000 (99.9566)  Acc@5: 100.0000 (100.0000)
Averaged stats: Lr: 0.000006  Loss: 0.0063  Acc@1: 100.0000 (99.9566)  Acc@5: 100.0000 (100.0000)
Averaged stats: Lr: 0.000006  Loss: 0.0069  Acc@1: 100.0000 (99.8958)  Acc@5: 100.0000 (100.0000)
Averaged stats: Lr: 0.000005  Loss: 0.0060  Acc@1: 100.0000 (99.9740)  Acc@5: 100.0000 (100.0000)
Averaged stats: Lr: 0.000005  Loss: 0.0069  Acc@1: 100.0000 (99.9132)  Acc@5: 100.0000 (100.0000)
Averaged stats: Lr: 0.000005  Loss: 0.0097  Acc@1: 100.0000 (99.9479)  Acc@5: 100.0000 (100.0000)
Averaged stats: Lr: 0.000004  Loss: 0.0058  Acc@1: 100.0000 (99.9913)  Acc@5: 100.0000 (100.0000)
Averaged stats: Lr: 0.000004  Loss: 0.0084  Acc@1: 100.0000 (99.9479)  Acc@5: 100.0000 (100.0000)
Averaged stats: Lr: 0.000004  Loss: 0.0084  Acc@1: 100.0000 (99.9566)  Acc@5: 100.0000 (100.0000)
Averaged stats: Lr: 0.000004  Loss: 0.0059  Acc@1: 100.0000 (99.9566)  Acc@5: 100.0000 (100.0000)
Averaged stats: Lr: 0.000003  Loss: 0.0045  Acc@1: 100.0000 (99.9306)  Acc@5: 100.0000 (100.0000)
Averaged stats: Lr: 0.000003  Loss: 0.0064  Acc@1: 100.0000 (99.9306)  Acc@5: 100.0000 (100.0000)
Averaged stats: Lr: 0.000003  Loss: 0.0039  Acc@1: 100.0000 (99.9392)  Acc@5: 100.0000 (100.0000)
Averaged stats: Lr: 0.000003  Loss: 0.0059  Acc@1: 100.0000 (99.9392)  Acc@5: 100.0000 (100.0000)
Averaged stats: Lr: 0.000002  Loss: 0.0090  Acc@1: 100.0000 (99.9479)  Acc@5: 100.0000 (100.0000)
Averaged stats: Lr: 0.000002  Loss: 0.0097  Acc@1: 100.0000 (99.9392)  Acc@5: 100.0000 (100.0000)
Averaged stats: Lr: 0.000002  Loss: 0.0101  Acc@1: 100.0000 (99.9740)  Acc@5: 100.0000 (100.0000)
Averaged stats: Lr: 0.000002  Loss: 0.0044  Acc@1: 100.0000 (99.9306)  Acc@5: 100.0000 (100.0000)
Averaged stats: Lr: 0.000002  Loss: 0.0069  Acc@1: 100.0000 (99.9392)  Acc@5: 100.0000 (100.0000)
Averaged stats: Lr: 0.000002  Loss: 0.0098  Acc@1: 100.0000 (99.9826)  Acc@5: 100.0000 (100.0000)
Averaged stats: Lr: 0.000001  Loss: 0.0045  Acc@1: 100.0000 (99.9566)  Acc@5: 100.0000 (100.0000)
Averaged stats: Lr: 0.000001  Loss: 0.0065  Acc@1: 100.0000 (99.9653)  Acc@5: 100.0000 (100.0000)
Averaged stats: Lr: 0.000001  Loss: 0.0058  Acc@1: 100.0000 (99.9740)  Acc@5: 100.0000 (100.0000)
Averaged stats: Lr: 0.000001  Loss: 0.0091  Acc@1: 100.0000 (99.9913)  Acc@5: 100.0000 (100.0000)
Averaged stats: Lr: 0.000001  Loss: 0.0106  Acc@1: 100.0000 (99.9740)  Acc@5: 100.0000 (100.0000)
Averaged stats: Lr: 0.000001  Loss: 0.0086  Acc@1: 100.0000 (99.9392)  Acc@5: 100.0000 (100.0000)
Averaged stats: Lr: 0.000001  Loss: 0.0056  Acc@1: 100.0000 (99.9740)  Acc@5: 100.0000 (100.0000)
Averaged stats: Lr: 0.000001  Loss: 0.0057  Acc@1: 100.0000 (99.9306)  Acc@5: 100.0000 (100.0000)
=> Saving class model to: outputs/cifar-100/10-task/v5-capacity-old_union-nonstrict-topk16-rank8-alpha0.2/models/repeat-1/task-10/
=> Save Done
validation split name (local False): 1
 * Val Acc 86.400, Total time 3.29
validation split name (local False): 2
 * Val Acc 84.800, Total time 3.17
validation split name (local False): 3
 * Val Acc 88.400, Total time 3.18
validation split name (local False): 4
 * Val Acc 91.600, Total time 3.16
validation split name (local False): 5
 * Val Acc 92.800, Total time 3.16
validation split name (local False): 6
 * Val Acc 83.800, Total time 3.18
validation split name (local False): 7
 * Val Acc 89.800, Total time 3.15
validation split name (local False): 8
 * Val Acc 93.400, Total time 3.18
validation split name (local False): 9
 * Val Acc 89.000, Total time 3.21
validation split name (local False): 10
 * Val Acc 90.800, Total time 3.23
Averaged accuracy for task 10: 89.08
Loading sup1k from pretrained/vit_base_patch16_224_augreg2_in21k_ft_in1k.bin ...
Total params: 86105956
Tune params: 307300
Tune ratio: 0.36
Prompt params: 230400
Prompt ratio: 0.27
Incremental class: Old valid output dimension: 0
Incremental class: New Valid output dimension: 10
=> Load Done from outputs/cifar-100/10-task/v5-capacity-old_union-nonstrict-topk16-rank8-alpha0.2/models/repeat-1/task-1/
validation split name (local False): 1
 * Val Acc 98.700, Total time 3.27
Averaged accuracy for task 1: 98.7
Saving old prompts
Incremental class: Old valid output dimension: 10
Incremental class: New Valid output dimension: 20
=> Load Done from outputs/cifar-100/10-task/v5-capacity-old_union-nonstrict-topk16-rank8-alpha0.2/models/repeat-1/task-2/
validation split name (local False): 1
 * Val Acc 96.800, Total time 3.35
validation split name (local False): 2
 * Val Acc 91.600, Total time 3.20
Averaged accuracy for task 2: 94.19999999999999
Saving old prompts
Incremental class: Old valid output dimension: 20
Incremental class: New Valid output dimension: 30
=> Load Done from outputs/cifar-100/10-task/v5-capacity-old_union-nonstrict-topk16-rank8-alpha0.2/models/repeat-1/task-3/
validation split name (local False): 1
 * Val Acc 96.000, Total time 3.30
validation split name (local False): 2
 * Val Acc 89.600, Total time 3.25
validation split name (local False): 3
 * Val Acc 95.700, Total time 3.24
Averaged accuracy for task 3: 93.76666666666667
Saving old prompts
Incremental class: Old valid output dimension: 30
Incremental class: New Valid output dimension: 40
=> Load Done from outputs/cifar-100/10-task/v5-capacity-old_union-nonstrict-topk16-rank8-alpha0.2/models/repeat-1/task-4/
validation split name (local False): 1
 * Val Acc 94.400, Total time 3.30
validation split name (local False): 2
 * Val Acc 88.800, Total time 3.20
validation split name (local False): 3
 * Val Acc 93.900, Total time 3.21
validation split name (local False): 4
 * Val Acc 95.400, Total time 3.19
Averaged accuracy for task 4: 93.125
Saving old prompts
Incremental class: Old valid output dimension: 40
Incremental class: New Valid output dimension: 50
=> Load Done from outputs/cifar-100/10-task/v5-capacity-old_union-nonstrict-topk16-rank8-alpha0.2/models/repeat-1/task-5/
validation split name (local False): 1
 * Val Acc 94.000, Total time 3.44
validation split name (local False): 2
 * Val Acc 87.700, Total time 3.18
validation split name (local False): 3
 * Val Acc 92.900, Total time 3.19
validation split name (local False): 4
 * Val Acc 94.700, Total time 3.25
validation split name (local False): 5
 * Val Acc 96.400, Total time 3.25
Averaged accuracy for task 5: 93.14000000000001
Saving old prompts
Incremental class: Old valid output dimension: 50
Incremental class: New Valid output dimension: 60
=> Load Done from outputs/cifar-100/10-task/v5-capacity-old_union-nonstrict-topk16-rank8-alpha0.2/models/repeat-1/task-6/
validation split name (local False): 1
 * Val Acc 91.600, Total time 3.25
validation split name (local False): 2
 * Val Acc 87.100, Total time 3.21
validation split name (local False): 3
 * Val Acc 92.600, Total time 3.23
validation split name (local False): 4
 * Val Acc 93.900, Total time 3.17
validation split name (local False): 5
 * Val Acc 95.300, Total time 3.17
validation split name (local False): 6
 * Val Acc 84.000, Total time 3.17
Averaged accuracy for task 6: 90.75
Saving old prompts
Incremental class: Old valid output dimension: 60
Incremental class: New Valid output dimension: 70
=> Load Done from outputs/cifar-100/10-task/v5-capacity-old_union-nonstrict-topk16-rank8-alpha0.2/models/repeat-1/task-7/
validation split name (local False): 1
 * Val Acc 90.400, Total time 3.28
validation split name (local False): 2
 * Val Acc 85.900, Total time 3.20
validation split name (local False): 3
 * Val Acc 90.900, Total time 3.22
validation split name (local False): 4
 * Val Acc 93.200, Total time 3.22
validation split name (local False): 5
 * Val Acc 93.800, Total time 3.19
validation split name (local False): 6
 * Val Acc 84.500, Total time 3.21
validation split name (local False): 7
 * Val Acc 91.500, Total time 3.23
Averaged accuracy for task 7: 90.02857142857144
Saving old prompts
Incremental class: Old valid output dimension: 70
Incremental class: New Valid output dimension: 80
=> Load Done from outputs/cifar-100/10-task/v5-capacity-old_union-nonstrict-topk16-rank8-alpha0.2/models/repeat-1/task-8/
validation split name (local False): 1
 * Val Acc 88.100, Total time 3.38
validation split name (local False): 2
 * Val Acc 85.500, Total time 3.36
validation split name (local False): 3
 * Val Acc 90.200, Total time 3.27
validation split name (local False): 4
 * Val Acc 92.500, Total time 3.23
validation split name (local False): 5
 * Val Acc 93.800, Total time 3.19
validation split name (local False): 6
 * Val Acc 84.500, Total time 3.18
validation split name (local False): 7
 * Val Acc 91.400, Total time 3.20
validation split name (local False): 8
 * Val Acc 93.500, Total time 3.20
Averaged accuracy for task 8: 89.9375
Saving old prompts
Incremental class: Old valid output dimension: 80
Incremental class: New Valid output dimension: 90
=> Load Done from outputs/cifar-100/10-task/v5-capacity-old_union-nonstrict-topk16-rank8-alpha0.2/models/repeat-1/task-9/
validation split name (local False): 1
 * Val Acc 86.000, Total time 3.27
validation split name (local False): 2
 * Val Acc 85.700, Total time 3.17
validation split name (local False): 3
 * Val Acc 89.500, Total time 3.21
validation split name (local False): 4
 * Val Acc 92.200, Total time 3.18
validation split name (local False): 5
 * Val Acc 93.000, Total time 3.18
validation split name (local False): 6
 * Val Acc 84.600, Total time 3.18
validation split name (local False): 7
 * Val Acc 91.000, Total time 3.18
validation split name (local False): 8
 * Val Acc 94.500, Total time 3.18
validation split name (local False): 9
 * Val Acc 88.000, Total time 3.18
Averaged accuracy for task 9: 89.38888888888889
Saving old prompts
Incremental class: Old valid output dimension: 90
Incremental class: New Valid output dimension: 100
=> Load Done from outputs/cifar-100/10-task/v5-capacity-old_union-nonstrict-topk16-rank8-alpha0.2/models/repeat-1/task-10/
validation split name (local False): 1
 * Val Acc 86.400, Total time 3.27
validation split name (local False): 2
 * Val Acc 84.800, Total time 3.18
validation split name (local False): 3
 * Val Acc 88.400, Total time 3.18
validation split name (local False): 4
 * Val Acc 91.600, Total time 3.25
validation split name (local False): 5
 * Val Acc 92.800, Total time 3.24
validation split name (local False): 6
 * Val Acc 83.800, Total time 3.23
validation split name (local False): 7
 * Val Acc 89.800, Total time 3.21
validation split name (local False): 8
 * Val Acc 93.400, Total time 3.24
validation split name (local False): 9
 * Val Acc 89.000, Total time 3.23
validation split name (local False): 10
 * Val Acc 90.800, Total time 3.21
Averaged accuracy for task 10: 89.08
=== Total time: 3:40:17 ===
===Summary of experiment repeats: 1 / 1 ===
acc  | mean: 89.08 std: 0.0
time  | mean: 1.539000837925153 std: 0.0
fr  | mean: 4.044444444444445 std: 0.0
FAA | mean: 89.08 std: 0.0
CAA | mean: 92.21166269841271 std: 0.0
FR | mean: 4.044444444444445 std: 0.0
