************************************
* STARTING TRIAL 1
************************************
=============================================
Shuffling....
pre-shuffle:[0, 1, 2, 3, 4, 5, 6, 7, 8, 9, 10, 11, 12, 13, 14, 15, 16, 17, 18, 19, 20, 21, 22, 23, 24, 25, 26, 27, 28, 29, 30, 31, 32, 33, 34, 35, 36, 37, 38, 39, 40, 41, 42, 43, 44, 45, 46, 47, 48, 49, 50, 51, 52, 53, 54, 55, 56, 57, 58, 59, 60, 61, 62, 63, 64, 65, 66, 67, 68, 69, 70, 71, 72, 73, 74, 75, 76, 77, 78, 79, 80, 81, 82, 83, 84, 85, 86, 87, 88, 89, 90, 91, 92, 93, 94, 95, 96, 97, 98, 99]
post-shuffle:[23, 8, 11, 7, 48, 13, 1, 91, 94, 54, 16, 63, 52, 41, 80, 2, 47, 87, 78, 66, 19, 6, 24, 10, 59, 30, 22, 29, 83, 37, 93, 81, 43, 99, 86, 28, 34, 88, 44, 14, 84, 70, 4, 20, 15, 21, 31, 76, 57, 67, 73, 50, 69, 25, 98, 46, 96, 0, 72, 35, 58, 92, 3, 95, 56, 90, 26, 40, 55, 89, 75, 71, 60, 42, 9, 82, 39, 18, 77, 68, 32, 79, 12, 85, 36, 17, 64, 27, 74, 45, 61, 38, 51, 62, 65, 33, 5, 53, 97, 49]
=============================================
Files already downloaded and verified
Loading sup1k from pretrained/vit_base_patch16_224_augreg2_in21k_ft_in1k.bin ...
Total params: 86105956
Tune params: 307300
Tune ratio: 0.36
Prompt params: 230400
Prompt ratio: 0.27
Total parameters: 86105956
====================== 1 =======================
Incremental class: Old valid output dimension: 0
Incremental class: New Valid output dimension: 10
Optimizer is reset!
Total params: 86105956
Tune params: 307300
Tune ratio: 0.36
Prompt params: 230400
Prompt ratio: 0.27
----------
Initial training...
Optimizer is reset!
Total params: 86105956
Tune params: 307300
Tune ratio: 0.36
Prompt params: 230400
Prompt ratio: 0.27
[DEBUG] v1_config = {'lambda_pk': 0.0005, 'lambda_pv': 0.015, 'lambda_feat': 0.0, 'freq_threshold': 0.01, 'max_feature_memories': 0, 'route_balance_weight': 0.0002, 'route_prior_weight': 0.0001, 'route_prior_momentum': 0.7, 'use_split_lite': True, 'split_lite_components': ('e_pv',), 'split_lite_rank': 4, 'split_lite_alpha': 0.2, 'split_lite_interval': 20, 'split_lite_buffer_size': 24, 'split_lite_expert_threshold': 0.03, 'split_lite_min_task': 1, 'split_lite_basis_decay': 0.7, 'temperature': 1.0, 'key_temperature': 2.0, 'enable_diagnostic_log': False, 'diagnostic_log_interval': 50}
************************************
* STARTING TRIAL 1
************************************
=============================================
Shuffling....
pre-shuffle:[0, 1, 2, 3, 4, 5, 6, 7, 8, 9, 10, 11, 12, 13, 14, 15, 16, 17, 18, 19, 20, 21, 22, 23, 24, 25, 26, 27, 28, 29, 30, 31, 32, 33, 34, 35, 36, 37, 38, 39, 40, 41, 42, 43, 44, 45, 46, 47, 48, 49, 50, 51, 52, 53, 54, 55, 56, 57, 58, 59, 60, 61, 62, 63, 64, 65, 66, 67, 68, 69, 70, 71, 72, 73, 74, 75, 76, 77, 78, 79, 80, 81, 82, 83, 84, 85, 86, 87, 88, 89, 90, 91, 92, 93, 94, 95, 96, 97, 98, 99]
post-shuffle:[23, 8, 11, 7, 48, 13, 1, 91, 94, 54, 16, 63, 52, 41, 80, 2, 47, 87, 78, 66, 19, 6, 24, 10, 59, 30, 22, 29, 83, 37, 93, 81, 43, 99, 86, 28, 34, 88, 44, 14, 84, 70, 4, 20, 15, 21, 31, 76, 57, 67, 73, 50, 69, 25, 98, 46, 96, 0, 72, 35, 58, 92, 3, 95, 56, 90, 26, 40, 55, 89, 75, 71, 60, 42, 9, 82, 39, 18, 77, 68, 32, 79, 12, 85, 36, 17, 64, 27, 74, 45, 61, 38, 51, 62, 65, 33, 5, 53, 97, 49]
=============================================
Files already downloaded and verified
Loading sup1k from pretrained/vit_base_patch16_224_augreg2_in21k_ft_in1k.bin ...
Total params: 86105956
Tune params: 307300
Tune ratio: 0.36
Prompt params: 230400
Prompt ratio: 0.27
Total parameters: 86105956
====================== 1 =======================
Incremental class: Old valid output dimension: 0
Incremental class: New Valid output dimension: 10
Optimizer is reset!
Total params: 86105956
Tune params: 307300
Tune ratio: 0.36
Prompt params: 230400
Prompt ratio: 0.27
----------
Initial training...
Optimizer is reset!
Total params: 86105956
Tune params: 307300
Tune ratio: 0.36
Prompt params: 230400
Prompt ratio: 0.27
[DEBUG] v1_config = {'lambda_pk': 0.0005, 'lambda_pv': 0.015, 'lambda_feat': 0.0, 'freq_threshold': 0.01, 'max_feature_memories': 0, 'route_balance_weight': 0.0002, 'route_prior_weight': 0.0001, 'route_prior_momentum': 0.7, 'use_split_lite': True, 'split_lite_components': ('e_pv',), 'split_lite_rank': 4, 'split_lite_alpha': 0.2, 'split_lite_interval': 20, 'split_lite_buffer_size': 24, 'split_lite_expert_threshold': 0.03, 'split_lite_min_task': 1, 'split_lite_basis_decay': 0.7, 'temperature': 1.0, 'key_temperature': 2.0, 'enable_diagnostic_log': False, 'diagnostic_log_interval': 50}
Epoch:1/10  * Loss 2.145 | Train Acc 28.425
Epoch:2/10  * Loss 2.112 | Train Acc 30.709
Epoch:3/10  * Loss 0.696 | Train Acc 78.606
Epoch:4/10  * Loss 0.266 | Train Acc 92.228
Epoch:5/10  * Loss 0.213 | Train Acc 93.329
Epoch:6/10  * Loss 0.173 | Train Acc 94.491
Epoch:7/10  * Loss 0.185 | Train Acc 94.251
Epoch:8/10  * Loss 0.152 | Train Acc 95.272
Epoch:9/10  * Loss 0.155 | Train Acc 94.952
Epoch:10/10  * Loss 0.138 | Train Acc 95.493
Optimizer is reset!
Total params: 86105956
Tune params: 307300
Tune ratio: 0.36
Prompt params: 230400
Prompt ratio: 0.27
Epoch:1/20  * Loss 0.256 | Train Acc 93.009
Epoch:2/20  * Loss 0.223 | Train Acc 93.690
Epoch:3/20  * Loss 0.260 | Train Acc 92.448
Epoch:4/20  * Loss 0.204 | Train Acc 93.810
Epoch:5/20  * Loss 0.176 | Train Acc 95.012
Epoch:6/20  * Loss 0.162 | Train Acc 95.092
Epoch:7/20  * Loss 0.160 | Train Acc 94.992
Epoch:8/20  * Loss 0.149 | Train Acc 95.212
Epoch:9/20  * Loss 0.164 | Train Acc 95.052
Epoch:10/20  * Loss 0.147 | Train Acc 95.693
Epoch:11/20  * Loss 0.143 | Train Acc 95.773
Epoch:12/20  * Loss 0.140 | Train Acc 95.713
Epoch:13/20  * Loss 0.127 | Train Acc 95.933
Epoch:14/20  * Loss 0.122 | Train Acc 96.294
Epoch:15/20  * Loss 0.125 | Train Acc 96.314
Epoch:16/20  * Loss 0.119 | Train Acc 96.595
Epoch:17/20  * Loss 0.120 | Train Acc 96.334
Epoch:18/20  * Loss 0.106 | Train Acc 96.534
Epoch:19/20  * Loss 0.117 | Train Acc 96.795
Epoch:20/20  * Loss 0.110 | Train Acc 96.815
----------
Selecting Experts...
----------
[v3] Saved e_pk snapshot: 1800 params
[v3] Saved e_pv snapshot: 1800 params
[v4-split-lite] Task 0 basis updated: {'e_pv': {'0': 4, '2': 4, '3': 4, '4': 4, '5': 4, '6': 4, '7': 4, '8': 4, '9': 4, '10': 4, '11': 4, '12': 4, '13': 4, '14': 4, '15': 4, '17': 4, '18': 4, '19': 4, '21': 4, '22': 4, '23': 4, '24': 4}}
[v3] Task 0 memory saved. Total old memories: 1
=> Saving class model to: outputs/cifar-100/10-task/exp1-max5-alpha02-mintask1/models/repeat-1/task-1/
=> Save Done
validation split name (local False): 1
 * Val Acc 98.700, Total time 8.39
Averaged accuracy for task 1: 98.7
====================== 2 =======================
Incremental class: Old valid output dimension: 10
Incremental class: New Valid output dimension: 20
Saving old prompts
Optimizer is reset!
Total params: 86105956
Tune params: 307300
Tune ratio: 0.36
Prompt params: 230400
Prompt ratio: 0.27
Epoch:1/20  * Loss 1.507 | Train Acc 59.856
Epoch:2/20  * Loss 1.463 | Train Acc 61.999
Epoch:3/20  * Loss 0.531 | Train Acc 84.535
Epoch:4/20  * Loss 0.336 | Train Acc 90.004
Epoch:5/20  * Loss 0.308 | Train Acc 89.623
Epoch:6/20  * Loss 0.264 | Train Acc 90.905
Epoch:7/20  * Loss 0.274 | Train Acc 90.565
Epoch:8/20  * Loss 0.239 | Train Acc 91.346
Epoch:9/20  * Loss 0.244 | Train Acc 91.406
Epoch:10/20  * Loss 0.225 | Train Acc 91.847
Epoch:11/20  * Loss 0.218 | Train Acc 92.228
Epoch:12/20  * Loss 0.231 | Train Acc 91.987
Epoch:13/20  * Loss 0.231 | Train Acc 91.867
Epoch:14/20  * Loss 0.213 | Train Acc 92.648
Epoch:15/20  * Loss 0.221 | Train Acc 92.548
Epoch:16/20  * Loss 0.221 | Train Acc 92.608
Epoch:17/20  * Loss 0.212 | Train Acc 92.508
Epoch:18/20  * Loss 0.197 | Train Acc 93.229
Epoch:19/20  * Loss 0.198 | Train Acc 93.009
Epoch:20/20  * Loss 0.188 | Train Acc 93.369
----------
Selecting Experts...
----------
[v3] Saved e_pk snapshot: 1800 params
[v3] Saved e_pv snapshot: 1800 params
[v4-split-lite] Task 1 basis updated: {'e_pv': {'0': 4, '1': 4, '2': 4, '3': 4, '4': 4, '5': 4, '6': 4, '7': 4, '8': 4, '9': 4, '10': 4, '11': 4, '12': 4, '13': 4, '14': 4, '15': 4, '17': 4, '18': 4, '19': 4, '21': 4, '22': 4, '23': 4, '24': 4}}
[v3] Task 1 memory saved. Total old memories: 2
Averaged stats: Lr: 0.000010  Loss: 0.0494  Acc@1: 98.4375 (98.3594)  Acc@5: 100.0000 (100.0000)
Averaged stats: Lr: 0.000010  Loss: 0.0593  Acc@1: 98.4375 (98.2812)  Acc@5: 100.0000 (100.0000)
Averaged stats: Lr: 0.000010  Loss: 0.0622  Acc@1: 99.2188 (98.7500)  Acc@5: 100.0000 (100.0000)
Averaged stats: Lr: 0.000010  Loss: 0.0525  Acc@1: 97.6562 (98.4375)  Acc@5: 100.0000 (100.0000)
Averaged stats: Lr: 0.000010  Loss: 0.0256  Acc@1: 98.4375 (98.7500)  Acc@5: 100.0000 (100.0000)
Averaged stats: Lr: 0.000010  Loss: 0.0600  Acc@1: 99.2188 (99.0625)  Acc@5: 100.0000 (100.0000)
Averaged stats: Lr: 0.000010  Loss: 0.0619  Acc@1: 99.2188 (98.7500)  Acc@5: 100.0000 (100.0000)
Averaged stats: Lr: 0.000009  Loss: 0.0486  Acc@1: 98.4375 (98.9062)  Acc@5: 100.0000 (100.0000)
Averaged stats: Lr: 0.000009  Loss: 0.0457  Acc@1: 98.4375 (98.5938)  Acc@5: 100.0000 (100.0000)
Averaged stats: Lr: 0.000009  Loss: 0.0405  Acc@1: 98.4375 (98.7500)  Acc@5: 100.0000 (100.0000)
Averaged stats: Lr: 0.000009  Loss: 0.0379  Acc@1: 99.2188 (98.9844)  Acc@5: 100.0000 (100.0000)
Averaged stats: Lr: 0.000009  Loss: 0.0206  Acc@1: 99.2188 (99.2969)  Acc@5: 100.0000 (100.0000)
Averaged stats: Lr: 0.000009  Loss: 0.0174  Acc@1: 98.4375 (98.8281)  Acc@5: 100.0000 (100.0000)
Averaged stats: Lr: 0.000008  Loss: 0.0451  Acc@1: 98.4375 (98.7500)  Acc@5: 100.0000 (100.0000)
Averaged stats: Lr: 0.000008  Loss: 0.0285  Acc@1: 99.2188 (98.5938)  Acc@5: 100.0000 (100.0000)
Averaged stats: Lr: 0.000008  Loss: 0.0438  Acc@1: 99.2188 (99.0625)  Acc@5: 100.0000 (100.0000)
Averaged stats: Lr: 0.000008  Loss: 0.0334  Acc@1: 100.0000 (99.5312)  Acc@5: 100.0000 (100.0000)
Averaged stats: Lr: 0.000007  Loss: 0.0383  Acc@1: 99.2188 (99.5312)  Acc@5: 100.0000 (100.0000)
Averaged stats: Lr: 0.000007  Loss: 0.0264  Acc@1: 99.2188 (99.0625)  Acc@5: 100.0000 (100.0000)
Averaged stats: Lr: 0.000007  Loss: 0.0473  Acc@1: 98.4375 (98.6719)  Acc@5: 100.0000 (100.0000)
Averaged stats: Lr: 0.000007  Loss: 0.0318  Acc@1: 99.2188 (99.2188)  Acc@5: 100.0000 (100.0000)
Averaged stats: Lr: 0.000006  Loss: 0.0518  Acc@1: 99.2188 (99.2188)  Acc@5: 100.0000 (100.0000)
Averaged stats: Lr: 0.000006  Loss: 0.0364  Acc@1: 98.4375 (98.9844)  Acc@5: 100.0000 (100.0000)
Averaged stats: Lr: 0.000006  Loss: 0.0208  Acc@1: 98.4375 (98.8281)  Acc@5: 100.0000 (100.0000)
Averaged stats: Lr: 0.000006  Loss: 0.0230  Acc@1: 98.4375 (98.7500)  Acc@5: 100.0000 (100.0000)
Averaged stats: Lr: 0.000005  Loss: 0.0283  Acc@1: 99.2188 (99.0625)  Acc@5: 100.0000 (100.0000)
Averaged stats: Lr: 0.000005  Loss: 0.0590  Acc@1: 98.4375 (98.6719)  Acc@5: 100.0000 (100.0000)
Averaged stats: Lr: 0.000005  Loss: 0.0230  Acc@1: 99.2188 (99.1406)  Acc@5: 100.0000 (100.0000)
Averaged stats: Lr: 0.000004  Loss: 0.0196  Acc@1: 99.2188 (99.2188)  Acc@5: 100.0000 (100.0000)
Averaged stats: Lr: 0.000004  Loss: 0.0505  Acc@1: 99.2188 (99.2188)  Acc@5: 100.0000 (100.0000)
Averaged stats: Lr: 0.000004  Loss: 0.0687  Acc@1: 98.4375 (98.9062)  Acc@5: 100.0000 (100.0000)
Averaged stats: Lr: 0.000004  Loss: 0.0372  Acc@1: 99.2188 (99.0625)  Acc@5: 100.0000 (100.0000)
Averaged stats: Lr: 0.000003  Loss: 0.0354  Acc@1: 99.2188 (99.3750)  Acc@5: 100.0000 (100.0000)
Averaged stats: Lr: 0.000003  Loss: 0.0562  Acc@1: 99.2188 (98.9844)  Acc@5: 100.0000 (100.0000)
Averaged stats: Lr: 0.000003  Loss: 0.0245  Acc@1: 99.2188 (98.9844)  Acc@5: 100.0000 (100.0000)
Averaged stats: Lr: 0.000003  Loss: 0.0273  Acc@1: 99.2188 (99.5312)  Acc@5: 100.0000 (100.0000)
Averaged stats: Lr: 0.000002  Loss: 0.0159  Acc@1: 99.2188 (99.5312)  Acc@5: 100.0000 (100.0000)
Averaged stats: Lr: 0.000002  Loss: 0.0401  Acc@1: 99.2188 (98.8281)  Acc@5: 100.0000 (100.0000)
Averaged stats: Lr: 0.000002  Loss: 0.0383  Acc@1: 99.2188 (99.2969)  Acc@5: 100.0000 (100.0000)
Averaged stats: Lr: 0.000002  Loss: 0.0302  Acc@1: 98.4375 (98.9062)  Acc@5: 100.0000 (100.0000)
Averaged stats: Lr: 0.000002  Loss: 0.0309  Acc@1: 98.4375 (98.3594)  Acc@5: 100.0000 (100.0000)
Averaged stats: Lr: 0.000002  Loss: 0.0245  Acc@1: 99.2188 (98.7500)  Acc@5: 100.0000 (100.0000)
Averaged stats: Lr: 0.000001  Loss: 0.0229  Acc@1: 99.2188 (99.1406)  Acc@5: 100.0000 (100.0000)
Averaged stats: Lr: 0.000001  Loss: 0.0232  Acc@1: 99.2188 (99.1406)  Acc@5: 100.0000 (100.0000)
Averaged stats: Lr: 0.000001  Loss: 0.0307  Acc@1: 99.2188 (98.9844)  Acc@5: 100.0000 (100.0000)
Averaged stats: Lr: 0.000001  Loss: 0.0121  Acc@1: 99.2188 (99.2188)  Acc@5: 100.0000 (100.0000)
Averaged stats: Lr: 0.000001  Loss: 0.0481  Acc@1: 99.2188 (99.6094)  Acc@5: 100.0000 (100.0000)
Averaged stats: Lr: 0.000001  Loss: 0.0583  Acc@1: 98.4375 (98.8281)  Acc@5: 100.0000 (100.0000)
Averaged stats: Lr: 0.000001  Loss: 0.0298  Acc@1: 99.2188 (99.2188)  Acc@5: 100.0000 (100.0000)
Averaged stats: Lr: 0.000001  Loss: 0.0468  Acc@1: 99.2188 (99.2188)  Acc@5: 100.0000 (100.0000)
=> Saving class model to: outputs/cifar-100/10-task/exp1-max5-alpha02-mintask1/models/repeat-1/task-2/
=> Save Done
validation split name (local False): 1
 * Val Acc 97.100, Total time 7.81
validation split name (local False): 2
 * Val Acc 92.100, Total time 7.61
Averaged accuracy for task 2: 94.6
====================== 3 =======================
Incremental class: Old valid output dimension: 20
Incremental class: New Valid output dimension: 30
Saving old prompts
Optimizer is reset!
Total params: 86105956
Tune params: 307300
Tune ratio: 0.36
Prompt params: 230400
Prompt ratio: 0.27
Epoch:1/20  * Loss 1.393 | Train Acc 70.012
Epoch:2/20  * Loss 1.361 | Train Acc 71.214
Epoch:3/20  * Loss 0.397 | Train Acc 90.525
Epoch:4/20  * Loss 0.227 | Train Acc 94.030
Epoch:5/20  * Loss 0.203 | Train Acc 94.631
Epoch:6/20  * Loss 0.170 | Train Acc 94.892
Epoch:7/20  * Loss 0.158 | Train Acc 95.232
Epoch:8/20  * Loss 0.159 | Train Acc 95.172
Epoch:9/20  * Loss 0.149 | Train Acc 95.232
Epoch:10/20  * Loss 0.128 | Train Acc 96.274
Epoch:11/20  * Loss 0.135 | Train Acc 95.994
Epoch:12/20  * Loss 0.149 | Train Acc 95.513
Epoch:13/20  * Loss 0.133 | Train Acc 96.114
Epoch:14/20  * Loss 0.143 | Train Acc 96.114
Epoch:15/20  * Loss 0.138 | Train Acc 96.074
Epoch:16/20  * Loss 0.124 | Train Acc 96.294
Epoch:17/20  * Loss 0.127 | Train Acc 96.554
Epoch:18/20  * Loss 0.125 | Train Acc 96.194
Epoch:19/20  * Loss 0.120 | Train Acc 96.494
Epoch:20/20  * Loss 0.120 | Train Acc 96.434
----------
Selecting Experts...
----------
[v3] Saved e_pk snapshot: 1800 params
[v3] Saved e_pv snapshot: 1800 params
[v4-split-lite] Task 2 basis updated: {'e_pv': {'0': 4, '1': 4, '2': 4, '3': 4, '4': 4, '5': 4, '6': 4, '7': 4, '8': 4, '9': 4, '10': 4, '11': 4, '12': 4, '13': 4, '14': 4, '15': 4, '16': 4, '17': 4, '18': 4, '19': 4, '21': 4, '22': 4, '23': 4, '24': 4}}
[v3] Task 2 memory saved. Total old memories: 3
Averaged stats: Lr: 0.000010  Loss: 0.0727  Acc@1: 96.8750 (96.8750)  Acc@5: 100.0000 (100.0000)
Averaged stats: Lr: 0.000010  Loss: 0.0719  Acc@1: 97.6562 (97.5391)  Acc@5: 100.0000 (100.0000)
Averaged stats: Lr: 0.000010  Loss: 0.0814  Acc@1: 97.6562 (97.6172)  Acc@5: 100.0000 (100.0000)
Averaged stats: Lr: 0.000010  Loss: 0.0700  Acc@1: 96.8750 (96.9531)  Acc@5: 100.0000 (100.0000)
Averaged stats: Lr: 0.000010  Loss: 0.0393  Acc@1: 96.8750 (97.6562)  Acc@5: 100.0000 (100.0000)
Averaged stats: Lr: 0.000010  Loss: 0.0394  Acc@1: 97.6562 (97.8125)  Acc@5: 100.0000 (100.0000)
Averaged stats: Lr: 0.000010  Loss: 0.0464  Acc@1: 98.4375 (98.2812)  Acc@5: 100.0000 (100.0000)
Averaged stats: Lr: 0.000009  Loss: 0.0550  Acc@1: 98.4375 (98.5547)  Acc@5: 100.0000 (100.0000)
Averaged stats: Lr: 0.000009  Loss: 0.0414  Acc@1: 97.6562 (97.9688)  Acc@5: 100.0000 (100.0000)
Averaged stats: Lr: 0.000009  Loss: 0.0474  Acc@1: 98.4375 (98.6328)  Acc@5: 100.0000 (100.0000)
Averaged stats: Lr: 0.000009  Loss: 0.0618  Acc@1: 98.4375 (98.4375)  Acc@5: 100.0000 (100.0000)
Averaged stats: Lr: 0.000009  Loss: 0.0520  Acc@1: 98.4375 (98.8281)  Acc@5: 100.0000 (100.0000)
Averaged stats: Lr: 0.000009  Loss: 0.0836  Acc@1: 98.4375 (98.6719)  Acc@5: 100.0000 (100.0000)
Averaged stats: Lr: 0.000008  Loss: 0.0295  Acc@1: 99.2188 (99.0234)  Acc@5: 100.0000 (100.0000)
Averaged stats: Lr: 0.000008  Loss: 0.0446  Acc@1: 98.4375 (98.7891)  Acc@5: 100.0000 (100.0000)
Averaged stats: Lr: 0.000008  Loss: 0.0417  Acc@1: 99.2188 (98.9844)  Acc@5: 100.0000 (100.0000)
Averaged stats: Lr: 0.000008  Loss: 0.0359  Acc@1: 99.2188 (99.0625)  Acc@5: 100.0000 (100.0000)
Averaged stats: Lr: 0.000007  Loss: 0.0266  Acc@1: 99.2188 (98.8281)  Acc@5: 100.0000 (100.0000)
Averaged stats: Lr: 0.000007  Loss: 0.0520  Acc@1: 99.2188 (98.9062)  Acc@5: 100.0000 (100.0000)
Averaged stats: Lr: 0.000007  Loss: 0.0286  Acc@1: 99.2188 (99.0234)  Acc@5: 100.0000 (100.0000)
Averaged stats: Lr: 0.000007  Loss: 0.0568  Acc@1: 99.2188 (99.2188)  Acc@5: 100.0000 (100.0000)
Averaged stats: Lr: 0.000006  Loss: 0.0594  Acc@1: 99.2188 (98.6719)  Acc@5: 100.0000 (100.0000)
Averaged stats: Lr: 0.000006  Loss: 0.0435  Acc@1: 99.2188 (99.4141)  Acc@5: 100.0000 (100.0000)
Averaged stats: Lr: 0.000006  Loss: 0.0552  Acc@1: 99.2188 (99.2188)  Acc@5: 100.0000 (100.0000)
Averaged stats: Lr: 0.000006  Loss: 0.0516  Acc@1: 99.2188 (98.9844)  Acc@5: 100.0000 (100.0000)
Averaged stats: Lr: 0.000005  Loss: 0.0248  Acc@1: 99.2188 (99.0625)  Acc@5: 100.0000 (100.0000)
Averaged stats: Lr: 0.000005  Loss: 0.0259  Acc@1: 98.4375 (98.7109)  Acc@5: 100.0000 (100.0000)
Averaged stats: Lr: 0.000005  Loss: 0.0379  Acc@1: 99.2188 (99.1797)  Acc@5: 100.0000 (100.0000)
Averaged stats: Lr: 0.000004  Loss: 0.0617  Acc@1: 99.2188 (99.1016)  Acc@5: 100.0000 (100.0000)
Averaged stats: Lr: 0.000004  Loss: 0.0336  Acc@1: 99.2188 (99.1406)  Acc@5: 100.0000 (100.0000)
Averaged stats: Lr: 0.000004  Loss: 0.0634  Acc@1: 99.2188 (99.1797)  Acc@5: 100.0000 (100.0000)
Averaged stats: Lr: 0.000004  Loss: 0.0270  Acc@1: 99.2188 (99.1797)  Acc@5: 100.0000 (100.0000)
Averaged stats: Lr: 0.000003  Loss: 0.0300  Acc@1: 99.2188 (99.3750)  Acc@5: 100.0000 (100.0000)
Averaged stats: Lr: 0.000003  Loss: 0.0558  Acc@1: 99.2188 (99.2578)  Acc@5: 100.0000 (100.0000)
Averaged stats: Lr: 0.000003  Loss: 0.0478  Acc@1: 99.2188 (99.1797)  Acc@5: 100.0000 (100.0000)
Averaged stats: Lr: 0.000003  Loss: 0.0539  Acc@1: 99.2188 (99.0234)  Acc@5: 100.0000 (100.0000)
Averaged stats: Lr: 0.000002  Loss: 0.0241  Acc@1: 99.2188 (99.4141)  Acc@5: 100.0000 (100.0000)
Averaged stats: Lr: 0.000002  Loss: 0.0274  Acc@1: 99.2188 (99.3359)  Acc@5: 100.0000 (100.0000)
Averaged stats: Lr: 0.000002  Loss: 0.0215  Acc@1: 99.2188 (99.1797)  Acc@5: 100.0000 (100.0000)
Averaged stats: Lr: 0.000002  Loss: 0.0212  Acc@1: 99.2188 (98.9844)  Acc@5: 100.0000 (100.0000)
Averaged stats: Lr: 0.000002  Loss: 0.0106  Acc@1: 99.2188 (99.2578)  Acc@5: 100.0000 (100.0000)
Averaged stats: Lr: 0.000002  Loss: 0.0469  Acc@1: 98.4375 (98.9062)  Acc@5: 100.0000 (100.0000)
Averaged stats: Lr: 0.000001  Loss: 0.0417  Acc@1: 99.2188 (99.1797)  Acc@5: 100.0000 (100.0000)
Averaged stats: Lr: 0.000001  Loss: 0.0587  Acc@1: 99.2188 (99.2578)  Acc@5: 100.0000 (100.0000)
Averaged stats: Lr: 0.000001  Loss: 0.0280  Acc@1: 99.2188 (99.4141)  Acc@5: 100.0000 (100.0000)
Averaged stats: Lr: 0.000001  Loss: 0.0265  Acc@1: 99.2188 (99.1797)  Acc@5: 100.0000 (100.0000)
Averaged stats: Lr: 0.000001  Loss: 0.0388  Acc@1: 99.2188 (99.1016)  Acc@5: 100.0000 (100.0000)
Averaged stats: Lr: 0.000001  Loss: 0.0440  Acc@1: 99.2188 (99.1797)  Acc@5: 100.0000 (100.0000)
Averaged stats: Lr: 0.000001  Loss: 0.0421  Acc@1: 99.2188 (99.0625)  Acc@5: 100.0000 (100.0000)
Averaged stats: Lr: 0.000001  Loss: 0.0232  Acc@1: 99.2188 (99.2578)  Acc@5: 100.0000 (100.0000)
=> Saving class model to: outputs/cifar-100/10-task/exp1-max5-alpha02-mintask1/models/repeat-1/task-3/
=> Save Done
validation split name (local False): 1
 * Val Acc 95.500, Total time 7.47
validation split name (local False): 2
 * Val Acc 89.700, Total time 7.38
validation split name (local False): 3
 * Val Acc 94.500, Total time 7.41
Averaged accuracy for task 3: 93.23333333333333
====================== 4 =======================
Incremental class: Old valid output dimension: 30
Incremental class: New Valid output dimension: 40
Saving old prompts
Optimizer is reset!
Total params: 86105956
Tune params: 307300
Tune ratio: 0.36
Prompt params: 230400
Prompt ratio: 0.27
Epoch:1/20  * Loss 1.306 | Train Acc 70.833
Epoch:2/20  * Loss 1.265 | Train Acc 73.017
Epoch:3/20  * Loss 0.428 | Train Acc 89.904
Epoch:4/20  * Loss 0.242 | Train Acc 93.309
Epoch:5/20  * Loss 0.218 | Train Acc 93.490
Epoch:6/20  * Loss 0.219 | Train Acc 93.530
Epoch:7/20  * Loss 0.195 | Train Acc 94.531
Epoch:8/20  * Loss 0.193 | Train Acc 94.251
Epoch:9/20  * Loss 0.177 | Train Acc 94.712
Epoch:10/20  * Loss 0.173 | Train Acc 94.892
Epoch:11/20  * Loss 0.167 | Train Acc 94.872
Epoch:12/20  * Loss 0.182 | Train Acc 94.431
Epoch:13/20  * Loss 0.172 | Train Acc 94.792
Epoch:14/20  * Loss 0.172 | Train Acc 94.772
Epoch:15/20  * Loss 0.148 | Train Acc 95.733
Epoch:16/20  * Loss 0.167 | Train Acc 94.551
Epoch:17/20  * Loss 0.146 | Train Acc 95.753
Epoch:18/20  * Loss 0.146 | Train Acc 95.312
Epoch:19/20  * Loss 0.155 | Train Acc 95.132
Epoch:20/20  * Loss 0.158 | Train Acc 95.292
----------
Selecting Experts...
----------
[v3] Saved e_pk snapshot: 1800 params
[v3] Saved e_pv snapshot: 1800 params
[v4-split-lite] Task 3 basis updated: {'e_pv': {'0': 4, '1': 4, '2': 4, '3': 4, '4': 4, '5': 4, '6': 4, '7': 4, '8': 4, '9': 4, '10': 4, '11': 4, '12': 4, '13': 4, '14': 4, '15': 4, '16': 4, '17': 4, '18': 4, '19': 4, '21': 4, '22': 4, '23': 4, '24': 4}}
[v3] Task 3 memory saved. Total old memories: 4
Averaged stats: Lr: 0.000010  Loss: 0.0358  Acc@1: 100.0000 (99.5573)  Acc@5: 100.0000 (100.0000)
Averaged stats: Lr: 0.000010  Loss: 0.0476  Acc@1: 100.0000 (99.4271)  Acc@5: 100.0000 (100.0000)
Averaged stats: Lr: 0.000010  Loss: 0.0305  Acc@1: 100.0000 (99.5052)  Acc@5: 100.0000 (100.0000)
Averaged stats: Lr: 0.000010  Loss: 0.0391  Acc@1: 100.0000 (99.6615)  Acc@5: 100.0000 (100.0000)
Averaged stats: Lr: 0.000010  Loss: 0.0314  Acc@1: 99.2188 (99.4010)  Acc@5: 100.0000 (100.0000)
Averaged stats: Lr: 0.000010  Loss: 0.0234  Acc@1: 99.2188 (99.5052)  Acc@5: 100.0000 (100.0000)
Averaged stats: Lr: 0.000010  Loss: 0.0267  Acc@1: 100.0000 (99.6615)  Acc@5: 100.0000 (100.0000)
Averaged stats: Lr: 0.000009  Loss: 0.0206  Acc@1: 100.0000 (99.6094)  Acc@5: 100.0000 (100.0000)
Averaged stats: Lr: 0.000009  Loss: 0.0207  Acc@1: 100.0000 (99.6875)  Acc@5: 100.0000 (100.0000)
Averaged stats: Lr: 0.000009  Loss: 0.0301  Acc@1: 100.0000 (99.5052)  Acc@5: 100.0000 (100.0000)
Averaged stats: Lr: 0.000009  Loss: 0.0242  Acc@1: 100.0000 (99.6615)  Acc@5: 100.0000 (100.0000)
Averaged stats: Lr: 0.000009  Loss: 0.0164  Acc@1: 100.0000 (99.6094)  Acc@5: 100.0000 (100.0000)
Averaged stats: Lr: 0.000009  Loss: 0.0356  Acc@1: 100.0000 (99.6875)  Acc@5: 100.0000 (100.0000)
Averaged stats: Lr: 0.000008  Loss: 0.0340  Acc@1: 100.0000 (99.7135)  Acc@5: 100.0000 (100.0000)
Averaged stats: Lr: 0.000008  Loss: 0.0144  Acc@1: 100.0000 (99.4271)  Acc@5: 100.0000 (100.0000)
Averaged stats: Lr: 0.000008  Loss: 0.0305  Acc@1: 100.0000 (99.5312)  Acc@5: 100.0000 (100.0000)
Averaged stats: Lr: 0.000008  Loss: 0.0304  Acc@1: 100.0000 (99.7396)  Acc@5: 100.0000 (100.0000)
Averaged stats: Lr: 0.000007  Loss: 0.0257  Acc@1: 100.0000 (99.7917)  Acc@5: 100.0000 (100.0000)
Averaged stats: Lr: 0.000007  Loss: 0.0306  Acc@1: 100.0000 (99.6615)  Acc@5: 100.0000 (100.0000)
Averaged stats: Lr: 0.000007  Loss: 0.0110  Acc@1: 100.0000 (99.6354)  Acc@5: 100.0000 (100.0000)
Averaged stats: Lr: 0.000007  Loss: 0.0369  Acc@1: 100.0000 (99.5573)  Acc@5: 100.0000 (100.0000)
Averaged stats: Lr: 0.000006  Loss: 0.0187  Acc@1: 99.2188 (99.5052)  Acc@5: 100.0000 (100.0000)
Averaged stats: Lr: 0.000006  Loss: 0.0299  Acc@1: 100.0000 (99.8177)  Acc@5: 100.0000 (100.0000)
Averaged stats: Lr: 0.000006  Loss: 0.0222  Acc@1: 100.0000 (99.6875)  Acc@5: 100.0000 (100.0000)
Averaged stats: Lr: 0.000006  Loss: 0.0228  Acc@1: 100.0000 (99.7135)  Acc@5: 100.0000 (100.0000)
Averaged stats: Lr: 0.000005  Loss: 0.0267  Acc@1: 100.0000 (99.6094)  Acc@5: 100.0000 (100.0000)
Averaged stats: Lr: 0.000005  Loss: 0.0261  Acc@1: 100.0000 (99.5573)  Acc@5: 100.0000 (100.0000)
Averaged stats: Lr: 0.000005  Loss: 0.0241  Acc@1: 100.0000 (99.6615)  Acc@5: 100.0000 (100.0000)
Averaged stats: Lr: 0.000004  Loss: 0.0185  Acc@1: 100.0000 (99.6094)  Acc@5: 100.0000 (100.0000)
Averaged stats: Lr: 0.000004  Loss: 0.0200  Acc@1: 100.0000 (99.6094)  Acc@5: 100.0000 (100.0000)
Averaged stats: Lr: 0.000004  Loss: 0.0265  Acc@1: 100.0000 (99.8958)  Acc@5: 100.0000 (100.0000)
Averaged stats: Lr: 0.000004  Loss: 0.0178  Acc@1: 100.0000 (99.7135)  Acc@5: 100.0000 (100.0000)
Averaged stats: Lr: 0.000003  Loss: 0.0403  Acc@1: 100.0000 (99.6875)  Acc@5: 100.0000 (100.0000)
Averaged stats: Lr: 0.000003  Loss: 0.0127  Acc@1: 100.0000 (99.6354)  Acc@5: 100.0000 (100.0000)
Averaged stats: Lr: 0.000003  Loss: 0.0232  Acc@1: 100.0000 (99.6094)  Acc@5: 100.0000 (100.0000)
Averaged stats: Lr: 0.000003  Loss: 0.0301  Acc@1: 99.2188 (99.4271)  Acc@5: 100.0000 (100.0000)
Averaged stats: Lr: 0.000002  Loss: 0.0173  Acc@1: 100.0000 (99.6615)  Acc@5: 100.0000 (100.0000)
Averaged stats: Lr: 0.000002  Loss: 0.0163  Acc@1: 100.0000 (99.6354)  Acc@5: 100.0000 (100.0000)
Averaged stats: Lr: 0.000002  Loss: 0.0194  Acc@1: 100.0000 (99.7135)  Acc@5: 100.0000 (100.0000)
Averaged stats: Lr: 0.000002  Loss: 0.0236  Acc@1: 100.0000 (99.7135)  Acc@5: 100.0000 (100.0000)
Averaged stats: Lr: 0.000002  Loss: 0.0259  Acc@1: 100.0000 (99.5833)  Acc@5: 100.0000 (100.0000)
Averaged stats: Lr: 0.000002  Loss: 0.0089  Acc@1: 100.0000 (99.7135)  Acc@5: 100.0000 (100.0000)
Averaged stats: Lr: 0.000001  Loss: 0.0264  Acc@1: 100.0000 (99.7135)  Acc@5: 100.0000 (100.0000)
Averaged stats: Lr: 0.000001  Loss: 0.0250  Acc@1: 100.0000 (99.8177)  Acc@5: 100.0000 (100.0000)
Averaged stats: Lr: 0.000001  Loss: 0.0220  Acc@1: 100.0000 (99.6094)  Acc@5: 100.0000 (100.0000)
Averaged stats: Lr: 0.000001  Loss: 0.0263  Acc@1: 100.0000 (99.8177)  Acc@5: 100.0000 (100.0000)
Averaged stats: Lr: 0.000001  Loss: 0.0153  Acc@1: 100.0000 (99.6615)  Acc@5: 100.0000 (100.0000)
Averaged stats: Lr: 0.000001  Loss: 0.0241  Acc@1: 100.0000 (99.8177)  Acc@5: 100.0000 (100.0000)
Averaged stats: Lr: 0.000001  Loss: 0.0285  Acc@1: 100.0000 (99.6094)  Acc@5: 100.0000 (100.0000)
Averaged stats: Lr: 0.000001  Loss: 0.0151  Acc@1: 100.0000 (99.7135)  Acc@5: 100.0000 (100.0000)
=> Saving class model to: outputs/cifar-100/10-task/exp1-max5-alpha02-mintask1/models/repeat-1/task-4/
=> Save Done
validation split name (local False): 1
 * Val Acc 94.400, Total time 7.84
validation split name (local False): 2
 * Val Acc 89.100, Total time 7.50
validation split name (local False): 3
 * Val Acc 94.000, Total time 7.28
validation split name (local False): 4
 * Val Acc 95.000, Total time 7.53
Averaged accuracy for task 4: 93.125
====================== 5 =======================
Incremental class: Old valid output dimension: 40
Incremental class: New Valid output dimension: 50
Saving old prompts
Optimizer is reset!
Total params: 86105956
Tune params: 307300
Tune ratio: 0.36
Prompt params: 230400
Prompt ratio: 0.27
Epoch:1/20  * Loss 1.460 | Train Acc 61.879
Epoch:2/20  * Loss 1.432 | Train Acc 64.022
Epoch:3/20  * Loss 0.424 | Train Acc 88.742
Epoch:4/20  * Loss 0.260 | Train Acc 92.909
Epoch:5/20  * Loss 0.202 | Train Acc 93.990
Epoch:6/20  * Loss 0.198 | Train Acc 94.371
Epoch:7/20  * Loss 0.176 | Train Acc 94.692
Epoch:8/20  * Loss 0.175 | Train Acc 94.912
Epoch:9/20  * Loss 0.149 | Train Acc 95.252
Epoch:10/20  * Loss 0.154 | Train Acc 95.312
Epoch:11/20  * Loss 0.156 | Train Acc 95.312
Epoch:12/20  * Loss 0.149 | Train Acc 95.573
Epoch:13/20  * Loss 0.160 | Train Acc 94.992
Epoch:14/20  * Loss 0.155 | Train Acc 95.232
Epoch:15/20  * Loss 0.154 | Train Acc 95.453
Epoch:16/20  * Loss 0.149 | Train Acc 95.433
Epoch:17/20  * Loss 0.142 | Train Acc 95.453
Epoch:18/20  * Loss 0.139 | Train Acc 95.994
Epoch:19/20  * Loss 0.147 | Train Acc 95.593
Epoch:20/20  * Loss 0.141 | Train Acc 95.673
----------
Selecting Experts...
----------
[v3] Saved e_pk snapshot: 1800 params
[v3] Saved e_pv snapshot: 1800 params
[v4-split-lite] Task 4 basis updated: {'e_pv': {'0': 4, '1': 4, '2': 4, '3': 4, '4': 4, '5': 4, '6': 4, '7': 4, '8': 4, '9': 4, '10': 4, '11': 4, '12': 4, '13': 4, '14': 4, '15': 4, '16': 4, '17': 4, '18': 4, '19': 4, '21': 4, '22': 4, '23': 4, '24': 4}}
[v3] Task 4 memory saved. Total old memories: 5
Averaged stats: Lr: 0.000010  Loss: 0.0145  Acc@1: 100.0000 (99.6875)  Acc@5: 100.0000 (100.0000)
Averaged stats: Lr: 0.000010  Loss: 0.0143  Acc@1: 100.0000 (99.7852)  Acc@5: 100.0000 (100.0000)
Averaged stats: Lr: 0.000010  Loss: 0.0324  Acc@1: 100.0000 (99.8047)  Acc@5: 100.0000 (100.0000)
Averaged stats: Lr: 0.000010  Loss: 0.0208  Acc@1: 100.0000 (99.8047)  Acc@5: 100.0000 (100.0000)
Averaged stats: Lr: 0.000010  Loss: 0.0228  Acc@1: 100.0000 (99.8828)  Acc@5: 100.0000 (100.0000)
Averaged stats: Lr: 0.000010  Loss: 0.0075  Acc@1: 100.0000 (99.7852)  Acc@5: 100.0000 (100.0000)
Averaged stats: Lr: 0.000010  Loss: 0.0278  Acc@1: 100.0000 (99.8633)  Acc@5: 100.0000 (100.0000)
Averaged stats: Lr: 0.000009  Loss: 0.0190  Acc@1: 100.0000 (99.7852)  Acc@5: 100.0000 (100.0000)
Averaged stats: Lr: 0.000009  Loss: 0.0195  Acc@1: 100.0000 (99.9609)  Acc@5: 100.0000 (100.0000)
Averaged stats: Lr: 0.000009  Loss: 0.0259  Acc@1: 100.0000 (99.8242)  Acc@5: 100.0000 (100.0000)
Averaged stats: Lr: 0.000009  Loss: 0.0124  Acc@1: 100.0000 (99.8242)  Acc@5: 100.0000 (100.0000)
Averaged stats: Lr: 0.000009  Loss: 0.0176  Acc@1: 100.0000 (99.7656)  Acc@5: 100.0000 (100.0000)
Averaged stats: Lr: 0.000009  Loss: 0.0144  Acc@1: 100.0000 (99.7461)  Acc@5: 100.0000 (100.0000)
Averaged stats: Lr: 0.000008  Loss: 0.0124  Acc@1: 100.0000 (99.8438)  Acc@5: 100.0000 (100.0000)
Averaged stats: Lr: 0.000008  Loss: 0.0137  Acc@1: 100.0000 (99.8828)  Acc@5: 100.0000 (100.0000)
Averaged stats: Lr: 0.000008  Loss: 0.0197  Acc@1: 100.0000 (99.9023)  Acc@5: 100.0000 (100.0000)
Averaged stats: Lr: 0.000008  Loss: 0.0166  Acc@1: 100.0000 (99.7461)  Acc@5: 100.0000 (100.0000)
Averaged stats: Lr: 0.000007  Loss: 0.0076  Acc@1: 100.0000 (99.8242)  Acc@5: 100.0000 (100.0000)
Averaged stats: Lr: 0.000007  Loss: 0.0109  Acc@1: 100.0000 (99.8438)  Acc@5: 100.0000 (100.0000)
Averaged stats: Lr: 0.000007  Loss: 0.0171  Acc@1: 100.0000 (99.7656)  Acc@5: 100.0000 (100.0000)
Averaged stats: Lr: 0.000007  Loss: 0.0191  Acc@1: 100.0000 (99.9023)  Acc@5: 100.0000 (100.0000)
Averaged stats: Lr: 0.000006  Loss: 0.0127  Acc@1: 100.0000 (99.8633)  Acc@5: 100.0000 (100.0000)
Averaged stats: Lr: 0.000006  Loss: 0.0124  Acc@1: 100.0000 (99.8828)  Acc@5: 100.0000 (100.0000)
Averaged stats: Lr: 0.000006  Loss: 0.0176  Acc@1: 100.0000 (99.9414)  Acc@5: 100.0000 (100.0000)
Averaged stats: Lr: 0.000006  Loss: 0.0145  Acc@1: 100.0000 (99.8828)  Acc@5: 100.0000 (100.0000)
Averaged stats: Lr: 0.000005  Loss: 0.0068  Acc@1: 100.0000 (99.8633)  Acc@5: 100.0000 (100.0000)
Averaged stats: Lr: 0.000005  Loss: 0.0072  Acc@1: 100.0000 (99.8828)  Acc@5: 100.0000 (100.0000)
Averaged stats: Lr: 0.000005  Loss: 0.0198  Acc@1: 100.0000 (99.9219)  Acc@5: 100.0000 (100.0000)
Averaged stats: Lr: 0.000004  Loss: 0.0033  Acc@1: 100.0000 (99.8633)  Acc@5: 100.0000 (100.0000)
Averaged stats: Lr: 0.000004  Loss: 0.0101  Acc@1: 100.0000 (99.9414)  Acc@5: 100.0000 (100.0000)
Averaged stats: Lr: 0.000004  Loss: 0.0109  Acc@1: 100.0000 (99.8047)  Acc@5: 100.0000 (100.0000)
Averaged stats: Lr: 0.000004  Loss: 0.0123  Acc@1: 100.0000 (99.9414)  Acc@5: 100.0000 (100.0000)
Averaged stats: Lr: 0.000003  Loss: 0.0300  Acc@1: 100.0000 (99.8438)  Acc@5: 100.0000 (100.0000)
Averaged stats: Lr: 0.000003  Loss: 0.0075  Acc@1: 100.0000 (99.9414)  Acc@5: 100.0000 (100.0000)
Averaged stats: Lr: 0.000003  Loss: 0.0149  Acc@1: 100.0000 (99.8633)  Acc@5: 100.0000 (100.0000)
Averaged stats: Lr: 0.000003  Loss: 0.0077  Acc@1: 100.0000 (99.9023)  Acc@5: 100.0000 (100.0000)
Averaged stats: Lr: 0.000002  Loss: 0.0086  Acc@1: 100.0000 (99.9023)  Acc@5: 100.0000 (100.0000)
Averaged stats: Lr: 0.000002  Loss: 0.0052  Acc@1: 100.0000 (99.9219)  Acc@5: 100.0000 (100.0000)
Averaged stats: Lr: 0.000002  Loss: 0.0143  Acc@1: 100.0000 (99.8633)  Acc@5: 100.0000 (100.0000)
Averaged stats: Lr: 0.000002  Loss: 0.0080  Acc@1: 100.0000 (99.9609)  Acc@5: 100.0000 (100.0000)
Averaged stats: Lr: 0.000002  Loss: 0.0187  Acc@1: 100.0000 (99.8047)  Acc@5: 100.0000 (100.0000)
Averaged stats: Lr: 0.000002  Loss: 0.0329  Acc@1: 100.0000 (99.9023)  Acc@5: 100.0000 (100.0000)
Averaged stats: Lr: 0.000001  Loss: 0.0130  Acc@1: 100.0000 (99.8828)  Acc@5: 100.0000 (100.0000)
Averaged stats: Lr: 0.000001  Loss: 0.0202  Acc@1: 100.0000 (99.9219)  Acc@5: 100.0000 (100.0000)
Averaged stats: Lr: 0.000001  Loss: 0.0213  Acc@1: 100.0000 (99.9023)  Acc@5: 100.0000 (100.0000)
Averaged stats: Lr: 0.000001  Loss: 0.0103  Acc@1: 100.0000 (99.8242)  Acc@5: 100.0000 (100.0000)
Averaged stats: Lr: 0.000001  Loss: 0.0124  Acc@1: 100.0000 (99.9219)  Acc@5: 100.0000 (100.0000)
Averaged stats: Lr: 0.000001  Loss: 0.0055  Acc@1: 100.0000 (99.9023)  Acc@5: 100.0000 (100.0000)
Averaged stats: Lr: 0.000001  Loss: 0.0084  Acc@1: 100.0000 (99.8828)  Acc@5: 100.0000 (100.0000)
Averaged stats: Lr: 0.000001  Loss: 0.0272  Acc@1: 100.0000 (99.8633)  Acc@5: 100.0000 (100.0000)
=> Saving class model to: outputs/cifar-100/10-task/exp1-max5-alpha02-mintask1/models/repeat-1/task-5/
=> Save Done
validation split name (local False): 1
 * Val Acc 94.100, Total time 7.72
validation split name (local False): 2
 * Val Acc 88.100, Total time 7.46
validation split name (local False): 3
 * Val Acc 92.300, Total time 7.43
validation split name (local False): 4
 * Val Acc 94.700, Total time 7.38
validation split name (local False): 5
 * Val Acc 96.300, Total time 7.39
Averaged accuracy for task 5: 93.1
Loading sup1k from pretrained/vit_base_patch16_224_augreg2_in21k_ft_in1k.bin ...
Total params: 86105956
Tune params: 307300
Tune ratio: 0.36
Prompt params: 230400
Prompt ratio: 0.27
Incremental class: Old valid output dimension: 0
Incremental class: New Valid output dimension: 10
=> Load Done from outputs/cifar-100/10-task/exp1-max5-alpha02-mintask1/models/repeat-1/task-1/
validation split name (local False): 1
 * Val Acc 98.700, Total time 7.55
Averaged accuracy for task 1: 98.7
Saving old prompts
Incremental class: Old valid output dimension: 10
Incremental class: New Valid output dimension: 20
=> Load Done from outputs/cifar-100/10-task/exp1-max5-alpha02-mintask1/models/repeat-1/task-2/
validation split name (local False): 1
 * Val Acc 97.100, Total time 7.55
validation split name (local False): 2
 * Val Acc 92.100, Total time 7.86
Averaged accuracy for task 2: 94.6
Saving old prompts
Incremental class: Old valid output dimension: 20
Incremental class: New Valid output dimension: 30
=> Load Done from outputs/cifar-100/10-task/exp1-max5-alpha02-mintask1/models/repeat-1/task-3/
validation split name (local False): 1
 * Val Acc 95.500, Total time 7.10
validation split name (local False): 2
 * Val Acc 89.700, Total time 7.41
validation split name (local False): 3
 * Val Acc 94.500, Total time 7.68
Averaged accuracy for task 3: 93.23333333333333
Saving old prompts
Incremental class: Old valid output dimension: 30
Incremental class: New Valid output dimension: 40
=> Load Done from outputs/cifar-100/10-task/exp1-max5-alpha02-mintask1/models/repeat-1/task-4/
validation split name (local False): 1
 * Val Acc 94.400, Total time 7.35
validation split name (local False): 2
 * Val Acc 89.100, Total time 7.45
validation split name (local False): 3
 * Val Acc 94.000, Total time 7.50
validation split name (local False): 4
 * Val Acc 95.000, Total time 7.56
Averaged accuracy for task 4: 93.125
Saving old prompts
Incremental class: Old valid output dimension: 40
Incremental class: New Valid output dimension: 50
=> Load Done from outputs/cifar-100/10-task/exp1-max5-alpha02-mintask1/models/repeat-1/task-5/
validation split name (local False): 1
 * Val Acc 94.100, Total time 7.90
validation split name (local False): 2
 * Val Acc 88.100, Total time 7.65
validation split name (local False): 3
 * Val Acc 92.300, Total time 7.70
validation split name (local False): 4
 * Val Acc 94.700, Total time 7.81
validation split name (local False): 5
 * Val Acc 96.300, Total time 7.56
Averaged accuracy for task 5: 93.1
=== Total time: 4:14:22 ===
===Summary of experiment repeats: 1 / 1 ===
acc  | mean: 93.1 std: 0.0
time  | mean: 3.4910217202626743 std: 0.0
fr  | mean: 2.775000000000002 std: 0.0
FAA | mean: 93.1 std: 0.0
CAA | mean: 94.55166666666666 std: 0.0
FR | mean: 2.775000000000002 std: 0.0
